<html>
<body>
<pre>
<h1>µVision Build Log</h1>
<h2>Tool Versions:</h2>
IDE-Version: ¦ÌVision V5.38.0.0
Copyright (C) 2022 ARM Ltd and ARM Germany GmbH. All rights reserved.
License Information: Nights Administrator, Nights, LIC=9WSKC-7SQU2-TG47T-RRDUG-SP41I-GMZ5I
 
Tool Versions:
Toolchain:       MDK-ARM Plus  Version: 5.38.0.0
Toolchain Path:  D:\Keil_v5\ARM\ARMCLANG\Bin
C Compiler:      ArmClang.exe V6.19
Assembler:       Armasm.exe V6.19
Linker/Locator:  ArmLink.exe V6.19
Library Manager: ArmAr.exe V6.19
Hex Converter:   FromElf.exe V6.19
CPU DLL:         SARMCM3.DLL V5.38.0.0
Dialog DLL:      DCM.DLL V1.17.5.0
Target DLL:      STLink\ST-LINKIII-KEIL_SWO.dll V3.1.0.0
Dialog DLL:      TCM.DLL V1.56.4.0
 
<h2>Project:</h2>
I:\GitHub-young-nights\ota-upgrade-of-qi-charger-based-on-can\qi_wireless_bootloader\mdk_project\bootloader.uvprojx
Project File Date:  08/28/2026

<h2>Output:</h2>
*** Using Compiler 'V6.19', folder: 'D:\Keil_v5\ARM\ARMCLANG\Bin'
Build target 'Target 1'
compiling can_driver.c...
compiling at32f422_426_crc.c...
compiling at32f422_426_i2c.c...
compiling at32f422_426_ertc.c...
compiling at32f422_426_debug.c...
compiling at32f422_426_gpio.c...
compiling at32f422_426_cmp.c...
compiling at32f422_426_usart.c...
compiling at32f422_426_tmr.c...
compiling at32f422_426_can.c...
compiling at32f422_426_crm.c...
compiling at32f422_426_scfg.c...
compiling at32f422_426_pwc.c...
compiling at32f422_426_dma.c...
compiling at32f422_426_exint.c...
compiling at32f422_426_misc.c...
compiling at32f422_426_adc.c...
compiling at32f422_426_wdt.c...
compiling at32f422_426_spi.c...
compiling at32f422_426_wwdt.c...
compiling system_at32f422_426.c...
compiling at32f422_426_flash.c...
compiling at32f422_426_clock.c...
compiling at32f422_426_int.c...
compiling boot_jump.c...
compiling main.c...
compiling boot_metadata.c...
compiling boot_trial.c...
compiling boot_verify.c...
compiling nvm_drv.c...
compiling sha256.c...
compiling timer_drv.c...
compiling boot_safe_mode.c...
compiling sit1145.c...
compiling isotp.c...
compiling uECC.c...
linking...
Program Size: Code=19336 RO-data=788 RW-data=20 ZI-data=13924  
".\Objects\bootloader.axf" - 0 Error(s), 0 Warning(s).

<h2>Software Packages used:</h2>

Package Vendor: ArteryTek
                
                ArteryTek.AT32F422_426_DFP.2.0.1
                ArteryTek AT32F422_426 Series Device Support,Drivers

<h2>Collection of Component include folders:</h2>
  D:/Keil_v5/ARM/PACK/ArteryTek/AT32F422_426_DFP/2.0.1/Device/Include

<h2>Collection of Component Files used:</h2>
Build Time Elapsed:  00:00:02
</pre>
</body>
</html>
