<!doctype html public "-//w3c//dtd html 4.0 transitional//en">
<html><head>
<title>Static Call Graph - [.\Objects\bootloader.axf]</title></head>
<body><HR>
<H1>Static Call Graph for image .\Objects\bootloader.axf</H1><HR>
<BR><P>#&#060CALLGRAPH&#062# ARM Linker, 6190004: Last Updated: Thu Sep  3 21:22:50 2026
<BR><P>
<H3>Maximum Stack Usage =       2448 bytes + Unknown(Functions without stacksize, Cycles, Untraceable Function Pointers)</H3><H3>
Call chain for Maximum Stack Depth:</H3>
isotp_message_received &rArr; boot_verify_image &rArr; uECC_verify &rArr; point_mul &rArr; jp_add &rArr; jp_double &rArr; modmul
<P>
<H3>
Functions with no stack information
</H3><UL>
 <LI><a href="#[47]">__user_initial_stackheap</a>
</UL>
</UL>
<P>
<H3>
Mutually Recursive functions
</H3> <LI><a href="#[15]">ADC1_CMP_IRQHandler</a>&nbsp;&nbsp;&nbsp;&rArr;&nbsp;&nbsp;&nbsp;<a href="#[15]">ADC1_CMP_IRQHandler</a><BR>
</UL>
<P>
<H3>
Function Pointers
</H3><UL>
 <LI><a href="#[15]">ADC1_CMP_IRQHandler</a> from startup_at32f422_426.o(.text) referenced from startup_at32f422_426.o(RESET)
 <LI><a href="#[4]">BusFault_Handler</a> from at32f422_426_int.o(.text.BusFault_Handler) referenced from startup_at32f422_426.o(RESET)
 <LI><a href="#[29]">CAN1_ERR_IRQHandler</a> from at32f422_426_int.o(.text.CAN1_ERR_IRQHandler) referenced from startup_at32f422_426.o(RESET)
 <LI><a href="#[25]">CAN1_RX_IRQHandler</a> from at32f422_426_int.o(.text.CAN1_RX_IRQHandler) referenced from startup_at32f422_426.o(RESET)
 <LI><a href="#[28]">CAN1_STAT_IRQHandler</a> from startup_at32f422_426.o(.text) referenced from startup_at32f422_426.o(RESET)
 <LI><a href="#[24]">CAN1_TX_IRQHandler</a> from startup_at32f422_426.o(.text) referenced from startup_at32f422_426.o(RESET)
 <LI><a href="#[e]">CRM_IRQHandler</a> from startup_at32f422_426.o(.text) referenced from startup_at32f422_426.o(RESET)
 <LI><a href="#[12]">DMA1_Channel1_IRQHandler</a> from startup_at32f422_426.o(.text) referenced from startup_at32f422_426.o(RESET)
 <LI><a href="#[13]">DMA1_Channel3_2_IRQHandler</a> from startup_at32f422_426.o(.text) referenced from startup_at32f422_426.o(RESET)
 <LI><a href="#[14]">DMA1_Channel7_4_IRQHandler</a> from startup_at32f422_426.o(.text) referenced from startup_at32f422_426.o(RESET)
 <LI><a href="#[7]">DebugMon_Handler</a> from at32f422_426_int.o(.text.DebugMon_Handler) referenced from startup_at32f422_426.o(RESET)
 <LI><a href="#[c]">ERTC_IRQHandler</a> from startup_at32f422_426.o(.text) referenced from startup_at32f422_426.o(RESET)
 <LI><a href="#[11]">EXINT15_4_IRQHandler</a> from startup_at32f422_426.o(.text) referenced from startup_at32f422_426.o(RESET)
 <LI><a href="#[f]">EXINT1_0_IRQHandler</a> from startup_at32f422_426.o(.text) referenced from startup_at32f422_426.o(RESET)
 <LI><a href="#[10]">EXINT3_2_IRQHandler</a> from startup_at32f422_426.o(.text) referenced from startup_at32f422_426.o(RESET)
 <LI><a href="#[d]">FLASH_IRQHandler</a> from startup_at32f422_426.o(.text) referenced from startup_at32f422_426.o(RESET)
 <LI><a href="#[2a]">FPU_IRQHandler</a> from startup_at32f422_426.o(.text) referenced from startup_at32f422_426.o(RESET)
 <LI><a href="#[2]">HardFault_Handler</a> from at32f422_426_int.o(.text.HardFault_Handler) referenced from startup_at32f422_426.o(RESET)
 <LI><a href="#[26]">I2C1_ERR_IRQHandler</a> from startup_at32f422_426.o(.text) referenced from startup_at32f422_426.o(RESET)
 <LI><a href="#[1e]">I2C1_EVT_IRQHandler</a> from startup_at32f422_426.o(.text) referenced from startup_at32f422_426.o(RESET)
 <LI><a href="#[27]">I2C2_ERR_IRQHandler</a> from startup_at32f422_426.o(.text) referenced from startup_at32f422_426.o(RESET)
 <LI><a href="#[1f]">I2C2_EVT_IRQHandler</a> from startup_at32f422_426.o(.text) referenced from startup_at32f422_426.o(RESET)
 <LI><a href="#[3]">MemManage_Handler</a> from at32f422_426_int.o(.text.MemManage_Handler) referenced from startup_at32f422_426.o(RESET)
 <LI><a href="#[1]">NMI_Handler</a> from at32f422_426_int.o(.text.NMI_Handler) referenced from startup_at32f422_426.o(RESET)
 <LI><a href="#[b]">PVM_IRQHandler</a> from startup_at32f422_426.o(.text) referenced from startup_at32f422_426.o(RESET)
 <LI><a href="#[8]">PendSV_Handler</a> from at32f422_426_int.o(.text.PendSV_Handler) referenced from startup_at32f422_426.o(RESET)
 <LI><a href="#[0]">Reset_Handler</a> from startup_at32f422_426.o(.text) referenced from startup_at32f422_426.o(RESET)
 <LI><a href="#[20]">SPI1_IRQHandler</a> from startup_at32f422_426.o(.text) referenced from startup_at32f422_426.o(RESET)
 <LI><a href="#[21]">SPI2_IRQHandler</a> from startup_at32f422_426.o(.text) referenced from startup_at32f422_426.o(RESET)
 <LI><a href="#[6]">SVC_Handler</a> from at32f422_426_int.o(.text.SVC_Handler) referenced from startup_at32f422_426.o(RESET)
 <LI><a href="#[9]">SysTick_Handler</a> from at32f422_426_int.o(.text.SysTick_Handler) referenced from startup_at32f422_426.o(RESET)
 <LI><a href="#[2b]">SystemInit</a> from system_at32f422_426.o(.text.SystemInit) referenced from startup_at32f422_426.o(.text)
 <LI><a href="#[1b]">TMR15_GLOBAL_IRQHandler</a> from startup_at32f422_426.o(.text) referenced from startup_at32f422_426.o(RESET)
 <LI><a href="#[1c]">TMR16_GLOBAL_IRQHandler</a> from startup_at32f422_426.o(.text) referenced from startup_at32f422_426.o(RESET)
 <LI><a href="#[1d]">TMR17_GLOBAL_IRQHandler</a> from startup_at32f422_426.o(.text) referenced from startup_at32f422_426.o(RESET)
 <LI><a href="#[16]">TMR1_BRK_OVF_TRG_HALL_IRQHandler</a> from startup_at32f422_426.o(.text) referenced from startup_at32f422_426.o(RESET)
 <LI><a href="#[17]">TMR1_CH_IRQHandler</a> from startup_at32f422_426.o(.text) referenced from startup_at32f422_426.o(RESET)
 <LI><a href="#[18]">TMR3_GLOBAL_IRQHandler</a> from startup_at32f422_426.o(.text) referenced from startup_at32f422_426.o(RESET)
 <LI><a href="#[1a]">TMR4_GLOBAL_IRQHandler</a> from startup_at32f422_426.o(.text) referenced from startup_at32f422_426.o(RESET)
 <LI><a href="#[19]">TMR6_GLOBAL_IRQHandler</a> from startup_at32f422_426.o(.text) referenced from startup_at32f422_426.o(RESET)
 <LI><a href="#[22]">USART1_IRQHandler</a> from startup_at32f422_426.o(.text) referenced from startup_at32f422_426.o(RESET)
 <LI><a href="#[23]">USART2_IRQHandler</a> from startup_at32f422_426.o(.text) referenced from startup_at32f422_426.o(RESET)
 <LI><a href="#[5]">UsageFault_Handler</a> from at32f422_426_int.o(.text.UsageFault_Handler) referenced from startup_at32f422_426.o(RESET)
 <LI><a href="#[a]">WWDT_IRQHandler</a> from startup_at32f422_426.o(.text) referenced from startup_at32f422_426.o(RESET)
 <LI><a href="#[2c]">__main</a> from __main.o(!!!main) referenced from startup_at32f422_426.o(.text)
 <LI><a href="#[2e]">isotp_message_received</a> from boot_safe_mode.o(.text.isotp_message_received) referenced 2 times from boot_safe_mode.o(.text.enter_safe_mode)
 <LI><a href="#[2d]">safe_mode_can_rx_handler</a> from boot_safe_mode.o(.text.safe_mode_can_rx_handler) referenced 2 times from boot_safe_mode.o(.text.enter_safe_mode)
 <LI><a href="#[2f]">safe_mode_long_op_pump</a> from boot_safe_mode.o(.text.safe_mode_long_op_pump) referenced 2 times from boot_safe_mode.o(.text.enter_safe_mode)
 <LI><a href="#[2f]">safe_mode_long_op_pump</a> from boot_safe_mode.o(.text.safe_mode_long_op_pump) referenced 2 times from boot_safe_mode.o(.text.isotp_message_received)
</UL>
<P>
<H3>
Global Symbols
</H3>
<P><STRONG><a name="[2c]"></a>__main</STRONG> (Thumb, 8 bytes, Stack size 0 bytes, __main.o(!!!main))
<BR><BR>[Calls]<UL><LI><a href="#[31]">&gt;&gt;</a>&nbsp;&nbsp;&nbsp;__rt_entry
<LI><a href="#[30]">&gt;&gt;</a>&nbsp;&nbsp;&nbsp;__scatterload
</UL>
<BR>[Address Reference Count : 1]<UL><LI> startup_at32f422_426.o(.text)
</UL>
<P><STRONG><a name="[30]"></a>__scatterload</STRONG> (Thumb, 0 bytes, Stack size unknown bytes, __scatter.o(!!!scatter))
<BR><BR>[Called By]<UL><LI><a href="#[2c]">&gt;&gt;</a>&nbsp;&nbsp;&nbsp;__main
</UL>

<P><STRONG><a name="[32]"></a>__scatterload_rt2</STRONG> (Thumb, 44 bytes, Stack size unknown bytes, __scatter.o(!!!scatter), UNUSED)
<BR><BR>[Calls]<UL><LI><a href="#[31]">&gt;&gt;</a>&nbsp;&nbsp;&nbsp;__rt_entry
</UL>

<P><STRONG><a name="[ba]"></a>__scatterload_rt2_thumb_only</STRONG> (Thumb, 0 bytes, Stack size unknown bytes, __scatter.o(!!!scatter), UNUSED)

<P><STRONG><a name="[bb]"></a>__scatterload_null</STRONG> (Thumb, 0 bytes, Stack size unknown bytes, __scatter.o(!!!scatter), UNUSED)

<P><STRONG><a name="[33]"></a>__scatterload_copy</STRONG> (Thumb, 26 bytes, Stack size unknown bytes, __scatter_copy.o(!!handler_copy), UNUSED)
<BR><BR>[Calls]<UL><LI><a href="#[33]">&gt;&gt;</a>&nbsp;&nbsp;&nbsp;__scatterload_copy
</UL>
<BR>[Called By]<UL><LI><a href="#[33]">&gt;&gt;</a>&nbsp;&nbsp;&nbsp;__scatterload_copy
</UL>

<P><STRONG><a name="[bc]"></a>__scatterload_zeroinit</STRONG> (Thumb, 28 bytes, Stack size unknown bytes, __scatter_zi.o(!!handler_zi), UNUSED)

<P><STRONG><a name="[39]"></a>__rt_lib_init</STRONG> (Thumb, 0 bytes, Stack size unknown bytes, libinit.o(.ARM.Collect$$libinit$$00000000))
<BR><BR>[Called By]<UL><LI><a href="#[38]">&gt;&gt;</a>&nbsp;&nbsp;&nbsp;__rt_entry_li
</UL>

<P><STRONG><a name="[34]"></a>__rt_lib_init_fp_1</STRONG> (Thumb, 0 bytes, Stack size unknown bytes, libinit2.o(.ARM.Collect$$libinit$$00000001))
<BR><BR>[Calls]<UL><LI><a href="#[35]">&gt;&gt;</a>&nbsp;&nbsp;&nbsp;_fp_init
</UL>

<P><STRONG><a name="[bd]"></a>__rt_lib_init_alloca_1</STRONG> (Thumb, 0 bytes, Stack size unknown bytes, libinit2.o(.ARM.Collect$$libinit$$00000030))

<P><STRONG><a name="[be]"></a>__rt_lib_init_argv_1</STRONG> (Thumb, 0 bytes, Stack size unknown bytes, libinit2.o(.ARM.Collect$$libinit$$0000002E))

<P><STRONG><a name="[bf]"></a>__rt_lib_init_atexit_1</STRONG> (Thumb, 0 bytes, Stack size unknown bytes, libinit2.o(.ARM.Collect$$libinit$$0000001D))

<P><STRONG><a name="[c0]"></a>__rt_lib_init_clock_1</STRONG> (Thumb, 0 bytes, Stack size unknown bytes, libinit2.o(.ARM.Collect$$libinit$$00000023))

<P><STRONG><a name="[c1]"></a>__rt_lib_init_cpp_1</STRONG> (Thumb, 0 bytes, Stack size unknown bytes, libinit2.o(.ARM.Collect$$libinit$$00000034))

<P><STRONG><a name="[c2]"></a>__rt_lib_init_exceptions_1</STRONG> (Thumb, 0 bytes, Stack size unknown bytes, libinit2.o(.ARM.Collect$$libinit$$00000032))

<P><STRONG><a name="[c3]"></a>__rt_lib_init_fp_trap_1</STRONG> (Thumb, 0 bytes, Stack size unknown bytes, libinit2.o(.ARM.Collect$$libinit$$00000021))

<P><STRONG><a name="[c4]"></a>__rt_lib_init_getenv_1</STRONG> (Thumb, 0 bytes, Stack size unknown bytes, libinit2.o(.ARM.Collect$$libinit$$00000025))

<P><STRONG><a name="[c5]"></a>__rt_lib_init_heap_1</STRONG> (Thumb, 0 bytes, Stack size unknown bytes, libinit2.o(.ARM.Collect$$libinit$$0000000C))

<P><STRONG><a name="[c6]"></a>__rt_lib_init_lc_collate_1</STRONG> (Thumb, 0 bytes, Stack size unknown bytes, libinit2.o(.ARM.Collect$$libinit$$00000013))

<P><STRONG><a name="[c7]"></a>__rt_lib_init_lc_ctype_1</STRONG> (Thumb, 0 bytes, Stack size unknown bytes, libinit2.o(.ARM.Collect$$libinit$$00000015))

<P><STRONG><a name="[c8]"></a>__rt_lib_init_lc_monetary_1</STRONG> (Thumb, 0 bytes, Stack size unknown bytes, libinit2.o(.ARM.Collect$$libinit$$00000017))

<P><STRONG><a name="[c9]"></a>__rt_lib_init_lc_numeric_1</STRONG> (Thumb, 0 bytes, Stack size unknown bytes, libinit2.o(.ARM.Collect$$libinit$$00000019))

<P><STRONG><a name="[ca]"></a>__rt_lib_init_lc_time_1</STRONG> (Thumb, 0 bytes, Stack size unknown bytes, libinit2.o(.ARM.Collect$$libinit$$0000001B))

<P><STRONG><a name="[cb]"></a>__rt_lib_init_preinit_1</STRONG> (Thumb, 0 bytes, Stack size unknown bytes, libinit2.o(.ARM.Collect$$libinit$$00000006))

<P><STRONG><a name="[cc]"></a>__rt_lib_init_rand_1</STRONG> (Thumb, 0 bytes, Stack size unknown bytes, libinit2.o(.ARM.Collect$$libinit$$00000010))

<P><STRONG><a name="[cd]"></a>__rt_lib_init_relocate_pie_1</STRONG> (Thumb, 0 bytes, Stack size unknown bytes, libinit2.o(.ARM.Collect$$libinit$$00000004))

<P><STRONG><a name="[ce]"></a>__rt_lib_init_return</STRONG> (Thumb, 0 bytes, Stack size unknown bytes, libinit2.o(.ARM.Collect$$libinit$$00000035))

<P><STRONG><a name="[cf]"></a>__rt_lib_init_signal_1</STRONG> (Thumb, 0 bytes, Stack size unknown bytes, libinit2.o(.ARM.Collect$$libinit$$0000001F))

<P><STRONG><a name="[d0]"></a>__rt_lib_init_stdio_1</STRONG> (Thumb, 0 bytes, Stack size unknown bytes, libinit2.o(.ARM.Collect$$libinit$$00000027))

<P><STRONG><a name="[d1]"></a>__rt_lib_init_user_alloc_1</STRONG> (Thumb, 0 bytes, Stack size unknown bytes, libinit2.o(.ARM.Collect$$libinit$$0000000E))

<P><STRONG><a name="[3e]"></a>__rt_lib_shutdown</STRONG> (Thumb, 0 bytes, Stack size unknown bytes, libshutdown.o(.ARM.Collect$$libshutdown$$00000000))
<BR><BR>[Called By]<UL><LI><a href="#[3d]">&gt;&gt;</a>&nbsp;&nbsp;&nbsp;__rt_exit_ls
</UL>

<P><STRONG><a name="[d2]"></a>__rt_lib_shutdown_cpp_1</STRONG> (Thumb, 0 bytes, Stack size unknown bytes, libshutdown2.o(.ARM.Collect$$libshutdown$$00000002))

<P><STRONG><a name="[d3]"></a>__rt_lib_shutdown_fp_trap_1</STRONG> (Thumb, 0 bytes, Stack size unknown bytes, libshutdown2.o(.ARM.Collect$$libshutdown$$00000007))

<P><STRONG><a name="[d4]"></a>__rt_lib_shutdown_heap_1</STRONG> (Thumb, 0 bytes, Stack size unknown bytes, libshutdown2.o(.ARM.Collect$$libshutdown$$0000000F))

<P><STRONG><a name="[d5]"></a>__rt_lib_shutdown_return</STRONG> (Thumb, 0 bytes, Stack size unknown bytes, libshutdown2.o(.ARM.Collect$$libshutdown$$00000010))

<P><STRONG><a name="[d6]"></a>__rt_lib_shutdown_signal_1</STRONG> (Thumb, 0 bytes, Stack size unknown bytes, libshutdown2.o(.ARM.Collect$$libshutdown$$0000000A))

<P><STRONG><a name="[d7]"></a>__rt_lib_shutdown_stdio_1</STRONG> (Thumb, 0 bytes, Stack size unknown bytes, libshutdown2.o(.ARM.Collect$$libshutdown$$00000004))

<P><STRONG><a name="[d8]"></a>__rt_lib_shutdown_user_alloc_1</STRONG> (Thumb, 0 bytes, Stack size unknown bytes, libshutdown2.o(.ARM.Collect$$libshutdown$$0000000C))

<P><STRONG><a name="[31]"></a>__rt_entry</STRONG> (Thumb, 0 bytes, Stack size unknown bytes, __rtentry.o(.ARM.Collect$$rtentry$$00000000))
<BR><BR>[Called By]<UL><LI><a href="#[2c]">&gt;&gt;</a>&nbsp;&nbsp;&nbsp;__main
<LI><a href="#[32]">&gt;&gt;</a>&nbsp;&nbsp;&nbsp;__scatterload_rt2
</UL>

<P><STRONG><a name="[d9]"></a>__rt_entry_presh_1</STRONG> (Thumb, 0 bytes, Stack size unknown bytes, __rtentry2.o(.ARM.Collect$$rtentry$$00000002))

<P><STRONG><a name="[36]"></a>__rt_entry_sh</STRONG> (Thumb, 0 bytes, Stack size unknown bytes, __rtentry4.o(.ARM.Collect$$rtentry$$00000004))
<BR><BR>[Stack]<UL><LI>Max Depth = 8 + Unknown Stack Size
<LI>Call Chain = __rt_entry_sh &rArr; __user_setup_stackheap
</UL>
<BR>[Calls]<UL><LI><a href="#[37]">&gt;&gt;</a>&nbsp;&nbsp;&nbsp;__user_setup_stackheap
</UL>

<P><STRONG><a name="[38]"></a>__rt_entry_li</STRONG> (Thumb, 0 bytes, Stack size unknown bytes, __rtentry2.o(.ARM.Collect$$rtentry$$0000000A))
<BR><BR>[Calls]<UL><LI><a href="#[39]">&gt;&gt;</a>&nbsp;&nbsp;&nbsp;__rt_lib_init
</UL>

<P><STRONG><a name="[da]"></a>__rt_entry_postsh_1</STRONG> (Thumb, 0 bytes, Stack size unknown bytes, __rtentry2.o(.ARM.Collect$$rtentry$$00000009))

<P><STRONG><a name="[3a]"></a>__rt_entry_main</STRONG> (Thumb, 0 bytes, Stack size unknown bytes, __rtentry2.o(.ARM.Collect$$rtentry$$0000000D))
<BR><BR>[Stack]<UL><LI>Max Depth = 2392 + Unknown Stack Size
<LI>Call Chain = __rt_entry_main &rArr; main &rArr; try_boot_slot &rArr; boot_verify_image &rArr; uECC_verify &rArr; point_mul &rArr; jp_add &rArr; jp_double &rArr; modmul
</UL>
<BR>[Calls]<UL><LI><a href="#[3c]">&gt;&gt;</a>&nbsp;&nbsp;&nbsp;exit
<LI><a href="#[3b]">&gt;&gt;</a>&nbsp;&nbsp;&nbsp;main
</UL>

<P><STRONG><a name="[db]"></a>__rt_entry_postli_1</STRONG> (Thumb, 0 bytes, Stack size unknown bytes, __rtentry2.o(.ARM.Collect$$rtentry$$0000000C))

<P><STRONG><a name="[48]"></a>__rt_exit</STRONG> (Thumb, 0 bytes, Stack size unknown bytes, rtexit.o(.ARM.Collect$$rtexit$$00000000))
<BR><BR>[Called By]<UL><LI><a href="#[3c]">&gt;&gt;</a>&nbsp;&nbsp;&nbsp;exit
</UL>

<P><STRONG><a name="[3d]"></a>__rt_exit_ls</STRONG> (Thumb, 0 bytes, Stack size unknown bytes, rtexit2.o(.ARM.Collect$$rtexit$$00000003))
<BR><BR>[Calls]<UL><LI><a href="#[3e]">&gt;&gt;</a>&nbsp;&nbsp;&nbsp;__rt_lib_shutdown
</UL>

<P><STRONG><a name="[dc]"></a>__rt_exit_prels_1</STRONG> (Thumb, 0 bytes, Stack size unknown bytes, rtexit2.o(.ARM.Collect$$rtexit$$00000002))

<P><STRONG><a name="[3f]"></a>__rt_exit_exit</STRONG> (Thumb, 0 bytes, Stack size unknown bytes, rtexit2.o(.ARM.Collect$$rtexit$$00000004))
<BR><BR>[Calls]<UL><LI><a href="#[40]">&gt;&gt;</a>&nbsp;&nbsp;&nbsp;_sys_exit
</UL>

<P><STRONG><a name="[0]"></a>Reset_Handler</STRONG> (Thumb, 8 bytes, Stack size 0 bytes, startup_at32f422_426.o(.text))
<BR>[Address Reference Count : 1]<UL><LI> startup_at32f422_426.o(RESET)
</UL>
<P><STRONG><a name="[15]"></a>ADC1_CMP_IRQHandler</STRONG> (Thumb, 0 bytes, Stack size 0 bytes, startup_at32f422_426.o(.text))
<BR><BR>[Calls]<UL><LI><a href="#[15]">&gt;&gt;</a>&nbsp;&nbsp;&nbsp;ADC1_CMP_IRQHandler
</UL>
<BR>[Called By]<UL><LI><a href="#[15]">&gt;&gt;</a>&nbsp;&nbsp;&nbsp;ADC1_CMP_IRQHandler
</UL>
<BR>[Address Reference Count : 1]<UL><LI> startup_at32f422_426.o(RESET)
</UL>
<P><STRONG><a name="[28]"></a>CAN1_STAT_IRQHandler</STRONG> (Thumb, 0 bytes, Stack size 0 bytes, startup_at32f422_426.o(.text))
<BR>[Address Reference Count : 1]<UL><LI> startup_at32f422_426.o(RESET)
</UL>
<P><STRONG><a name="[24]"></a>CAN1_TX_IRQHandler</STRONG> (Thumb, 0 bytes, Stack size 0 bytes, startup_at32f422_426.o(.text))
<BR>[Address Reference Count : 1]<UL><LI> startup_at32f422_426.o(RESET)
</UL>
<P><STRONG><a name="[e]"></a>CRM_IRQHandler</STRONG> (Thumb, 0 bytes, Stack size 0 bytes, startup_at32f422_426.o(.text))
<BR>[Address Reference Count : 1]<UL><LI> startup_at32f422_426.o(RESET)
</UL>
<P><STRONG><a name="[12]"></a>DMA1_Channel1_IRQHandler</STRONG> (Thumb, 0 bytes, Stack size 0 bytes, startup_at32f422_426.o(.text))
<BR>[Address Reference Count : 1]<UL><LI> startup_at32f422_426.o(RESET)
</UL>
<P><STRONG><a name="[13]"></a>DMA1_Channel3_2_IRQHandler</STRONG> (Thumb, 0 bytes, Stack size 0 bytes, startup_at32f422_426.o(.text))
<BR>[Address Reference Count : 1]<UL><LI> startup_at32f422_426.o(RESET)
</UL>
<P><STRONG><a name="[14]"></a>DMA1_Channel7_4_IRQHandler</STRONG> (Thumb, 0 bytes, Stack size 0 bytes, startup_at32f422_426.o(.text))
<BR>[Address Reference Count : 1]<UL><LI> startup_at32f422_426.o(RESET)
</UL>
<P><STRONG><a name="[c]"></a>ERTC_IRQHandler</STRONG> (Thumb, 0 bytes, Stack size 0 bytes, startup_at32f422_426.o(.text))
<BR>[Address Reference Count : 1]<UL><LI> startup_at32f422_426.o(RESET)
</UL>
<P><STRONG><a name="[11]"></a>EXINT15_4_IRQHandler</STRONG> (Thumb, 0 bytes, Stack size 0 bytes, startup_at32f422_426.o(.text))
<BR>[Address Reference Count : 1]<UL><LI> startup_at32f422_426.o(RESET)
</UL>
<P><STRONG><a name="[f]"></a>EXINT1_0_IRQHandler</STRONG> (Thumb, 0 bytes, Stack size 0 bytes, startup_at32f422_426.o(.text))
<BR>[Address Reference Count : 1]<UL><LI> startup_at32f422_426.o(RESET)
</UL>
<P><STRONG><a name="[10]"></a>EXINT3_2_IRQHandler</STRONG> (Thumb, 0 bytes, Stack size 0 bytes, startup_at32f422_426.o(.text))
<BR>[Address Reference Count : 1]<UL><LI> startup_at32f422_426.o(RESET)
</UL>
<P><STRONG><a name="[d]"></a>FLASH_IRQHandler</STRONG> (Thumb, 0 bytes, Stack size 0 bytes, startup_at32f422_426.o(.text))
<BR>[Address Reference Count : 1]<UL><LI> startup_at32f422_426.o(RESET)
</UL>
<P><STRONG><a name="[2a]"></a>FPU_IRQHandler</STRONG> (Thumb, 0 bytes, Stack size 0 bytes, startup_at32f422_426.o(.text))
<BR>[Address Reference Count : 1]<UL><LI> startup_at32f422_426.o(RESET)
</UL>
<P><STRONG><a name="[26]"></a>I2C1_ERR_IRQHandler</STRONG> (Thumb, 0 bytes, Stack size 0 bytes, startup_at32f422_426.o(.text))
<BR>[Address Reference Count : 1]<UL><LI> startup_at32f422_426.o(RESET)
</UL>
<P><STRONG><a name="[1e]"></a>I2C1_EVT_IRQHandler</STRONG> (Thumb, 0 bytes, Stack size 0 bytes, startup_at32f422_426.o(.text))
<BR>[Address Reference Count : 1]<UL><LI> startup_at32f422_426.o(RESET)
</UL>
<P><STRONG><a name="[27]"></a>I2C2_ERR_IRQHandler</STRONG> (Thumb, 0 bytes, Stack size 0 bytes, startup_at32f422_426.o(.text))
<BR>[Address Reference Count : 1]<UL><LI> startup_at32f422_426.o(RESET)
</UL>
<P><STRONG><a name="[1f]"></a>I2C2_EVT_IRQHandler</STRONG> (Thumb, 0 bytes, Stack size 0 bytes, startup_at32f422_426.o(.text))
<BR>[Address Reference Count : 1]<UL><LI> startup_at32f422_426.o(RESET)
</UL>
<P><STRONG><a name="[b]"></a>PVM_IRQHandler</STRONG> (Thumb, 0 bytes, Stack size 0 bytes, startup_at32f422_426.o(.text))
<BR>[Address Reference Count : 1]<UL><LI> startup_at32f422_426.o(RESET)
</UL>
<P><STRONG><a name="[20]"></a>SPI1_IRQHandler</STRONG> (Thumb, 0 bytes, Stack size 0 bytes, startup_at32f422_426.o(.text))
<BR>[Address Reference Count : 1]<UL><LI> startup_at32f422_426.o(RESET)
</UL>
<P><STRONG><a name="[21]"></a>SPI2_IRQHandler</STRONG> (Thumb, 0 bytes, Stack size 0 bytes, startup_at32f422_426.o(.text))
<BR>[Address Reference Count : 1]<UL><LI> startup_at32f422_426.o(RESET)
</UL>
<P><STRONG><a name="[1b]"></a>TMR15_GLOBAL_IRQHandler</STRONG> (Thumb, 0 bytes, Stack size 0 bytes, startup_at32f422_426.o(.text))
<BR>[Address Reference Count : 1]<UL><LI> startup_at32f422_426.o(RESET)
</UL>
<P><STRONG><a name="[1c]"></a>TMR16_GLOBAL_IRQHandler</STRONG> (Thumb, 0 bytes, Stack size 0 bytes, startup_at32f422_426.o(.text))
<BR>[Address Reference Count : 1]<UL><LI> startup_at32f422_426.o(RESET)
</UL>
<P><STRONG><a name="[1d]"></a>TMR17_GLOBAL_IRQHandler</STRONG> (Thumb, 0 bytes, Stack size 0 bytes, startup_at32f422_426.o(.text))
<BR>[Address Reference Count : 1]<UL><LI> startup_at32f422_426.o(RESET)
</UL>
<P><STRONG><a name="[16]"></a>TMR1_BRK_OVF_TRG_HALL_IRQHandler</STRONG> (Thumb, 0 bytes, Stack size 0 bytes, startup_at32f422_426.o(.text))
<BR>[Address Reference Count : 1]<UL><LI> startup_at32f422_426.o(RESET)
</UL>
<P><STRONG><a name="[17]"></a>TMR1_CH_IRQHandler</STRONG> (Thumb, 0 bytes, Stack size 0 bytes, startup_at32f422_426.o(.text))
<BR>[Address Reference Count : 1]<UL><LI> startup_at32f422_426.o(RESET)
</UL>
<P><STRONG><a name="[18]"></a>TMR3_GLOBAL_IRQHandler</STRONG> (Thumb, 0 bytes, Stack size 0 bytes, startup_at32f422_426.o(.text))
<BR>[Address Reference Count : 1]<UL><LI> startup_at32f422_426.o(RESET)
</UL>
<P><STRONG><a name="[1a]"></a>TMR4_GLOBAL_IRQHandler</STRONG> (Thumb, 0 bytes, Stack size 0 bytes, startup_at32f422_426.o(.text))
<BR>[Address Reference Count : 1]<UL><LI> startup_at32f422_426.o(RESET)
</UL>
<P><STRONG><a name="[19]"></a>TMR6_GLOBAL_IRQHandler</STRONG> (Thumb, 0 bytes, Stack size 0 bytes, startup_at32f422_426.o(.text))
<BR>[Address Reference Count : 1]<UL><LI> startup_at32f422_426.o(RESET)
</UL>
<P><STRONG><a name="[22]"></a>USART1_IRQHandler</STRONG> (Thumb, 0 bytes, Stack size 0 bytes, startup_at32f422_426.o(.text))
<BR>[Address Reference Count : 1]<UL><LI> startup_at32f422_426.o(RESET)
</UL>
<P><STRONG><a name="[23]"></a>USART2_IRQHandler</STRONG> (Thumb, 0 bytes, Stack size 0 bytes, startup_at32f422_426.o(.text))
<BR>[Address Reference Count : 1]<UL><LI> startup_at32f422_426.o(RESET)
</UL>
<P><STRONG><a name="[a]"></a>WWDT_IRQHandler</STRONG> (Thumb, 0 bytes, Stack size 0 bytes, startup_at32f422_426.o(.text))
<BR>[Address Reference Count : 1]<UL><LI> startup_at32f422_426.o(RESET)
</UL>
<P><STRONG><a name="[47]"></a>__user_initial_stackheap</STRONG> (Thumb, 0 bytes, Stack size unknown bytes, startup_at32f422_426.o(.text))
<BR><BR>[Called By]<UL><LI><a href="#[37]">&gt;&gt;</a>&nbsp;&nbsp;&nbsp;__user_setup_stackheap
</UL>

<P><STRONG><a name="[b9]"></a>memcmp</STRONG> (Thumb, 88 bytes, Stack size 8 bytes, memcmp.o(.text))
<BR><BR>[Stack]<UL><LI>Max Depth = 8<LI>Call Chain = memcmp
</UL>
<BR>[Called By]<UL><LI><a href="#[5b]">&gt;&gt;</a>&nbsp;&nbsp;&nbsp;uECC_verify
</UL>

<P><STRONG><a name="[52]"></a>__aeabi_memcpy</STRONG> (Thumb, 0 bytes, Stack size 0 bytes, rt_memcpy_v6.o(.text))
<BR><BR>[Called By]<UL><LI><a href="#[59]">&gt;&gt;</a>&nbsp;&nbsp;&nbsp;sha256_update
<LI><a href="#[8e]">&gt;&gt;</a>&nbsp;&nbsp;&nbsp;sha256_hash
<LI><a href="#[88]">&gt;&gt;</a>&nbsp;&nbsp;&nbsp;isotp_tx_send
<LI><a href="#[51]">&gt;&gt;</a>&nbsp;&nbsp;&nbsp;boot_metadata_init
<LI><a href="#[71]">&gt;&gt;</a>&nbsp;&nbsp;&nbsp;can_driver_send
</UL>

<P><STRONG><a name="[41]"></a>__rt_memcpy</STRONG> (Thumb, 138 bytes, Stack size 0 bytes, rt_memcpy_v6.o(.text), UNUSED)
<BR><BR>[Calls]<UL><LI><a href="#[42]">&gt;&gt;</a>&nbsp;&nbsp;&nbsp;__aeabi_memcpy4
</UL>

<P><STRONG><a name="[dd]"></a>_memcpy_lastbytes</STRONG> (Thumb, 0 bytes, Stack size unknown bytes, rt_memcpy_v6.o(.text), UNUSED)

<P><STRONG><a name="[42]"></a>__aeabi_memcpy4</STRONG> (Thumb, 0 bytes, Stack size 8 bytes, rt_memcpy_w.o(.text))
<BR><BR>[Stack]<UL><LI>Max Depth = 8<LI>Call Chain = __aeabi_memcpy4
</UL>
<BR>[Called By]<UL><LI><a href="#[41]">&gt;&gt;</a>&nbsp;&nbsp;&nbsp;__rt_memcpy
<LI><a href="#[93]">&gt;&gt;</a>&nbsp;&nbsp;&nbsp;isotp_wait_cts
<LI><a href="#[95]">&gt;&gt;</a>&nbsp;&nbsp;&nbsp;jp_add
<LI><a href="#[9f]">&gt;&gt;</a>&nbsp;&nbsp;&nbsp;point_mul
</UL>

<P><STRONG><a name="[de]"></a>__aeabi_memcpy8</STRONG> (Thumb, 0 bytes, Stack size 8 bytes, rt_memcpy_w.o(.text), UNUSED)

<P><STRONG><a name="[df]"></a>__rt_memcpy_w</STRONG> (Thumb, 100 bytes, Stack size 8 bytes, rt_memcpy_w.o(.text), UNUSED)

<P><STRONG><a name="[e0]"></a>_memcpy_lastbytes_aligned</STRONG> (Thumb, 0 bytes, Stack size unknown bytes, rt_memcpy_w.o(.text), UNUSED)

<P><STRONG><a name="[43]"></a>__aeabi_memset</STRONG> (Thumb, 16 bytes, Stack size 0 bytes, aeabi_memset.o(.text))
<BR><BR>[Stack]<UL><LI>Max Depth = 4<LI>Call Chain = __aeabi_memset &rArr; _memset &rArr; _memset_w
</UL>
<BR>[Calls]<UL><LI><a href="#[44]">&gt;&gt;</a>&nbsp;&nbsp;&nbsp;_memset
</UL>
<BR>[Called By]<UL><LI><a href="#[88]">&gt;&gt;</a>&nbsp;&nbsp;&nbsp;isotp_tx_send
</UL>

<P><STRONG><a name="[54]"></a>__aeabi_memclr</STRONG> (Thumb, 0 bytes, Stack size unknown bytes, rt_memclr.o(.text))
<BR><BR>[Called By]<UL><LI><a href="#[5a]">&gt;&gt;</a>&nbsp;&nbsp;&nbsp;sha256_final
<LI><a href="#[51]">&gt;&gt;</a>&nbsp;&nbsp;&nbsp;boot_metadata_init
</UL>

<P><STRONG><a name="[e1]"></a>__rt_memclr</STRONG> (Thumb, 0 bytes, Stack size unknown bytes, rt_memclr.o(.text), UNUSED)

<P><STRONG><a name="[44]"></a>_memset</STRONG> (Thumb, 64 bytes, Stack size 0 bytes, rt_memclr.o(.text))
<BR><BR>[Stack]<UL><LI>Max Depth = 4<LI>Call Chain = _memset &rArr; _memset_w
</UL>
<BR>[Calls]<UL><LI><a href="#[45]">&gt;&gt;</a>&nbsp;&nbsp;&nbsp;_memset_w
</UL>
<BR>[Called By]<UL><LI><a href="#[43]">&gt;&gt;</a>&nbsp;&nbsp;&nbsp;__aeabi_memset
</UL>

<P><STRONG><a name="[8c]"></a>__aeabi_memclr4</STRONG> (Thumb, 0 bytes, Stack size unknown bytes, rt_memclr_w.o(.text))
<BR><BR>[Called By]<UL><LI><a href="#[97]">&gt;&gt;</a>&nbsp;&nbsp;&nbsp;jp_double
<LI><a href="#[95]">&gt;&gt;</a>&nbsp;&nbsp;&nbsp;jp_add
<LI><a href="#[9f]">&gt;&gt;</a>&nbsp;&nbsp;&nbsp;point_mul
<LI><a href="#[96]">&gt;&gt;</a>&nbsp;&nbsp;&nbsp;modmul
<LI><a href="#[2e]">&gt;&gt;</a>&nbsp;&nbsp;&nbsp;isotp_message_received
</UL>

<P><STRONG><a name="[e2]"></a>__aeabi_memclr8</STRONG> (Thumb, 0 bytes, Stack size unknown bytes, rt_memclr_w.o(.text), UNUSED)

<P><STRONG><a name="[e3]"></a>__rt_memclr_w</STRONG> (Thumb, 0 bytes, Stack size unknown bytes, rt_memclr_w.o(.text), UNUSED)

<P><STRONG><a name="[45]"></a>_memset_w</STRONG> (Thumb, 74 bytes, Stack size 4 bytes, rt_memclr_w.o(.text))
<BR><BR>[Stack]<UL><LI>Max Depth = 4<LI>Call Chain = _memset_w
</UL>
<BR>[Called By]<UL><LI><a href="#[44]">&gt;&gt;</a>&nbsp;&nbsp;&nbsp;_memset
</UL>

<P><STRONG><a name="[e4]"></a>__use_two_region_memory</STRONG> (Thumb, 2 bytes, Stack size 0 bytes, heapauxi.o(.text), UNUSED)

<P><STRONG><a name="[e5]"></a>__rt_heap_escrow$2region</STRONG> (Thumb, 2 bytes, Stack size 0 bytes, heapauxi.o(.text), UNUSED)

<P><STRONG><a name="[e6]"></a>__rt_heap_expand$2region</STRONG> (Thumb, 2 bytes, Stack size 0 bytes, heapauxi.o(.text), UNUSED)

<P><STRONG><a name="[37]"></a>__user_setup_stackheap</STRONG> (Thumb, 74 bytes, Stack size 8 bytes, sys_stackheap_outer.o(.text))
<BR><BR>[Stack]<UL><LI>Max Depth = 8 + Unknown Stack Size
<LI>Call Chain = __user_setup_stackheap
</UL>
<BR>[Calls]<UL><LI><a href="#[46]">&gt;&gt;</a>&nbsp;&nbsp;&nbsp;__user_perproc_libspace
<LI><a href="#[47]">&gt;&gt;</a>&nbsp;&nbsp;&nbsp;__user_initial_stackheap
</UL>
<BR>[Called By]<UL><LI><a href="#[36]">&gt;&gt;</a>&nbsp;&nbsp;&nbsp;__rt_entry_sh
</UL>

<P><STRONG><a name="[3c]"></a>exit</STRONG> (Thumb, 18 bytes, Stack size 8 bytes, exit.o(.text))
<BR><BR>[Stack]<UL><LI>Max Depth = 8 + Unknown Stack Size
<LI>Call Chain = exit
</UL>
<BR>[Calls]<UL><LI><a href="#[48]">&gt;&gt;</a>&nbsp;&nbsp;&nbsp;__rt_exit
</UL>
<BR>[Called By]<UL><LI><a href="#[3a]">&gt;&gt;</a>&nbsp;&nbsp;&nbsp;__rt_entry_main
</UL>

<P><STRONG><a name="[e7]"></a>__user_libspace</STRONG> (Thumb, 8 bytes, Stack size 0 bytes, libspace.o(.text), UNUSED)

<P><STRONG><a name="[46]"></a>__user_perproc_libspace</STRONG> (Thumb, 0 bytes, Stack size 0 bytes, libspace.o(.text))
<BR><BR>[Called By]<UL><LI><a href="#[37]">&gt;&gt;</a>&nbsp;&nbsp;&nbsp;__user_setup_stackheap
</UL>

<P><STRONG><a name="[e8]"></a>__user_perthread_libspace</STRONG> (Thumb, 0 bytes, Stack size 0 bytes, libspace.o(.text), UNUSED)

<P><STRONG><a name="[40]"></a>_sys_exit</STRONG> (Thumb, 8 bytes, Stack size 0 bytes, sys_exit.o(.text))
<BR><BR>[Called By]<UL><LI><a href="#[3f]">&gt;&gt;</a>&nbsp;&nbsp;&nbsp;__rt_exit_exit
</UL>

<P><STRONG><a name="[e9]"></a>__I$use$semihosting</STRONG> (Thumb, 0 bytes, Stack size 0 bytes, use_no_semi.o(.text), UNUSED)

<P><STRONG><a name="[ea]"></a>__use_no_semihosting_swi</STRONG> (Thumb, 2 bytes, Stack size 0 bytes, use_no_semi.o(.text), UNUSED)

<P><STRONG><a name="[eb]"></a>__semihosting_library_function</STRONG> (Thumb, 0 bytes, Stack size unknown bytes, indicate_semi.o(.text), UNUSED)

<P><STRONG><a name="[4]"></a>BusFault_Handler</STRONG> (Thumb, 4 bytes, Stack size 0 bytes, at32f422_426_int.o(.text.BusFault_Handler))
<BR><BR>[Calls]<UL><LI><a href="#[49]">&gt;&gt;</a>&nbsp;&nbsp;&nbsp;__NVIC_SystemReset
</UL>
<BR>[Address Reference Count : 1]<UL><LI> startup_at32f422_426.o(RESET)
</UL>
<P><STRONG><a name="[29]"></a>CAN1_ERR_IRQHandler</STRONG> (Thumb, 4 bytes, Stack size 0 bytes, at32f422_426_int.o(.text.CAN1_ERR_IRQHandler))
<BR><BR>[Stack]<UL><LI>Max Depth = 8<LI>Call Chain = CAN1_ERR_IRQHandler &rArr; can_driver_err_irq_handler
</UL>
<BR>[Calls]<UL><LI><a href="#[4a]">&gt;&gt;</a>&nbsp;&nbsp;&nbsp;can_driver_err_irq_handler
</UL>
<BR>[Address Reference Count : 1]<UL><LI> startup_at32f422_426.o(RESET)
</UL>
<P><STRONG><a name="[25]"></a>CAN1_RX_IRQHandler</STRONG> (Thumb, 4 bytes, Stack size 0 bytes, at32f422_426_int.o(.text.CAN1_RX_IRQHandler))
<BR><BR>[Stack]<UL><LI>Max Depth = 144<LI>Call Chain = CAN1_RX_IRQHandler &rArr; can_driver_rx_irq_handler &rArr; can_rxbuf_read
</UL>
<BR>[Calls]<UL><LI><a href="#[4b]">&gt;&gt;</a>&nbsp;&nbsp;&nbsp;can_driver_rx_irq_handler
</UL>
<BR>[Address Reference Count : 1]<UL><LI> startup_at32f422_426.o(RESET)
</UL>
<P><STRONG><a name="[7]"></a>DebugMon_Handler</STRONG> (Thumb, 2 bytes, Stack size 0 bytes, at32f422_426_int.o(.text.DebugMon_Handler))
<BR>[Address Reference Count : 1]<UL><LI> startup_at32f422_426.o(RESET)
</UL>
<P><STRONG><a name="[2]"></a>HardFault_Handler</STRONG> (Thumb, 4 bytes, Stack size 0 bytes, at32f422_426_int.o(.text.HardFault_Handler))
<BR><BR>[Calls]<UL><LI><a href="#[49]">&gt;&gt;</a>&nbsp;&nbsp;&nbsp;__NVIC_SystemReset
</UL>
<BR>[Address Reference Count : 1]<UL><LI> startup_at32f422_426.o(RESET)
</UL>
<P><STRONG><a name="[3]"></a>MemManage_Handler</STRONG> (Thumb, 4 bytes, Stack size 0 bytes, at32f422_426_int.o(.text.MemManage_Handler))
<BR><BR>[Calls]<UL><LI><a href="#[49]">&gt;&gt;</a>&nbsp;&nbsp;&nbsp;__NVIC_SystemReset
</UL>
<BR>[Address Reference Count : 1]<UL><LI> startup_at32f422_426.o(RESET)
</UL>
<P><STRONG><a name="[1]"></a>NMI_Handler</STRONG> (Thumb, 2 bytes, Stack size 0 bytes, at32f422_426_int.o(.text.NMI_Handler))
<BR>[Address Reference Count : 1]<UL><LI> startup_at32f422_426.o(RESET)
</UL>
<P><STRONG><a name="[8]"></a>PendSV_Handler</STRONG> (Thumb, 2 bytes, Stack size 0 bytes, at32f422_426_int.o(.text.PendSV_Handler))
<BR>[Address Reference Count : 1]<UL><LI> startup_at32f422_426.o(RESET)
</UL>
<P><STRONG><a name="[6]"></a>SVC_Handler</STRONG> (Thumb, 2 bytes, Stack size 0 bytes, at32f422_426_int.o(.text.SVC_Handler))
<BR>[Address Reference Count : 1]<UL><LI> startup_at32f422_426.o(RESET)
</UL>
<P><STRONG><a name="[9]"></a>SysTick_Handler</STRONG> (Thumb, 4 bytes, Stack size 0 bytes, at32f422_426_int.o(.text.SysTick_Handler))
<BR><BR>[Stack]<UL><LI>Max Depth = 8<LI>Call Chain = SysTick_Handler &rArr; timer_tick_inc
</UL>
<BR>[Calls]<UL><LI><a href="#[4c]">&gt;&gt;</a>&nbsp;&nbsp;&nbsp;timer_tick_inc
</UL>
<BR>[Address Reference Count : 1]<UL><LI> startup_at32f422_426.o(RESET)
</UL>
<P><STRONG><a name="[2b]"></a>SystemInit</STRONG> (Thumb, 106 bytes, Stack size 0 bytes, system_at32f422_426.o(.text.SystemInit))
<BR>[Address Reference Count : 1]<UL><LI> startup_at32f422_426.o(.text)
</UL>
<P><STRONG><a name="[5]"></a>UsageFault_Handler</STRONG> (Thumb, 4 bytes, Stack size 0 bytes, at32f422_426_int.o(.text.UsageFault_Handler))
<BR><BR>[Calls]<UL><LI><a href="#[49]">&gt;&gt;</a>&nbsp;&nbsp;&nbsp;__NVIC_SystemReset
</UL>
<BR>[Address Reference Count : 1]<UL><LI> startup_at32f422_426.o(RESET)
</UL>
<P><STRONG><a name="[57]"></a>boot_crc32_continue</STRONG> (Thumb, 54 bytes, Stack size 16 bytes, boot_metadata.o(.text.boot_crc32_continue))
<BR><BR>[Stack]<UL><LI>Max Depth = 16<LI>Call Chain = boot_crc32_continue
</UL>
<BR>[Called By]<UL><LI><a href="#[56]">&gt;&gt;</a>&nbsp;&nbsp;&nbsp;boot_verify_image
</UL>

<P><STRONG><a name="[4d]"></a>boot_jump_to_app</STRONG> (Thumb, 196 bytes, Stack size 24 bytes, boot_jump.o(.text.boot_jump_to_app))
<BR><BR>[Stack]<UL><LI>Max Depth = 32<LI>Call Chain = boot_jump_to_app &rArr; can_reset
</UL>
<BR>[Calls]<UL><LI><a href="#[50]">&gt;&gt;</a>&nbsp;&nbsp;&nbsp;spi_enable
<LI><a href="#[4e]">&gt;&gt;</a>&nbsp;&nbsp;&nbsp;can_reset
<LI><a href="#[4f]">&gt;&gt;</a>&nbsp;&nbsp;&nbsp;crm_periph_clock_enable
</UL>
<BR>[Called By]<UL><LI><a href="#[3b]">&gt;&gt;</a>&nbsp;&nbsp;&nbsp;main
</UL>

<P><STRONG><a name="[b7]"></a>boot_jump_vectors_ok</STRONG> (Thumb, 64 bytes, Stack size 0 bytes, boot_jump.o(.text.boot_jump_vectors_ok))
<BR><BR>[Called By]<UL><LI><a href="#[9e]">&gt;&gt;</a>&nbsp;&nbsp;&nbsp;try_boot_slot
</UL>

<P><STRONG><a name="[51]"></a>boot_metadata_init</STRONG> (Thumb, 450 bytes, Stack size 24 bytes, boot_metadata.o(.text.boot_metadata_init))
<BR><BR>[Stack]<UL><LI>Max Depth = 40 + Unknown Stack Size
<LI>Call Chain = boot_metadata_init &rArr; meta_write_to_flash
</UL>
<BR>[Calls]<UL><LI><a href="#[54]">&gt;&gt;</a>&nbsp;&nbsp;&nbsp;__aeabi_memclr
<LI><a href="#[52]">&gt;&gt;</a>&nbsp;&nbsp;&nbsp;__aeabi_memcpy
<LI><a href="#[53]">&gt;&gt;</a>&nbsp;&nbsp;&nbsp;meta_write_to_flash
</UL>
<BR>[Called By]<UL><LI><a href="#[3b]">&gt;&gt;</a>&nbsp;&nbsp;&nbsp;main
</UL>

<P><STRONG><a name="[55]"></a>boot_metadata_save</STRONG> (Thumb, 104 bytes, Stack size 16 bytes, boot_metadata.o(.text.boot_metadata_save))
<BR><BR>[Stack]<UL><LI>Max Depth = 32<LI>Call Chain = boot_metadata_save &rArr; meta_write_to_flash
</UL>
<BR>[Calls]<UL><LI><a href="#[53]">&gt;&gt;</a>&nbsp;&nbsp;&nbsp;meta_write_to_flash
</UL>
<BR>[Called By]<UL><LI><a href="#[2e]">&gt;&gt;</a>&nbsp;&nbsp;&nbsp;isotp_message_received
<LI><a href="#[9e]">&gt;&gt;</a>&nbsp;&nbsp;&nbsp;try_boot_slot
<LI><a href="#[9c]">&gt;&gt;</a>&nbsp;&nbsp;&nbsp;process_trial_state
<LI><a href="#[7c]">&gt;&gt;</a>&nbsp;&nbsp;&nbsp;enter_safe_mode
<LI><a href="#[3b]">&gt;&gt;</a>&nbsp;&nbsp;&nbsp;main
</UL>

<P><STRONG><a name="[8f]"></a>boot_metadata_slot_addr</STRONG> (Thumb, 34 bytes, Stack size 0 bytes, boot_metadata.o(.text.boot_metadata_slot_addr))
<BR><BR>[Called By]<UL><LI><a href="#[2e]">&gt;&gt;</a>&nbsp;&nbsp;&nbsp;isotp_message_received
<LI><a href="#[9e]">&gt;&gt;</a>&nbsp;&nbsp;&nbsp;try_boot_slot
<LI><a href="#[3b]">&gt;&gt;</a>&nbsp;&nbsp;&nbsp;main
</UL>

<P><STRONG><a name="[90]"></a>boot_metadata_slot_size</STRONG> (Thumb, 14 bytes, Stack size 0 bytes, boot_metadata.o(.text.boot_metadata_slot_size))
<BR><BR>[Called By]<UL><LI><a href="#[2e]">&gt;&gt;</a>&nbsp;&nbsp;&nbsp;isotp_message_received
<LI><a href="#[9e]">&gt;&gt;</a>&nbsp;&nbsp;&nbsp;try_boot_slot
</UL>

<P><STRONG><a name="[89]"></a>boot_verify_get_header</STRONG> (Thumb, 2 bytes, Stack size 0 bytes, boot_verify.o(.text.boot_verify_get_header))
<BR><BR>[Called By]<UL><LI><a href="#[7c]">&gt;&gt;</a>&nbsp;&nbsp;&nbsp;enter_safe_mode
</UL>

<P><STRONG><a name="[8d]"></a>boot_verify_get_public_key</STRONG> (Thumb, 10 bytes, Stack size 0 bytes, boot_verify.o(.text.boot_verify_get_public_key))
<BR><BR>[Called By]<UL><LI><a href="#[2e]">&gt;&gt;</a>&nbsp;&nbsp;&nbsp;isotp_message_received
</UL>

<P><STRONG><a name="[56]"></a>boot_verify_image</STRONG> (Thumb, 342 bytes, Stack size 176 bytes, boot_verify.o(.text.boot_verify_image))
<BR><BR>[Stack]<UL><LI>Max Depth = 2360 + Unknown Stack Size
<LI>Call Chain = boot_verify_image &rArr; uECC_verify &rArr; point_mul &rArr; jp_add &rArr; jp_double &rArr; modmul
</UL>
<BR>[Calls]<UL><LI><a href="#[5a]">&gt;&gt;</a>&nbsp;&nbsp;&nbsp;sha256_final
<LI><a href="#[59]">&gt;&gt;</a>&nbsp;&nbsp;&nbsp;sha256_update
<LI><a href="#[58]">&gt;&gt;</a>&nbsp;&nbsp;&nbsp;sha256_init
<LI><a href="#[5b]">&gt;&gt;</a>&nbsp;&nbsp;&nbsp;uECC_verify
<LI><a href="#[57]">&gt;&gt;</a>&nbsp;&nbsp;&nbsp;boot_crc32_continue
</UL>
<BR>[Called By]<UL><LI><a href="#[2e]">&gt;&gt;</a>&nbsp;&nbsp;&nbsp;isotp_message_received
<LI><a href="#[9e]">&gt;&gt;</a>&nbsp;&nbsp;&nbsp;try_boot_slot
<LI><a href="#[7c]">&gt;&gt;</a>&nbsp;&nbsp;&nbsp;enter_safe_mode
</UL>

<P><STRONG><a name="[84]"></a>boot_verify_set_progress_cb</STRONG> (Thumb, 12 bytes, Stack size 0 bytes, boot_verify.o(.text.boot_verify_set_progress_cb))
<BR><BR>[Called By]<UL><LI><a href="#[7c]">&gt;&gt;</a>&nbsp;&nbsp;&nbsp;enter_safe_mode
</UL>

<P><STRONG><a name="[68]"></a>can_bittime_default_para_init</STRONG> (Thumb, 28 bytes, Stack size 0 bytes, at32f422_426_can.o(.text.can_bittime_default_para_init))
<BR><BR>[Called By]<UL><LI><a href="#[60]">&gt;&gt;</a>&nbsp;&nbsp;&nbsp;can_driver_init
</UL>

<P><STRONG><a name="[69]"></a>can_bittime_set</STRONG> (Thumb, 134 bytes, Stack size 0 bytes, at32f422_426_can.o(.text.can_bittime_set))
<BR><BR>[Called By]<UL><LI><a href="#[60]">&gt;&gt;</a>&nbsp;&nbsp;&nbsp;can_driver_init
</UL>

<P><STRONG><a name="[5d]"></a>can_busoff_get</STRONG> (Thumb, 8 bytes, Stack size 0 bytes, at32f422_426_can.o(.text.can_busoff_get))
<BR><BR>[Called By]<UL><LI><a href="#[8a]">&gt;&gt;</a>&nbsp;&nbsp;&nbsp;safe_mode_can_busoff_recover
<LI><a href="#[4a]">&gt;&gt;</a>&nbsp;&nbsp;&nbsp;can_driver_err_irq_handler
</UL>

<P><STRONG><a name="[5e]"></a>can_busoff_reset</STRONG> (Thumb, 10 bytes, Stack size 0 bytes, at32f422_426_can.o(.text.can_busoff_reset))
<BR><BR>[Called By]<UL><LI><a href="#[8a]">&gt;&gt;</a>&nbsp;&nbsp;&nbsp;safe_mode_can_busoff_recover
<LI><a href="#[4a]">&gt;&gt;</a>&nbsp;&nbsp;&nbsp;can_driver_err_irq_handler
</UL>

<P><STRONG><a name="[4a]"></a>can_driver_err_irq_handler</STRONG> (Thumb, 116 bytes, Stack size 8 bytes, can_driver.o(.text.can_driver_err_irq_handler))
<BR><BR>[Stack]<UL><LI>Max Depth = 8<LI>Call Chain = can_driver_err_irq_handler
</UL>
<BR>[Calls]<UL><LI><a href="#[5e]">&gt;&gt;</a>&nbsp;&nbsp;&nbsp;can_busoff_reset
<LI><a href="#[5d]">&gt;&gt;</a>&nbsp;&nbsp;&nbsp;can_busoff_get
<LI><a href="#[5f]">&gt;&gt;</a>&nbsp;&nbsp;&nbsp;can_flag_clear
<LI><a href="#[5c]">&gt;&gt;</a>&nbsp;&nbsp;&nbsp;can_flag_get
</UL>
<BR>[Called By]<UL><LI><a href="#[29]">&gt;&gt;</a>&nbsp;&nbsp;&nbsp;CAN1_ERR_IRQHandler
</UL>

<P><STRONG><a name="[60]"></a>can_driver_init</STRONG> (Thumb, 424 bytes, Stack size 120 bytes, can_driver.o(.text.can_driver_init))
<BR><BR>[Stack]<UL><LI>Max Depth = 248<LI>Call Chain = can_driver_init &rArr; sit1145_init &rArr; sit1145_normal_mode_set &rArr; sit1145_read_reg
</UL>
<BR>[Calls]<UL><LI><a href="#[6e]">&gt;&gt;</a>&nbsp;&nbsp;&nbsp;nvic_irq_enable
<LI><a href="#[6d]">&gt;&gt;</a>&nbsp;&nbsp;&nbsp;can_interrupt_enable
<LI><a href="#[6c]">&gt;&gt;</a>&nbsp;&nbsp;&nbsp;can_filter_enable
<LI><a href="#[6b]">&gt;&gt;</a>&nbsp;&nbsp;&nbsp;can_filter_set
<LI><a href="#[6a]">&gt;&gt;</a>&nbsp;&nbsp;&nbsp;can_filter_default_para_init
<LI><a href="#[69]">&gt;&gt;</a>&nbsp;&nbsp;&nbsp;can_bittime_set
<LI><a href="#[68]">&gt;&gt;</a>&nbsp;&nbsp;&nbsp;can_bittime_default_para_init
<LI><a href="#[67]">&gt;&gt;</a>&nbsp;&nbsp;&nbsp;can_mode_set
<LI><a href="#[66]">&gt;&gt;</a>&nbsp;&nbsp;&nbsp;can_software_reset
<LI><a href="#[4e]">&gt;&gt;</a>&nbsp;&nbsp;&nbsp;can_reset
<LI><a href="#[65]">&gt;&gt;</a>&nbsp;&nbsp;&nbsp;sit1145_init
<LI><a href="#[64]">&gt;&gt;</a>&nbsp;&nbsp;&nbsp;gpio_pin_mux_config
<LI><a href="#[63]">&gt;&gt;</a>&nbsp;&nbsp;&nbsp;gpio_init
<LI><a href="#[62]">&gt;&gt;</a>&nbsp;&nbsp;&nbsp;gpio_default_para_init
<LI><a href="#[61]">&gt;&gt;</a>&nbsp;&nbsp;&nbsp;crm_can_clock_select
<LI><a href="#[4f]">&gt;&gt;</a>&nbsp;&nbsp;&nbsp;crm_periph_clock_enable
</UL>
<BR>[Called By]<UL><LI><a href="#[8a]">&gt;&gt;</a>&nbsp;&nbsp;&nbsp;safe_mode_can_busoff_recover
<LI><a href="#[7c]">&gt;&gt;</a>&nbsp;&nbsp;&nbsp;enter_safe_mode
</UL>

<P><STRONG><a name="[80]"></a>can_driver_poll</STRONG> (Thumb, 162 bytes, Stack size 48 bytes, can_driver.o(.text.can_driver_poll))
<BR><BR>[Stack]<UL><LI>Max Depth = 48<LI>Call Chain = can_driver_poll
</UL>
<BR>[Called By]<UL><LI><a href="#[2f]">&gt;&gt;</a>&nbsp;&nbsp;&nbsp;safe_mode_long_op_pump
<LI><a href="#[7c]">&gt;&gt;</a>&nbsp;&nbsp;&nbsp;enter_safe_mode
</UL>

<P><STRONG><a name="[94]"></a>can_driver_recv</STRONG> (Thumb, 140 bytes, Stack size 8 bytes, can_driver.o(.text.can_driver_recv))
<BR><BR>[Stack]<UL><LI>Max Depth = 8<LI>Call Chain = can_driver_recv
</UL>
<BR>[Called By]<UL><LI><a href="#[93]">&gt;&gt;</a>&nbsp;&nbsp;&nbsp;isotp_wait_cts
</UL>

<P><STRONG><a name="[7d]"></a>can_driver_register_rx_callback</STRONG> (Thumb, 12 bytes, Stack size 0 bytes, can_driver.o(.text.can_driver_register_rx_callback))
<BR><BR>[Called By]<UL><LI><a href="#[7c]">&gt;&gt;</a>&nbsp;&nbsp;&nbsp;enter_safe_mode
</UL>

<P><STRONG><a name="[4b]"></a>can_driver_rx_irq_handler</STRONG> (Thumb, 222 bytes, Stack size 128 bytes, can_driver.o(.text.can_driver_rx_irq_handler))
<BR><BR>[Stack]<UL><LI>Max Depth = 144<LI>Call Chain = can_driver_rx_irq_handler &rArr; can_rxbuf_read
</UL>
<BR>[Calls]<UL><LI><a href="#[5f]">&gt;&gt;</a>&nbsp;&nbsp;&nbsp;can_flag_clear
<LI><a href="#[70]">&gt;&gt;</a>&nbsp;&nbsp;&nbsp;can_rxbuf_release
<LI><a href="#[6f]">&gt;&gt;</a>&nbsp;&nbsp;&nbsp;can_rxbuf_read
<LI><a href="#[5c]">&gt;&gt;</a>&nbsp;&nbsp;&nbsp;can_flag_get
</UL>
<BR>[Called By]<UL><LI><a href="#[25]">&gt;&gt;</a>&nbsp;&nbsp;&nbsp;CAN1_RX_IRQHandler
</UL>

<P><STRONG><a name="[71]"></a>can_driver_send</STRONG> (Thumb, 128 bytes, Stack size 128 bytes, can_driver.o(.text.can_driver_send))
<BR><BR>[Stack]<UL><LI>Max Depth = 144<LI>Call Chain = can_driver_send &rArr; can_txbuf_write
</UL>
<BR>[Calls]<UL><LI><a href="#[52]">&gt;&gt;</a>&nbsp;&nbsp;&nbsp;__aeabi_memcpy
<LI><a href="#[75]">&gt;&gt;</a>&nbsp;&nbsp;&nbsp;can_txbuf_transmit
<LI><a href="#[74]">&gt;&gt;</a>&nbsp;&nbsp;&nbsp;can_txbuf_write
<LI><a href="#[73]">&gt;&gt;</a>&nbsp;&nbsp;&nbsp;can_stb_status_get
<LI><a href="#[72]">&gt;&gt;</a>&nbsp;&nbsp;&nbsp;can_transmit_status_get
</UL>
<BR>[Called By]<UL><LI><a href="#[92]">&gt;&gt;</a>&nbsp;&nbsp;&nbsp;isotp_rx_process
<LI><a href="#[88]">&gt;&gt;</a>&nbsp;&nbsp;&nbsp;isotp_tx_send
<LI><a href="#[2f]">&gt;&gt;</a>&nbsp;&nbsp;&nbsp;safe_mode_long_op_pump
<LI><a href="#[2e]">&gt;&gt;</a>&nbsp;&nbsp;&nbsp;isotp_message_received
<LI><a href="#[7c]">&gt;&gt;</a>&nbsp;&nbsp;&nbsp;enter_safe_mode
</UL>

<P><STRONG><a name="[76]"></a>can_driver_wait_tx_idle</STRONG> (Thumb, 60 bytes, Stack size 40 bytes, can_driver.o(.text.can_driver_wait_tx_idle))
<BR><BR>[Stack]<UL><LI>Max Depth = 40<LI>Call Chain = can_driver_wait_tx_idle
</UL>
<BR>[Calls]<UL><LI><a href="#[77]">&gt;&gt;</a>&nbsp;&nbsp;&nbsp;timer_get_tick
<LI><a href="#[72]">&gt;&gt;</a>&nbsp;&nbsp;&nbsp;can_transmit_status_get
</UL>
<BR>[Called By]<UL><LI><a href="#[2f]">&gt;&gt;</a>&nbsp;&nbsp;&nbsp;safe_mode_long_op_pump
<LI><a href="#[2e]">&gt;&gt;</a>&nbsp;&nbsp;&nbsp;isotp_message_received
<LI><a href="#[7c]">&gt;&gt;</a>&nbsp;&nbsp;&nbsp;enter_safe_mode
</UL>

<P><STRONG><a name="[6a]"></a>can_filter_default_para_init</STRONG> (Thumb, 46 bytes, Stack size 0 bytes, at32f422_426_can.o(.text.can_filter_default_para_init))
<BR><BR>[Called By]<UL><LI><a href="#[60]">&gt;&gt;</a>&nbsp;&nbsp;&nbsp;can_driver_init
</UL>

<P><STRONG><a name="[6c]"></a>can_filter_enable</STRONG> (Thumb, 58 bytes, Stack size 0 bytes, at32f422_426_can.o(.text.can_filter_enable))
<BR><BR>[Called By]<UL><LI><a href="#[60]">&gt;&gt;</a>&nbsp;&nbsp;&nbsp;can_driver_init
</UL>

<P><STRONG><a name="[6b]"></a>can_filter_set</STRONG> (Thumb, 242 bytes, Stack size 0 bytes, at32f422_426_can.o(.text.can_filter_set))
<BR><BR>[Called By]<UL><LI><a href="#[60]">&gt;&gt;</a>&nbsp;&nbsp;&nbsp;can_driver_init
</UL>

<P><STRONG><a name="[5f]"></a>can_flag_clear</STRONG> (Thumb, 4 bytes, Stack size 0 bytes, at32f422_426_can.o(.text.can_flag_clear))
<BR><BR>[Called By]<UL><LI><a href="#[4a]">&gt;&gt;</a>&nbsp;&nbsp;&nbsp;can_driver_err_irq_handler
<LI><a href="#[4b]">&gt;&gt;</a>&nbsp;&nbsp;&nbsp;can_driver_rx_irq_handler
</UL>

<P><STRONG><a name="[5c]"></a>can_flag_get</STRONG> (Thumb, 10 bytes, Stack size 0 bytes, at32f422_426_can.o(.text.can_flag_get))
<BR><BR>[Called By]<UL><LI><a href="#[4a]">&gt;&gt;</a>&nbsp;&nbsp;&nbsp;can_driver_err_irq_handler
<LI><a href="#[4b]">&gt;&gt;</a>&nbsp;&nbsp;&nbsp;can_driver_rx_irq_handler
</UL>

<P><STRONG><a name="[6d]"></a>can_interrupt_enable</STRONG> (Thumb, 20 bytes, Stack size 0 bytes, at32f422_426_can.o(.text.can_interrupt_enable))
<BR><BR>[Called By]<UL><LI><a href="#[60]">&gt;&gt;</a>&nbsp;&nbsp;&nbsp;can_driver_init
</UL>

<P><STRONG><a name="[67]"></a>can_mode_set</STRONG> (Thumb, 158 bytes, Stack size 0 bytes, at32f422_426_can.o(.text.can_mode_set))
<BR><BR>[Called By]<UL><LI><a href="#[60]">&gt;&gt;</a>&nbsp;&nbsp;&nbsp;can_driver_init
</UL>

<P><STRONG><a name="[4e]"></a>can_reset</STRONG> (Thumb, 42 bytes, Stack size 8 bytes, at32f422_426_can.o(.text.can_reset))
<BR><BR>[Stack]<UL><LI>Max Depth = 8<LI>Call Chain = can_reset
</UL>
<BR>[Calls]<UL><LI><a href="#[78]">&gt;&gt;</a>&nbsp;&nbsp;&nbsp;crm_periph_reset
</UL>
<BR>[Called By]<UL><LI><a href="#[4d]">&gt;&gt;</a>&nbsp;&nbsp;&nbsp;boot_jump_to_app
<LI><a href="#[60]">&gt;&gt;</a>&nbsp;&nbsp;&nbsp;can_driver_init
</UL>

<P><STRONG><a name="[6f]"></a>can_rxbuf_read</STRONG> (Thumb, 220 bytes, Stack size 16 bytes, at32f422_426_can.o(.text.can_rxbuf_read))
<BR><BR>[Stack]<UL><LI>Max Depth = 16<LI>Call Chain = can_rxbuf_read
</UL>
<BR>[Called By]<UL><LI><a href="#[4b]">&gt;&gt;</a>&nbsp;&nbsp;&nbsp;can_driver_rx_irq_handler
</UL>

<P><STRONG><a name="[70]"></a>can_rxbuf_release</STRONG> (Thumb, 28 bytes, Stack size 0 bytes, at32f422_426_can.o(.text.can_rxbuf_release))
<BR><BR>[Called By]<UL><LI><a href="#[4b]">&gt;&gt;</a>&nbsp;&nbsp;&nbsp;can_driver_rx_irq_handler
</UL>

<P><STRONG><a name="[66]"></a>can_software_reset</STRONG> (Thumb, 10 bytes, Stack size 0 bytes, at32f422_426_can.o(.text.can_software_reset))
<BR><BR>[Called By]<UL><LI><a href="#[60]">&gt;&gt;</a>&nbsp;&nbsp;&nbsp;can_driver_init
</UL>

<P><STRONG><a name="[73]"></a>can_stb_status_get</STRONG> (Thumb, 8 bytes, Stack size 0 bytes, at32f422_426_can.o(.text.can_stb_status_get))
<BR><BR>[Called By]<UL><LI><a href="#[71]">&gt;&gt;</a>&nbsp;&nbsp;&nbsp;can_driver_send
</UL>

<P><STRONG><a name="[72]"></a>can_transmit_status_get</STRONG> (Thumb, 28 bytes, Stack size 0 bytes, at32f422_426_can.o(.text.can_transmit_status_get))
<BR><BR>[Called By]<UL><LI><a href="#[76]">&gt;&gt;</a>&nbsp;&nbsp;&nbsp;can_driver_wait_tx_idle
<LI><a href="#[71]">&gt;&gt;</a>&nbsp;&nbsp;&nbsp;can_driver_send
</UL>

<P><STRONG><a name="[75]"></a>can_txbuf_transmit</STRONG> (Thumb, 86 bytes, Stack size 0 bytes, at32f422_426_can.o(.text.can_txbuf_transmit))
<BR><BR>[Called By]<UL><LI><a href="#[71]">&gt;&gt;</a>&nbsp;&nbsp;&nbsp;can_driver_send
</UL>

<P><STRONG><a name="[74]"></a>can_txbuf_write</STRONG> (Thumb, 262 bytes, Stack size 16 bytes, at32f422_426_can.o(.text.can_txbuf_write))
<BR><BR>[Stack]<UL><LI>Max Depth = 16<LI>Call Chain = can_txbuf_write
</UL>
<BR>[Called By]<UL><LI><a href="#[71]">&gt;&gt;</a>&nbsp;&nbsp;&nbsp;can_driver_send
</UL>

<P><STRONG><a name="[af]"></a>crm_ahb_div_set</STRONG> (Thumb, 18 bytes, Stack size 0 bytes, at32f422_426_crm.o(.text.crm_ahb_div_set))
<BR><BR>[Called By]<UL><LI><a href="#[99]">&gt;&gt;</a>&nbsp;&nbsp;&nbsp;system_clock_config
</UL>

<P><STRONG><a name="[b2]"></a>crm_apb1_div_set</STRONG> (Thumb, 18 bytes, Stack size 0 bytes, at32f422_426_crm.o(.text.crm_apb1_div_set))
<BR><BR>[Called By]<UL><LI><a href="#[99]">&gt;&gt;</a>&nbsp;&nbsp;&nbsp;system_clock_config
</UL>

<P><STRONG><a name="[b1]"></a>crm_apb2_div_set</STRONG> (Thumb, 18 bytes, Stack size 0 bytes, at32f422_426_crm.o(.text.crm_apb2_div_set))
<BR><BR>[Called By]<UL><LI><a href="#[99]">&gt;&gt;</a>&nbsp;&nbsp;&nbsp;system_clock_config
</UL>

<P><STRONG><a name="[b0]"></a>crm_apb3_div_set</STRONG> (Thumb, 18 bytes, Stack size 0 bytes, at32f422_426_crm.o(.text.crm_apb3_div_set))
<BR><BR>[Called By]<UL><LI><a href="#[99]">&gt;&gt;</a>&nbsp;&nbsp;&nbsp;system_clock_config
</UL>

<P><STRONG><a name="[b3]"></a>crm_auto_step_mode_enable</STRONG> (Thumb, 24 bytes, Stack size 0 bytes, at32f422_426_crm.o(.text.crm_auto_step_mode_enable))
<BR><BR>[Called By]<UL><LI><a href="#[99]">&gt;&gt;</a>&nbsp;&nbsp;&nbsp;system_clock_config
</UL>

<P><STRONG><a name="[61]"></a>crm_can_clock_select</STRONG> (Thumb, 24 bytes, Stack size 0 bytes, at32f422_426_crm.o(.text.crm_can_clock_select))
<BR><BR>[Called By]<UL><LI><a href="#[60]">&gt;&gt;</a>&nbsp;&nbsp;&nbsp;can_driver_init
</UL>

<P><STRONG><a name="[ac]"></a>crm_clock_source_enable</STRONG> (Thumb, 106 bytes, Stack size 0 bytes, at32f422_426_crm.o(.text.crm_clock_source_enable))
<BR><BR>[Called By]<UL><LI><a href="#[99]">&gt;&gt;</a>&nbsp;&nbsp;&nbsp;system_clock_config
</UL>

<P><STRONG><a name="[7b]"></a>crm_flag_clear</STRONG> (Thumb, 124 bytes, Stack size 0 bytes, at32f422_426_crm.o(.text.crm_flag_clear))
<BR><BR>[Called By]<UL><LI><a href="#[79]">&gt;&gt;</a>&nbsp;&nbsp;&nbsp;detect_boot_reason
</UL>

<P><STRONG><a name="[7a]"></a>crm_flag_get</STRONG> (Thumb, 26 bytes, Stack size 0 bytes, at32f422_426_crm.o(.text.crm_flag_get))
<BR><BR>[Called By]<UL><LI><a href="#[79]">&gt;&gt;</a>&nbsp;&nbsp;&nbsp;detect_boot_reason
<LI><a href="#[99]">&gt;&gt;</a>&nbsp;&nbsp;&nbsp;system_clock_config
</UL>

<P><STRONG><a name="[ad]"></a>crm_hext_stable_wait</STRONG> (Thumb, 36 bytes, Stack size 0 bytes, at32f422_426_crm.o(.text.crm_hext_stable_wait))
<BR><BR>[Called By]<UL><LI><a href="#[99]">&gt;&gt;</a>&nbsp;&nbsp;&nbsp;system_clock_config
</UL>

<P><STRONG><a name="[4f]"></a>crm_periph_clock_enable</STRONG> (Thumb, 40 bytes, Stack size 0 bytes, at32f422_426_crm.o(.text.crm_periph_clock_enable))
<BR><BR>[Called By]<UL><LI><a href="#[4d]">&gt;&gt;</a>&nbsp;&nbsp;&nbsp;boot_jump_to_app
<LI><a href="#[99]">&gt;&gt;</a>&nbsp;&nbsp;&nbsp;system_clock_config
<LI><a href="#[65]">&gt;&gt;</a>&nbsp;&nbsp;&nbsp;sit1145_init
<LI><a href="#[60]">&gt;&gt;</a>&nbsp;&nbsp;&nbsp;can_driver_init
</UL>

<P><STRONG><a name="[78]"></a>crm_periph_reset</STRONG> (Thumb, 40 bytes, Stack size 0 bytes, at32f422_426_crm.o(.text.crm_periph_reset))
<BR><BR>[Called By]<UL><LI><a href="#[4e]">&gt;&gt;</a>&nbsp;&nbsp;&nbsp;can_reset
</UL>

<P><STRONG><a name="[ae]"></a>crm_pll_config</STRONG> (Thumb, 92 bytes, Stack size 0 bytes, at32f422_426_crm.o(.text.crm_pll_config))
<BR><BR>[Called By]<UL><LI><a href="#[99]">&gt;&gt;</a>&nbsp;&nbsp;&nbsp;system_clock_config
</UL>

<P><STRONG><a name="[ab]"></a>crm_reset</STRONG> (Thumb, 82 bytes, Stack size 0 bytes, at32f422_426_crm.o(.text.crm_reset))
<BR><BR>[Called By]<UL><LI><a href="#[99]">&gt;&gt;</a>&nbsp;&nbsp;&nbsp;system_clock_config
</UL>

<P><STRONG><a name="[b4]"></a>crm_sysclk_switch</STRONG> (Thumb, 58 bytes, Stack size 0 bytes, at32f422_426_crm.o(.text.crm_sysclk_switch))
<BR><BR>[Called By]<UL><LI><a href="#[99]">&gt;&gt;</a>&nbsp;&nbsp;&nbsp;system_clock_config
</UL>

<P><STRONG><a name="[b5]"></a>crm_sysclk_switch_status_get</STRONG> (Thumb, 16 bytes, Stack size 0 bytes, at32f422_426_crm.o(.text.crm_sysclk_switch_status_get))
<BR><BR>[Called By]<UL><LI><a href="#[99]">&gt;&gt;</a>&nbsp;&nbsp;&nbsp;system_clock_config
<LI><a href="#[b6]">&gt;&gt;</a>&nbsp;&nbsp;&nbsp;system_core_clock_update
</UL>

<P><STRONG><a name="[79]"></a>detect_boot_reason</STRONG> (Thumb, 68 bytes, Stack size 24 bytes, boot_trial.o(.text.detect_boot_reason))
<BR><BR>[Stack]<UL><LI>Max Depth = 24<LI>Call Chain = detect_boot_reason
</UL>
<BR>[Calls]<UL><LI><a href="#[7b]">&gt;&gt;</a>&nbsp;&nbsp;&nbsp;crm_flag_clear
<LI><a href="#[7a]">&gt;&gt;</a>&nbsp;&nbsp;&nbsp;crm_flag_get
</UL>
<BR>[Called By]<UL><LI><a href="#[3b]">&gt;&gt;</a>&nbsp;&nbsp;&nbsp;main
</UL>

<P><STRONG><a name="[7c]"></a>enter_safe_mode</STRONG> (Thumb, 1060 bytes, Stack size 16 bytes, boot_safe_mode.o(.text.enter_safe_mode))
<BR><BR>[Stack]<UL><LI>Max Depth = 2376 + Unknown Stack Size
<LI>Call Chain = enter_safe_mode &rArr; boot_verify_image &rArr; uECC_verify &rArr; point_mul &rArr; jp_add &rArr; jp_double &rArr; modmul
</UL>
<BR>[Calls]<UL><LI><a href="#[89]">&gt;&gt;</a>&nbsp;&nbsp;&nbsp;boot_verify_get_header
<LI><a href="#[88]">&gt;&gt;</a>&nbsp;&nbsp;&nbsp;isotp_tx_send
<LI><a href="#[56]">&gt;&gt;</a>&nbsp;&nbsp;&nbsp;boot_verify_image
<LI><a href="#[84]">&gt;&gt;</a>&nbsp;&nbsp;&nbsp;boot_verify_set_progress_cb
<LI><a href="#[83]">&gt;&gt;</a>&nbsp;&nbsp;&nbsp;uECC_set_progress_cb
<LI><a href="#[82]">&gt;&gt;</a>&nbsp;&nbsp;&nbsp;sit1145_normal_mode_set
<LI><a href="#[81]">&gt;&gt;</a>&nbsp;&nbsp;&nbsp;isotp_poll
<LI><a href="#[7f]">&gt;&gt;</a>&nbsp;&nbsp;&nbsp;timer_poll
<LI><a href="#[7e]">&gt;&gt;</a>&nbsp;&nbsp;&nbsp;isotp_init
<LI><a href="#[8a]">&gt;&gt;</a>&nbsp;&nbsp;&nbsp;safe_mode_can_busoff_recover
<LI><a href="#[2f]">&gt;&gt;</a>&nbsp;&nbsp;&nbsp;safe_mode_long_op_pump
<LI><a href="#[55]">&gt;&gt;</a>&nbsp;&nbsp;&nbsp;boot_metadata_save
<LI><a href="#[86]">&gt;&gt;</a>&nbsp;&nbsp;&nbsp;flash_word_program
<LI><a href="#[87]">&gt;&gt;</a>&nbsp;&nbsp;&nbsp;flash_lock
<LI><a href="#[85]">&gt;&gt;</a>&nbsp;&nbsp;&nbsp;flash_unlock
<LI><a href="#[80]">&gt;&gt;</a>&nbsp;&nbsp;&nbsp;can_driver_poll
<LI><a href="#[77]">&gt;&gt;</a>&nbsp;&nbsp;&nbsp;timer_get_tick
<LI><a href="#[76]">&gt;&gt;</a>&nbsp;&nbsp;&nbsp;can_driver_wait_tx_idle
<LI><a href="#[7d]">&gt;&gt;</a>&nbsp;&nbsp;&nbsp;can_driver_register_rx_callback
<LI><a href="#[71]">&gt;&gt;</a>&nbsp;&nbsp;&nbsp;can_driver_send
<LI><a href="#[60]">&gt;&gt;</a>&nbsp;&nbsp;&nbsp;can_driver_init
</UL>
<BR>[Called By]<UL><LI><a href="#[3b]">&gt;&gt;</a>&nbsp;&nbsp;&nbsp;main
</UL>

<P><STRONG><a name="[87]"></a>flash_lock</STRONG> (Thumb, 18 bytes, Stack size 0 bytes, at32f422_426_flash.o(.text.flash_lock))
<BR><BR>[Called By]<UL><LI><a href="#[2e]">&gt;&gt;</a>&nbsp;&nbsp;&nbsp;isotp_message_received
<LI><a href="#[53]">&gt;&gt;</a>&nbsp;&nbsp;&nbsp;meta_write_to_flash
<LI><a href="#[7c]">&gt;&gt;</a>&nbsp;&nbsp;&nbsp;enter_safe_mode
</UL>

<P><STRONG><a name="[91]"></a>flash_sector_erase</STRONG> (Thumb, 130 bytes, Stack size 0 bytes, at32f422_426_flash.o(.text.flash_sector_erase))
<BR><BR>[Called By]<UL><LI><a href="#[2e]">&gt;&gt;</a>&nbsp;&nbsp;&nbsp;isotp_message_received
<LI><a href="#[53]">&gt;&gt;</a>&nbsp;&nbsp;&nbsp;meta_write_to_flash
</UL>

<P><STRONG><a name="[85]"></a>flash_unlock</STRONG> (Thumb, 30 bytes, Stack size 0 bytes, at32f422_426_flash.o(.text.flash_unlock))
<BR><BR>[Called By]<UL><LI><a href="#[2e]">&gt;&gt;</a>&nbsp;&nbsp;&nbsp;isotp_message_received
<LI><a href="#[53]">&gt;&gt;</a>&nbsp;&nbsp;&nbsp;meta_write_to_flash
<LI><a href="#[7c]">&gt;&gt;</a>&nbsp;&nbsp;&nbsp;enter_safe_mode
</UL>

<P><STRONG><a name="[86]"></a>flash_word_program</STRONG> (Thumb, 122 bytes, Stack size 0 bytes, at32f422_426_flash.o(.text.flash_word_program))
<BR><BR>[Called By]<UL><LI><a href="#[2e]">&gt;&gt;</a>&nbsp;&nbsp;&nbsp;isotp_message_received
<LI><a href="#[53]">&gt;&gt;</a>&nbsp;&nbsp;&nbsp;meta_write_to_flash
<LI><a href="#[7c]">&gt;&gt;</a>&nbsp;&nbsp;&nbsp;enter_safe_mode
</UL>

<P><STRONG><a name="[a3]"></a>gpio_bits_reset</STRONG> (Thumb, 4 bytes, Stack size 0 bytes, at32f422_426_gpio.o(.text.gpio_bits_reset))
<BR><BR>[Called By]<UL><LI><a href="#[a6]">&gt;&gt;</a>&nbsp;&nbsp;&nbsp;sit1145_read_reg
<LI><a href="#[a7]">&gt;&gt;</a>&nbsp;&nbsp;&nbsp;sit1145_write_reg
<LI><a href="#[65]">&gt;&gt;</a>&nbsp;&nbsp;&nbsp;sit1145_init
</UL>

<P><STRONG><a name="[a2]"></a>gpio_bits_set</STRONG> (Thumb, 4 bytes, Stack size 0 bytes, at32f422_426_gpio.o(.text.gpio_bits_set))
<BR><BR>[Called By]<UL><LI><a href="#[a6]">&gt;&gt;</a>&nbsp;&nbsp;&nbsp;sit1145_read_reg
<LI><a href="#[a7]">&gt;&gt;</a>&nbsp;&nbsp;&nbsp;sit1145_write_reg
<LI><a href="#[65]">&gt;&gt;</a>&nbsp;&nbsp;&nbsp;sit1145_init
</UL>

<P><STRONG><a name="[62]"></a>gpio_default_para_init</STRONG> (Thumb, 20 bytes, Stack size 0 bytes, at32f422_426_gpio.o(.text.gpio_default_para_init))
<BR><BR>[Called By]<UL><LI><a href="#[65]">&gt;&gt;</a>&nbsp;&nbsp;&nbsp;sit1145_init
<LI><a href="#[60]">&gt;&gt;</a>&nbsp;&nbsp;&nbsp;can_driver_init
</UL>

<P><STRONG><a name="[63]"></a>gpio_init</STRONG> (Thumb, 116 bytes, Stack size 20 bytes, at32f422_426_gpio.o(.text.gpio_init))
<BR><BR>[Stack]<UL><LI>Max Depth = 20<LI>Call Chain = gpio_init
</UL>
<BR>[Called By]<UL><LI><a href="#[65]">&gt;&gt;</a>&nbsp;&nbsp;&nbsp;sit1145_init
<LI><a href="#[60]">&gt;&gt;</a>&nbsp;&nbsp;&nbsp;can_driver_init
</UL>

<P><STRONG><a name="[64]"></a>gpio_pin_mux_config</STRONG> (Thumb, 44 bytes, Stack size 8 bytes, at32f422_426_gpio.o(.text.gpio_pin_mux_config))
<BR><BR>[Stack]<UL><LI>Max Depth = 8<LI>Call Chain = gpio_pin_mux_config
</UL>
<BR>[Called By]<UL><LI><a href="#[65]">&gt;&gt;</a>&nbsp;&nbsp;&nbsp;sit1145_init
<LI><a href="#[60]">&gt;&gt;</a>&nbsp;&nbsp;&nbsp;can_driver_init
</UL>

<P><STRONG><a name="[7e]"></a>isotp_init</STRONG> (Thumb, 60 bytes, Stack size 0 bytes, isotp.o(.text.isotp_init))
<BR><BR>[Called By]<UL><LI><a href="#[7c]">&gt;&gt;</a>&nbsp;&nbsp;&nbsp;enter_safe_mode
</UL>

<P><STRONG><a name="[81]"></a>isotp_poll</STRONG> (Thumb, 42 bytes, Stack size 8 bytes, isotp.o(.text.isotp_poll))
<BR><BR>[Stack]<UL><LI>Max Depth = 8<LI>Call Chain = isotp_poll
</UL>
<BR>[Calls]<UL><LI><a href="#[77]">&gt;&gt;</a>&nbsp;&nbsp;&nbsp;timer_get_tick
</UL>
<BR>[Called By]<UL><LI><a href="#[2f]">&gt;&gt;</a>&nbsp;&nbsp;&nbsp;safe_mode_long_op_pump
<LI><a href="#[7c]">&gt;&gt;</a>&nbsp;&nbsp;&nbsp;enter_safe_mode
</UL>

<P><STRONG><a name="[92]"></a>isotp_rx_process</STRONG> (Thumb, 500 bytes, Stack size 32 bytes, isotp.o(.text.isotp_rx_process))
<BR><BR>[Stack]<UL><LI>Max Depth = 176<LI>Call Chain = isotp_rx_process &rArr; can_driver_send &rArr; can_txbuf_write
</UL>
<BR>[Calls]<UL><LI><a href="#[77]">&gt;&gt;</a>&nbsp;&nbsp;&nbsp;timer_get_tick
<LI><a href="#[71]">&gt;&gt;</a>&nbsp;&nbsp;&nbsp;can_driver_send
</UL>
<BR>[Called By]<UL><LI><a href="#[93]">&gt;&gt;</a>&nbsp;&nbsp;&nbsp;isotp_wait_cts
<LI><a href="#[88]">&gt;&gt;</a>&nbsp;&nbsp;&nbsp;isotp_tx_send
<LI><a href="#[2d]">&gt;&gt;</a>&nbsp;&nbsp;&nbsp;safe_mode_can_rx_handler
</UL>

<P><STRONG><a name="[88]"></a>isotp_tx_send</STRONG> (Thumb, 546 bytes, Stack size 64 bytes, isotp.o(.text.isotp_tx_send))
<BR><BR>[Stack]<UL><LI>Max Depth = 304<LI>Call Chain = isotp_tx_send &rArr; isotp_wait_cts &rArr; isotp_rx_process &rArr; can_driver_send &rArr; can_txbuf_write
</UL>
<BR>[Calls]<UL><LI><a href="#[43]">&gt;&gt;</a>&nbsp;&nbsp;&nbsp;__aeabi_memset
<LI><a href="#[52]">&gt;&gt;</a>&nbsp;&nbsp;&nbsp;__aeabi_memcpy
<LI><a href="#[93]">&gt;&gt;</a>&nbsp;&nbsp;&nbsp;isotp_wait_cts
<LI><a href="#[92]">&gt;&gt;</a>&nbsp;&nbsp;&nbsp;isotp_rx_process
<LI><a href="#[77]">&gt;&gt;</a>&nbsp;&nbsp;&nbsp;timer_get_tick
<LI><a href="#[71]">&gt;&gt;</a>&nbsp;&nbsp;&nbsp;can_driver_send
</UL>
<BR>[Called By]<UL><LI><a href="#[2e]">&gt;&gt;</a>&nbsp;&nbsp;&nbsp;isotp_message_received
<LI><a href="#[7c]">&gt;&gt;</a>&nbsp;&nbsp;&nbsp;enter_safe_mode
</UL>

<P><STRONG><a name="[3b]"></a>main</STRONG> (Thumb, 204 bytes, Stack size 8 bytes, main.o(.text.main))
<BR><BR>[Stack]<UL><LI>Max Depth = 2392 + Unknown Stack Size
<LI>Call Chain = main &rArr; try_boot_slot &rArr; boot_verify_image &rArr; uECC_verify &rArr; point_mul &rArr; jp_add &rArr; jp_double &rArr; modmul
</UL>
<BR>[Calls]<UL><LI><a href="#[55]">&gt;&gt;</a>&nbsp;&nbsp;&nbsp;boot_metadata_save
<LI><a href="#[4d]">&gt;&gt;</a>&nbsp;&nbsp;&nbsp;boot_jump_to_app
<LI><a href="#[8f]">&gt;&gt;</a>&nbsp;&nbsp;&nbsp;boot_metadata_slot_addr
<LI><a href="#[9e]">&gt;&gt;</a>&nbsp;&nbsp;&nbsp;try_boot_slot
<LI><a href="#[9d]">&gt;&gt;</a>&nbsp;&nbsp;&nbsp;select_boot_slot
<LI><a href="#[9c]">&gt;&gt;</a>&nbsp;&nbsp;&nbsp;process_trial_state
<LI><a href="#[7c]">&gt;&gt;</a>&nbsp;&nbsp;&nbsp;enter_safe_mode
<LI><a href="#[79]">&gt;&gt;</a>&nbsp;&nbsp;&nbsp;detect_boot_reason
<LI><a href="#[51]">&gt;&gt;</a>&nbsp;&nbsp;&nbsp;boot_metadata_init
<LI><a href="#[9b]">&gt;&gt;</a>&nbsp;&nbsp;&nbsp;timer_drv_init
<LI><a href="#[99]">&gt;&gt;</a>&nbsp;&nbsp;&nbsp;system_clock_config
<LI><a href="#[9a]">&gt;&gt;</a>&nbsp;&nbsp;&nbsp;nvic_priority_group_config
</UL>
<BR>[Called By]<UL><LI><a href="#[3a]">&gt;&gt;</a>&nbsp;&nbsp;&nbsp;__rt_entry_main
</UL>

<P><STRONG><a name="[6e]"></a>nvic_irq_enable</STRONG> (Thumb, 116 bytes, Stack size 16 bytes, at32f422_426_misc.o(.text.nvic_irq_enable))
<BR><BR>[Stack]<UL><LI>Max Depth = 16<LI>Call Chain = nvic_irq_enable
</UL>
<BR>[Called By]<UL><LI><a href="#[60]">&gt;&gt;</a>&nbsp;&nbsp;&nbsp;can_driver_init
</UL>

<P><STRONG><a name="[9a]"></a>nvic_priority_group_config</STRONG> (Thumb, 32 bytes, Stack size 0 bytes, at32f422_426_misc.o(.text.nvic_priority_group_config))
<BR><BR>[Called By]<UL><LI><a href="#[3b]">&gt;&gt;</a>&nbsp;&nbsp;&nbsp;main
</UL>

<P><STRONG><a name="[9c]"></a>process_trial_state</STRONG> (Thumb, 124 bytes, Stack size 0 bytes, boot_trial.o(.text.process_trial_state))
<BR><BR>[Stack]<UL><LI>Max Depth = 32<LI>Call Chain = process_trial_state &rArr; boot_metadata_save &rArr; meta_write_to_flash
</UL>
<BR>[Calls]<UL><LI><a href="#[55]">&gt;&gt;</a>&nbsp;&nbsp;&nbsp;boot_metadata_save
</UL>
<BR>[Called By]<UL><LI><a href="#[3b]">&gt;&gt;</a>&nbsp;&nbsp;&nbsp;main
</UL>

<P><STRONG><a name="[9d]"></a>select_boot_slot</STRONG> (Thumb, 30 bytes, Stack size 0 bytes, boot_trial.o(.text.select_boot_slot))
<BR><BR>[Called By]<UL><LI><a href="#[3b]">&gt;&gt;</a>&nbsp;&nbsp;&nbsp;main
</UL>

<P><STRONG><a name="[5a]"></a>sha256_final</STRONG> (Thumb, 130 bytes, Stack size 24 bytes, sha256.o(.text.sha256_final))
<BR><BR>[Stack]<UL><LI>Max Depth = 352 + Unknown Stack Size
<LI>Call Chain = sha256_final &rArr; sha256_transform
</UL>
<BR>[Calls]<UL><LI><a href="#[54]">&gt;&gt;</a>&nbsp;&nbsp;&nbsp;__aeabi_memclr
<LI><a href="#[a0]">&gt;&gt;</a>&nbsp;&nbsp;&nbsp;sha256_transform
</UL>
<BR>[Called By]<UL><LI><a href="#[8e]">&gt;&gt;</a>&nbsp;&nbsp;&nbsp;sha256_hash
<LI><a href="#[56]">&gt;&gt;</a>&nbsp;&nbsp;&nbsp;boot_verify_image
</UL>

<P><STRONG><a name="[8e]"></a>sha256_hash</STRONG> (Thumb, 154 bytes, Stack size 136 bytes, sha256.o(.text.sha256_hash))
<BR><BR>[Stack]<UL><LI>Max Depth = 488 + Unknown Stack Size
<LI>Call Chain = sha256_hash &rArr; sha256_final &rArr; sha256_transform
</UL>
<BR>[Calls]<UL><LI><a href="#[52]">&gt;&gt;</a>&nbsp;&nbsp;&nbsp;__aeabi_memcpy
<LI><a href="#[a0]">&gt;&gt;</a>&nbsp;&nbsp;&nbsp;sha256_transform
<LI><a href="#[5a]">&gt;&gt;</a>&nbsp;&nbsp;&nbsp;sha256_final
</UL>
<BR>[Called By]<UL><LI><a href="#[2e]">&gt;&gt;</a>&nbsp;&nbsp;&nbsp;isotp_message_received
</UL>

<P><STRONG><a name="[58]"></a>sha256_init</STRONG> (Thumb, 86 bytes, Stack size 16 bytes, sha256.o(.text.sha256_init))
<BR><BR>[Stack]<UL><LI>Max Depth = 16<LI>Call Chain = sha256_init
</UL>
<BR>[Called By]<UL><LI><a href="#[56]">&gt;&gt;</a>&nbsp;&nbsp;&nbsp;boot_verify_image
</UL>

<P><STRONG><a name="[59]"></a>sha256_update</STRONG> (Thumb, 140 bytes, Stack size 24 bytes, sha256.o(.text.sha256_update))
<BR><BR>[Stack]<UL><LI>Max Depth = 352<LI>Call Chain = sha256_update &rArr; sha256_transform
</UL>
<BR>[Calls]<UL><LI><a href="#[52]">&gt;&gt;</a>&nbsp;&nbsp;&nbsp;__aeabi_memcpy
<LI><a href="#[a0]">&gt;&gt;</a>&nbsp;&nbsp;&nbsp;sha256_transform
</UL>
<BR>[Called By]<UL><LI><a href="#[56]">&gt;&gt;</a>&nbsp;&nbsp;&nbsp;boot_verify_image
</UL>

<P><STRONG><a name="[65]"></a>sit1145_init</STRONG> (Thumb, 468 bytes, Stack size 80 bytes, sit1145.o(.text.sit1145_init))
<BR><BR>[Stack]<UL><LI>Max Depth = 128<LI>Call Chain = sit1145_init &rArr; sit1145_normal_mode_set &rArr; sit1145_read_reg
</UL>
<BR>[Calls]<UL><LI><a href="#[a6]">&gt;&gt;</a>&nbsp;&nbsp;&nbsp;sit1145_read_reg
<LI><a href="#[a7]">&gt;&gt;</a>&nbsp;&nbsp;&nbsp;sit1145_write_reg
<LI><a href="#[82]">&gt;&gt;</a>&nbsp;&nbsp;&nbsp;sit1145_normal_mode_set
<LI><a href="#[50]">&gt;&gt;</a>&nbsp;&nbsp;&nbsp;spi_enable
<LI><a href="#[a5]">&gt;&gt;</a>&nbsp;&nbsp;&nbsp;spi_init
<LI><a href="#[a4]">&gt;&gt;</a>&nbsp;&nbsp;&nbsp;spi_default_para_init
<LI><a href="#[a3]">&gt;&gt;</a>&nbsp;&nbsp;&nbsp;gpio_bits_reset
<LI><a href="#[a2]">&gt;&gt;</a>&nbsp;&nbsp;&nbsp;gpio_bits_set
<LI><a href="#[64]">&gt;&gt;</a>&nbsp;&nbsp;&nbsp;gpio_pin_mux_config
<LI><a href="#[63]">&gt;&gt;</a>&nbsp;&nbsp;&nbsp;gpio_init
<LI><a href="#[62]">&gt;&gt;</a>&nbsp;&nbsp;&nbsp;gpio_default_para_init
<LI><a href="#[4f]">&gt;&gt;</a>&nbsp;&nbsp;&nbsp;crm_periph_clock_enable
</UL>
<BR>[Called By]<UL><LI><a href="#[60]">&gt;&gt;</a>&nbsp;&nbsp;&nbsp;can_driver_init
</UL>

<P><STRONG><a name="[82]"></a>sit1145_normal_mode_set</STRONG> (Thumb, 160 bytes, Stack size 16 bytes, sit1145.o(.text.sit1145_normal_mode_set))
<BR><BR>[Stack]<UL><LI>Max Depth = 48<LI>Call Chain = sit1145_normal_mode_set &rArr; sit1145_read_reg
</UL>
<BR>[Calls]<UL><LI><a href="#[a6]">&gt;&gt;</a>&nbsp;&nbsp;&nbsp;sit1145_read_reg
<LI><a href="#[a7]">&gt;&gt;</a>&nbsp;&nbsp;&nbsp;sit1145_write_reg
</UL>
<BR>[Called By]<UL><LI><a href="#[2f]">&gt;&gt;</a>&nbsp;&nbsp;&nbsp;safe_mode_long_op_pump
<LI><a href="#[2e]">&gt;&gt;</a>&nbsp;&nbsp;&nbsp;isotp_message_received
<LI><a href="#[7c]">&gt;&gt;</a>&nbsp;&nbsp;&nbsp;enter_safe_mode
<LI><a href="#[65]">&gt;&gt;</a>&nbsp;&nbsp;&nbsp;sit1145_init
</UL>

<P><STRONG><a name="[a6]"></a>sit1145_read_reg</STRONG> (Thumb, 216 bytes, Stack size 32 bytes, sit1145.o(.text.sit1145_read_reg))
<BR><BR>[Stack]<UL><LI>Max Depth = 32<LI>Call Chain = sit1145_read_reg
</UL>
<BR>[Calls]<UL><LI><a href="#[a8]">&gt;&gt;</a>&nbsp;&nbsp;&nbsp;spi_i2s_flag_get
<LI><a href="#[aa]">&gt;&gt;</a>&nbsp;&nbsp;&nbsp;spi_i2s_data_receive
<LI><a href="#[a9]">&gt;&gt;</a>&nbsp;&nbsp;&nbsp;spi_i2s_data_transmit
<LI><a href="#[a3]">&gt;&gt;</a>&nbsp;&nbsp;&nbsp;gpio_bits_reset
<LI><a href="#[a2]">&gt;&gt;</a>&nbsp;&nbsp;&nbsp;gpio_bits_set
</UL>
<BR>[Called By]<UL><LI><a href="#[82]">&gt;&gt;</a>&nbsp;&nbsp;&nbsp;sit1145_normal_mode_set
<LI><a href="#[65]">&gt;&gt;</a>&nbsp;&nbsp;&nbsp;sit1145_init
</UL>

<P><STRONG><a name="[a7]"></a>sit1145_write_reg</STRONG> (Thumb, 212 bytes, Stack size 32 bytes, sit1145.o(.text.sit1145_write_reg))
<BR><BR>[Stack]<UL><LI>Max Depth = 32<LI>Call Chain = sit1145_write_reg
</UL>
<BR>[Calls]<UL><LI><a href="#[a8]">&gt;&gt;</a>&nbsp;&nbsp;&nbsp;spi_i2s_flag_get
<LI><a href="#[aa]">&gt;&gt;</a>&nbsp;&nbsp;&nbsp;spi_i2s_data_receive
<LI><a href="#[a9]">&gt;&gt;</a>&nbsp;&nbsp;&nbsp;spi_i2s_data_transmit
<LI><a href="#[a3]">&gt;&gt;</a>&nbsp;&nbsp;&nbsp;gpio_bits_reset
<LI><a href="#[a2]">&gt;&gt;</a>&nbsp;&nbsp;&nbsp;gpio_bits_set
</UL>
<BR>[Called By]<UL><LI><a href="#[82]">&gt;&gt;</a>&nbsp;&nbsp;&nbsp;sit1145_normal_mode_set
<LI><a href="#[65]">&gt;&gt;</a>&nbsp;&nbsp;&nbsp;sit1145_init
</UL>

<P><STRONG><a name="[a4]"></a>spi_default_para_init</STRONG> (Thumb, 22 bytes, Stack size 0 bytes, at32f422_426_spi.o(.text.spi_default_para_init))
<BR><BR>[Called By]<UL><LI><a href="#[65]">&gt;&gt;</a>&nbsp;&nbsp;&nbsp;sit1145_init
</UL>

<P><STRONG><a name="[50]"></a>spi_enable</STRONG> (Thumb, 10 bytes, Stack size 0 bytes, at32f422_426_spi.o(.text.spi_enable))
<BR><BR>[Called By]<UL><LI><a href="#[4d]">&gt;&gt;</a>&nbsp;&nbsp;&nbsp;boot_jump_to_app
<LI><a href="#[65]">&gt;&gt;</a>&nbsp;&nbsp;&nbsp;sit1145_init
</UL>

<P><STRONG><a name="[aa]"></a>spi_i2s_data_receive</STRONG> (Thumb, 6 bytes, Stack size 0 bytes, at32f422_426_spi.o(.text.spi_i2s_data_receive))
<BR><BR>[Called By]<UL><LI><a href="#[a6]">&gt;&gt;</a>&nbsp;&nbsp;&nbsp;sit1145_read_reg
<LI><a href="#[a7]">&gt;&gt;</a>&nbsp;&nbsp;&nbsp;sit1145_write_reg
</UL>

<P><STRONG><a name="[a9]"></a>spi_i2s_data_transmit</STRONG> (Thumb, 4 bytes, Stack size 0 bytes, at32f422_426_spi.o(.text.spi_i2s_data_transmit))
<BR><BR>[Called By]<UL><LI><a href="#[a6]">&gt;&gt;</a>&nbsp;&nbsp;&nbsp;sit1145_read_reg
<LI><a href="#[a7]">&gt;&gt;</a>&nbsp;&nbsp;&nbsp;sit1145_write_reg
</UL>

<P><STRONG><a name="[a8]"></a>spi_i2s_flag_get</STRONG> (Thumb, 10 bytes, Stack size 0 bytes, at32f422_426_spi.o(.text.spi_i2s_flag_get))
<BR><BR>[Called By]<UL><LI><a href="#[a6]">&gt;&gt;</a>&nbsp;&nbsp;&nbsp;sit1145_read_reg
<LI><a href="#[a7]">&gt;&gt;</a>&nbsp;&nbsp;&nbsp;sit1145_write_reg
</UL>

<P><STRONG><a name="[a5]"></a>spi_init</STRONG> (Thumb, 268 bytes, Stack size 0 bytes, at32f422_426_spi.o(.text.spi_init))
<BR><BR>[Called By]<UL><LI><a href="#[65]">&gt;&gt;</a>&nbsp;&nbsp;&nbsp;sit1145_init
</UL>

<P><STRONG><a name="[99]"></a>system_clock_config</STRONG> (Thumb, 150 bytes, Stack size 8 bytes, at32f422_426_clock.o(.text.system_clock_config))
<BR><BR>[Stack]<UL><LI>Max Depth = 24<LI>Call Chain = system_clock_config &rArr; system_core_clock_update
</UL>
<BR>[Calls]<UL><LI><a href="#[b6]">&gt;&gt;</a>&nbsp;&nbsp;&nbsp;system_core_clock_update
<LI><a href="#[b3]">&gt;&gt;</a>&nbsp;&nbsp;&nbsp;crm_auto_step_mode_enable
<LI><a href="#[b5]">&gt;&gt;</a>&nbsp;&nbsp;&nbsp;crm_sysclk_switch_status_get
<LI><a href="#[b4]">&gt;&gt;</a>&nbsp;&nbsp;&nbsp;crm_sysclk_switch
<LI><a href="#[ae]">&gt;&gt;</a>&nbsp;&nbsp;&nbsp;crm_pll_config
<LI><a href="#[b0]">&gt;&gt;</a>&nbsp;&nbsp;&nbsp;crm_apb3_div_set
<LI><a href="#[b1]">&gt;&gt;</a>&nbsp;&nbsp;&nbsp;crm_apb2_div_set
<LI><a href="#[b2]">&gt;&gt;</a>&nbsp;&nbsp;&nbsp;crm_apb1_div_set
<LI><a href="#[af]">&gt;&gt;</a>&nbsp;&nbsp;&nbsp;crm_ahb_div_set
<LI><a href="#[ac]">&gt;&gt;</a>&nbsp;&nbsp;&nbsp;crm_clock_source_enable
<LI><a href="#[ad]">&gt;&gt;</a>&nbsp;&nbsp;&nbsp;crm_hext_stable_wait
<LI><a href="#[7a]">&gt;&gt;</a>&nbsp;&nbsp;&nbsp;crm_flag_get
<LI><a href="#[ab]">&gt;&gt;</a>&nbsp;&nbsp;&nbsp;crm_reset
<LI><a href="#[4f]">&gt;&gt;</a>&nbsp;&nbsp;&nbsp;crm_periph_clock_enable
</UL>
<BR>[Called By]<UL><LI><a href="#[3b]">&gt;&gt;</a>&nbsp;&nbsp;&nbsp;main
</UL>

<P><STRONG><a name="[b6]"></a>system_core_clock_update</STRONG> (Thumb, 224 bytes, Stack size 16 bytes, system_at32f422_426.o(.text.system_core_clock_update))
<BR><BR>[Stack]<UL><LI>Max Depth = 16<LI>Call Chain = system_core_clock_update
</UL>
<BR>[Calls]<UL><LI><a href="#[b5]">&gt;&gt;</a>&nbsp;&nbsp;&nbsp;crm_sysclk_switch_status_get
</UL>
<BR>[Called By]<UL><LI><a href="#[99]">&gt;&gt;</a>&nbsp;&nbsp;&nbsp;system_clock_config
</UL>

<P><STRONG><a name="[9b]"></a>timer_drv_init</STRONG> (Thumb, 110 bytes, Stack size 0 bytes, timer_drv.o(.text.timer_drv_init))
<BR><BR>[Called By]<UL><LI><a href="#[3b]">&gt;&gt;</a>&nbsp;&nbsp;&nbsp;main
</UL>

<P><STRONG><a name="[77]"></a>timer_get_tick</STRONG> (Thumb, 12 bytes, Stack size 0 bytes, timer_drv.o(.text.timer_get_tick))
<BR><BR>[Called By]<UL><LI><a href="#[93]">&gt;&gt;</a>&nbsp;&nbsp;&nbsp;isotp_wait_cts
<LI><a href="#[92]">&gt;&gt;</a>&nbsp;&nbsp;&nbsp;isotp_rx_process
<LI><a href="#[88]">&gt;&gt;</a>&nbsp;&nbsp;&nbsp;isotp_tx_send
<LI><a href="#[81]">&gt;&gt;</a>&nbsp;&nbsp;&nbsp;isotp_poll
<LI><a href="#[8a]">&gt;&gt;</a>&nbsp;&nbsp;&nbsp;safe_mode_can_busoff_recover
<LI><a href="#[2f]">&gt;&gt;</a>&nbsp;&nbsp;&nbsp;safe_mode_long_op_pump
<LI><a href="#[2e]">&gt;&gt;</a>&nbsp;&nbsp;&nbsp;isotp_message_received
<LI><a href="#[7c]">&gt;&gt;</a>&nbsp;&nbsp;&nbsp;enter_safe_mode
<LI><a href="#[76]">&gt;&gt;</a>&nbsp;&nbsp;&nbsp;can_driver_wait_tx_idle
</UL>

<P><STRONG><a name="[7f]"></a>timer_poll</STRONG> (Thumb, 64 bytes, Stack size 24 bytes, timer_drv.o(.text.timer_poll))
<BR><BR>[Stack]<UL><LI>Max Depth = 24<LI>Call Chain = timer_poll
</UL>
<BR>[Called By]<UL><LI><a href="#[7c]">&gt;&gt;</a>&nbsp;&nbsp;&nbsp;enter_safe_mode
</UL>

<P><STRONG><a name="[4c]"></a>timer_tick_inc</STRONG> (Thumb, 74 bytes, Stack size 8 bytes, timer_drv.o(.text.timer_tick_inc))
<BR><BR>[Stack]<UL><LI>Max Depth = 8<LI>Call Chain = timer_tick_inc
</UL>
<BR>[Called By]<UL><LI><a href="#[9]">&gt;&gt;</a>&nbsp;&nbsp;&nbsp;SysTick_Handler
</UL>

<P><STRONG><a name="[9e]"></a>try_boot_slot</STRONG> (Thumb, 96 bytes, Stack size 24 bytes, boot_trial.o(.text.try_boot_slot))
<BR><BR>[Stack]<UL><LI>Max Depth = 2384 + Unknown Stack Size
<LI>Call Chain = try_boot_slot &rArr; boot_verify_image &rArr; uECC_verify &rArr; point_mul &rArr; jp_add &rArr; jp_double &rArr; modmul
</UL>
<BR>[Calls]<UL><LI><a href="#[56]">&gt;&gt;</a>&nbsp;&nbsp;&nbsp;boot_verify_image
<LI><a href="#[90]">&gt;&gt;</a>&nbsp;&nbsp;&nbsp;boot_metadata_slot_size
<LI><a href="#[b7]">&gt;&gt;</a>&nbsp;&nbsp;&nbsp;boot_jump_vectors_ok
<LI><a href="#[55]">&gt;&gt;</a>&nbsp;&nbsp;&nbsp;boot_metadata_save
<LI><a href="#[8f]">&gt;&gt;</a>&nbsp;&nbsp;&nbsp;boot_metadata_slot_addr
</UL>
<BR>[Called By]<UL><LI><a href="#[3b]">&gt;&gt;</a>&nbsp;&nbsp;&nbsp;main
</UL>

<P><STRONG><a name="[83]"></a>uECC_set_progress_cb</STRONG> (Thumb, 12 bytes, Stack size 0 bytes, uecc.o(.text.uECC_set_progress_cb))
<BR><BR>[Called By]<UL><LI><a href="#[2e]">&gt;&gt;</a>&nbsp;&nbsp;&nbsp;isotp_message_received
<LI><a href="#[7c]">&gt;&gt;</a>&nbsp;&nbsp;&nbsp;enter_safe_mode
</UL>

<P><STRONG><a name="[5b]"></a>uECC_verify</STRONG> (Thumb, 666 bytes, Stack size 904 bytes, uecc.o(.text.uECC_verify))
<BR><BR>[Stack]<UL><LI>Max Depth = 2184 + Unknown Stack Size
<LI>Call Chain = uECC_verify &rArr; point_mul &rArr; jp_add &rArr; jp_double &rArr; modmul
</UL>
<BR>[Calls]<UL><LI><a href="#[b9]">&gt;&gt;</a>&nbsp;&nbsp;&nbsp;memcmp
<LI><a href="#[98]">&gt;&gt;</a>&nbsp;&nbsp;&nbsp;jp_to_affine
<LI><a href="#[95]">&gt;&gt;</a>&nbsp;&nbsp;&nbsp;jp_add
<LI><a href="#[9f]">&gt;&gt;</a>&nbsp;&nbsp;&nbsp;point_mul
<LI><a href="#[96]">&gt;&gt;</a>&nbsp;&nbsp;&nbsp;modmul
<LI><a href="#[a1]">&gt;&gt;</a>&nbsp;&nbsp;&nbsp;sinv
<LI><a href="#[b8]">&gt;&gt;</a>&nbsp;&nbsp;&nbsp;bytes_to_w256
</UL>
<BR>[Called By]<UL><LI><a href="#[56]">&gt;&gt;</a>&nbsp;&nbsp;&nbsp;boot_verify_image
<LI><a href="#[2e]">&gt;&gt;</a>&nbsp;&nbsp;&nbsp;isotp_message_received
</UL>

<P><STRONG><a name="[35]"></a>_fp_init</STRONG> (Thumb, 26 bytes, Stack size 0 bytes, fpinit.o(x$fpl$fpinit))
<BR><BR>[Called By]<UL><LI><a href="#[34]">&gt;&gt;</a>&nbsp;&nbsp;&nbsp;__rt_lib_init_fp_1
</UL>

<P><STRONG><a name="[ec]"></a>__fplib_config_fpu_vfp</STRONG> (Thumb, 0 bytes, Stack size unknown bytes, fpinit.o(x$fpl$fpinit), UNUSED)

<P><STRONG><a name="[ed]"></a>__fplib_config_pureend_doubles</STRONG> (Thumb, 0 bytes, Stack size unknown bytes, fpinit.o(x$fpl$fpinit), UNUSED)
<P>
<H3>
Local Symbols
</H3>
<P><STRONG><a name="[49]"></a>__NVIC_SystemReset</STRONG> (Thumb, 36 bytes, Stack size 0 bytes, at32f422_426_int.o(.text.__NVIC_SystemReset))
<BR><BR>[Called By]<UL><LI><a href="#[5]">&gt;&gt;</a>&nbsp;&nbsp;&nbsp;UsageFault_Handler
<LI><a href="#[4]">&gt;&gt;</a>&nbsp;&nbsp;&nbsp;BusFault_Handler
<LI><a href="#[3]">&gt;&gt;</a>&nbsp;&nbsp;&nbsp;MemManage_Handler
<LI><a href="#[2]">&gt;&gt;</a>&nbsp;&nbsp;&nbsp;HardFault_Handler
</UL>

<P><STRONG><a name="[53]"></a>meta_write_to_flash</STRONG> (Thumb, 86 bytes, Stack size 16 bytes, boot_metadata.o(.text.meta_write_to_flash))
<BR><BR>[Stack]<UL><LI>Max Depth = 16<LI>Call Chain = meta_write_to_flash
</UL>
<BR>[Calls]<UL><LI><a href="#[86]">&gt;&gt;</a>&nbsp;&nbsp;&nbsp;flash_word_program
<LI><a href="#[91]">&gt;&gt;</a>&nbsp;&nbsp;&nbsp;flash_sector_erase
<LI><a href="#[87]">&gt;&gt;</a>&nbsp;&nbsp;&nbsp;flash_lock
<LI><a href="#[85]">&gt;&gt;</a>&nbsp;&nbsp;&nbsp;flash_unlock
</UL>
<BR>[Called By]<UL><LI><a href="#[55]">&gt;&gt;</a>&nbsp;&nbsp;&nbsp;boot_metadata_save
<LI><a href="#[51]">&gt;&gt;</a>&nbsp;&nbsp;&nbsp;boot_metadata_init
</UL>

<P><STRONG><a name="[2d]"></a>safe_mode_can_rx_handler</STRONG> (Thumb, 44 bytes, Stack size 0 bytes, boot_safe_mode.o(.text.safe_mode_can_rx_handler))
<BR><BR>[Stack]<UL><LI>Max Depth = 176<LI>Call Chain = safe_mode_can_rx_handler &rArr; isotp_rx_process &rArr; can_driver_send &rArr; can_txbuf_write
</UL>
<BR>[Calls]<UL><LI><a href="#[92]">&gt;&gt;</a>&nbsp;&nbsp;&nbsp;isotp_rx_process
</UL>
<BR>[Address Reference Count : 1]<UL><LI> boot_safe_mode.o(.text.enter_safe_mode)
</UL>
<P><STRONG><a name="[2e]"></a>isotp_message_received</STRONG> (Thumb, 3696 bytes, Stack size 88 bytes, boot_safe_mode.o(.text.isotp_message_received))
<BR><BR>[Stack]<UL><LI>Max Depth = 2448 + Unknown Stack Size
<LI>Call Chain = isotp_message_received &rArr; boot_verify_image &rArr; uECC_verify &rArr; point_mul &rArr; jp_add &rArr; jp_double &rArr; modmul
</UL>
<BR>[Calls]<UL><LI><a href="#[8c]">&gt;&gt;</a>&nbsp;&nbsp;&nbsp;__aeabi_memclr4
<LI><a href="#[5b]">&gt;&gt;</a>&nbsp;&nbsp;&nbsp;uECC_verify
<LI><a href="#[8e]">&gt;&gt;</a>&nbsp;&nbsp;&nbsp;sha256_hash
<LI><a href="#[8d]">&gt;&gt;</a>&nbsp;&nbsp;&nbsp;boot_verify_get_public_key
<LI><a href="#[88]">&gt;&gt;</a>&nbsp;&nbsp;&nbsp;isotp_tx_send
<LI><a href="#[56]">&gt;&gt;</a>&nbsp;&nbsp;&nbsp;boot_verify_image
<LI><a href="#[83]">&gt;&gt;</a>&nbsp;&nbsp;&nbsp;uECC_set_progress_cb
<LI><a href="#[82]">&gt;&gt;</a>&nbsp;&nbsp;&nbsp;sit1145_normal_mode_set
<LI><a href="#[8b]">&gt;&gt;</a>&nbsp;&nbsp;&nbsp;__NVIC_SystemReset
<LI><a href="#[8a]">&gt;&gt;</a>&nbsp;&nbsp;&nbsp;safe_mode_can_busoff_recover
<LI><a href="#[2f]">&gt;&gt;</a>&nbsp;&nbsp;&nbsp;safe_mode_long_op_pump
<LI><a href="#[90]">&gt;&gt;</a>&nbsp;&nbsp;&nbsp;boot_metadata_slot_size
<LI><a href="#[55]">&gt;&gt;</a>&nbsp;&nbsp;&nbsp;boot_metadata_save
<LI><a href="#[8f]">&gt;&gt;</a>&nbsp;&nbsp;&nbsp;boot_metadata_slot_addr
<LI><a href="#[86]">&gt;&gt;</a>&nbsp;&nbsp;&nbsp;flash_word_program
<LI><a href="#[91]">&gt;&gt;</a>&nbsp;&nbsp;&nbsp;flash_sector_erase
<LI><a href="#[87]">&gt;&gt;</a>&nbsp;&nbsp;&nbsp;flash_lock
<LI><a href="#[85]">&gt;&gt;</a>&nbsp;&nbsp;&nbsp;flash_unlock
<LI><a href="#[77]">&gt;&gt;</a>&nbsp;&nbsp;&nbsp;timer_get_tick
<LI><a href="#[76]">&gt;&gt;</a>&nbsp;&nbsp;&nbsp;can_driver_wait_tx_idle
<LI><a href="#[71]">&gt;&gt;</a>&nbsp;&nbsp;&nbsp;can_driver_send
</UL>
<BR>[Address Reference Count : 1]<UL><LI> boot_safe_mode.o(.text.enter_safe_mode)
</UL>
<P><STRONG><a name="[2f]"></a>safe_mode_long_op_pump</STRONG> (Thumb, 176 bytes, Stack size 24 bytes, boot_safe_mode.o(.text.safe_mode_long_op_pump))
<BR><BR>[Stack]<UL><LI>Max Depth = 288<LI>Call Chain = safe_mode_long_op_pump &rArr; safe_mode_can_busoff_recover &rArr; can_driver_init &rArr; sit1145_init &rArr; sit1145_normal_mode_set &rArr; sit1145_read_reg
</UL>
<BR>[Calls]<UL><LI><a href="#[82]">&gt;&gt;</a>&nbsp;&nbsp;&nbsp;sit1145_normal_mode_set
<LI><a href="#[81]">&gt;&gt;</a>&nbsp;&nbsp;&nbsp;isotp_poll
<LI><a href="#[8a]">&gt;&gt;</a>&nbsp;&nbsp;&nbsp;safe_mode_can_busoff_recover
<LI><a href="#[80]">&gt;&gt;</a>&nbsp;&nbsp;&nbsp;can_driver_poll
<LI><a href="#[77]">&gt;&gt;</a>&nbsp;&nbsp;&nbsp;timer_get_tick
<LI><a href="#[76]">&gt;&gt;</a>&nbsp;&nbsp;&nbsp;can_driver_wait_tx_idle
<LI><a href="#[71]">&gt;&gt;</a>&nbsp;&nbsp;&nbsp;can_driver_send
</UL>
<BR>[Called By]<UL><LI><a href="#[2e]">&gt;&gt;</a>&nbsp;&nbsp;&nbsp;isotp_message_received
<LI><a href="#[7c]">&gt;&gt;</a>&nbsp;&nbsp;&nbsp;enter_safe_mode
</UL>
<BR>[Address Reference Count : 2]<UL><LI> boot_safe_mode.o(.text.enter_safe_mode)
<LI> boot_safe_mode.o(.text.isotp_message_received)
</UL>
<P><STRONG><a name="[8a]"></a>safe_mode_can_busoff_recover</STRONG> (Thumb, 84 bytes, Stack size 16 bytes, boot_safe_mode.o(.text.safe_mode_can_busoff_recover))
<BR><BR>[Stack]<UL><LI>Max Depth = 264<LI>Call Chain = safe_mode_can_busoff_recover &rArr; can_driver_init &rArr; sit1145_init &rArr; sit1145_normal_mode_set &rArr; sit1145_read_reg
</UL>
<BR>[Calls]<UL><LI><a href="#[5e]">&gt;&gt;</a>&nbsp;&nbsp;&nbsp;can_busoff_reset
<LI><a href="#[5d]">&gt;&gt;</a>&nbsp;&nbsp;&nbsp;can_busoff_get
<LI><a href="#[77]">&gt;&gt;</a>&nbsp;&nbsp;&nbsp;timer_get_tick
<LI><a href="#[60]">&gt;&gt;</a>&nbsp;&nbsp;&nbsp;can_driver_init
</UL>
<BR>[Called By]<UL><LI><a href="#[2f]">&gt;&gt;</a>&nbsp;&nbsp;&nbsp;safe_mode_long_op_pump
<LI><a href="#[2e]">&gt;&gt;</a>&nbsp;&nbsp;&nbsp;isotp_message_received
<LI><a href="#[7c]">&gt;&gt;</a>&nbsp;&nbsp;&nbsp;enter_safe_mode
</UL>

<P><STRONG><a name="[8b]"></a>__NVIC_SystemReset</STRONG> (Thumb, 36 bytes, Stack size 0 bytes, boot_safe_mode.o(.text.__NVIC_SystemReset))
<BR><BR>[Called By]<UL><LI><a href="#[2e]">&gt;&gt;</a>&nbsp;&nbsp;&nbsp;isotp_message_received
</UL>

<P><STRONG><a name="[a0]"></a>sha256_transform</STRONG> (Thumb, 312 bytes, Stack size 328 bytes, sha256.o(.text.sha256_transform))
<BR><BR>[Stack]<UL><LI>Max Depth = 328<LI>Call Chain = sha256_transform
</UL>
<BR>[Called By]<UL><LI><a href="#[5a]">&gt;&gt;</a>&nbsp;&nbsp;&nbsp;sha256_final
<LI><a href="#[59]">&gt;&gt;</a>&nbsp;&nbsp;&nbsp;sha256_update
<LI><a href="#[8e]">&gt;&gt;</a>&nbsp;&nbsp;&nbsp;sha256_hash
</UL>

<P><STRONG><a name="[b8]"></a>bytes_to_w256</STRONG> (Thumb, 26 bytes, Stack size 0 bytes, uecc.o(.text.bytes_to_w256))
<BR><BR>[Called By]<UL><LI><a href="#[5b]">&gt;&gt;</a>&nbsp;&nbsp;&nbsp;uECC_verify
</UL>

<P><STRONG><a name="[a1]"></a>sinv</STRONG> (Thumb, 220 bytes, Stack size 112 bytes, uecc.o(.text.sinv))
<BR><BR>[Stack]<UL><LI>Max Depth = 392 + Unknown Stack Size
<LI>Call Chain = sinv &rArr; modmul
</UL>
<BR>[Calls]<UL><LI><a href="#[96]">&gt;&gt;</a>&nbsp;&nbsp;&nbsp;modmul
</UL>
<BR>[Called By]<UL><LI><a href="#[5b]">&gt;&gt;</a>&nbsp;&nbsp;&nbsp;uECC_verify
</UL>

<P><STRONG><a name="[96]"></a>modmul</STRONG> (Thumb, 558 bytes, Stack size 280 bytes, uecc.o(.text.modmul))
<BR><BR>[Stack]<UL><LI>Max Depth = 280 + Unknown Stack Size
<LI>Call Chain = modmul
</UL>
<BR>[Calls]<UL><LI><a href="#[8c]">&gt;&gt;</a>&nbsp;&nbsp;&nbsp;__aeabi_memclr4
</UL>
<BR>[Called By]<UL><LI><a href="#[97]">&gt;&gt;</a>&nbsp;&nbsp;&nbsp;jp_double
<LI><a href="#[98]">&gt;&gt;</a>&nbsp;&nbsp;&nbsp;jp_to_affine
<LI><a href="#[95]">&gt;&gt;</a>&nbsp;&nbsp;&nbsp;jp_add
<LI><a href="#[a1]">&gt;&gt;</a>&nbsp;&nbsp;&nbsp;sinv
<LI><a href="#[5b]">&gt;&gt;</a>&nbsp;&nbsp;&nbsp;uECC_verify
</UL>

<P><STRONG><a name="[9f]"></a>point_mul</STRONG> (Thumb, 156 bytes, Stack size 232 bytes, uecc.o(.text.point_mul))
<BR><BR>[Stack]<UL><LI>Max Depth = 1280 + Unknown Stack Size
<LI>Call Chain = point_mul &rArr; jp_add &rArr; jp_double &rArr; modmul
</UL>
<BR>[Calls]<UL><LI><a href="#[8c]">&gt;&gt;</a>&nbsp;&nbsp;&nbsp;__aeabi_memclr4
<LI><a href="#[42]">&gt;&gt;</a>&nbsp;&nbsp;&nbsp;__aeabi_memcpy4
<LI><a href="#[97]">&gt;&gt;</a>&nbsp;&nbsp;&nbsp;jp_double
<LI><a href="#[95]">&gt;&gt;</a>&nbsp;&nbsp;&nbsp;jp_add
</UL>
<BR>[Called By]<UL><LI><a href="#[5b]">&gt;&gt;</a>&nbsp;&nbsp;&nbsp;uECC_verify
</UL>

<P><STRONG><a name="[95]"></a>jp_add</STRONG> (Thumb, 1138 bytes, Stack size 496 bytes, uecc.o(.text.jp_add))
<BR><BR>[Stack]<UL><LI>Max Depth = 1048 + Unknown Stack Size
<LI>Call Chain = jp_add &rArr; jp_double &rArr; modmul
</UL>
<BR>[Calls]<UL><LI><a href="#[8c]">&gt;&gt;</a>&nbsp;&nbsp;&nbsp;__aeabi_memclr4
<LI><a href="#[42]">&gt;&gt;</a>&nbsp;&nbsp;&nbsp;__aeabi_memcpy4
<LI><a href="#[97]">&gt;&gt;</a>&nbsp;&nbsp;&nbsp;jp_double
<LI><a href="#[96]">&gt;&gt;</a>&nbsp;&nbsp;&nbsp;modmul
</UL>
<BR>[Called By]<UL><LI><a href="#[9f]">&gt;&gt;</a>&nbsp;&nbsp;&nbsp;point_mul
<LI><a href="#[5b]">&gt;&gt;</a>&nbsp;&nbsp;&nbsp;uECC_verify
</UL>

<P><STRONG><a name="[98]"></a>jp_to_affine</STRONG> (Thumb, 364 bytes, Stack size 152 bytes, uecc.o(.text.jp_to_affine))
<BR><BR>[Stack]<UL><LI>Max Depth = 432 + Unknown Stack Size
<LI>Call Chain = jp_to_affine &rArr; modmul
</UL>
<BR>[Calls]<UL><LI><a href="#[96]">&gt;&gt;</a>&nbsp;&nbsp;&nbsp;modmul
</UL>
<BR>[Called By]<UL><LI><a href="#[5b]">&gt;&gt;</a>&nbsp;&nbsp;&nbsp;uECC_verify
</UL>

<P><STRONG><a name="[97]"></a>jp_double</STRONG> (Thumb, 1650 bytes, Stack size 272 bytes, uecc.o(.text.jp_double))
<BR><BR>[Stack]<UL><LI>Max Depth = 552 + Unknown Stack Size
<LI>Call Chain = jp_double &rArr; modmul
</UL>
<BR>[Calls]<UL><LI><a href="#[8c]">&gt;&gt;</a>&nbsp;&nbsp;&nbsp;__aeabi_memclr4
<LI><a href="#[96]">&gt;&gt;</a>&nbsp;&nbsp;&nbsp;modmul
</UL>
<BR>[Called By]<UL><LI><a href="#[95]">&gt;&gt;</a>&nbsp;&nbsp;&nbsp;jp_add
<LI><a href="#[9f]">&gt;&gt;</a>&nbsp;&nbsp;&nbsp;point_mul
</UL>

<P><STRONG><a name="[93]"></a>isotp_wait_cts</STRONG> (Thumb, 266 bytes, Stack size 64 bytes, isotp.o(.text.isotp_wait_cts))
<BR><BR>[Stack]<UL><LI>Max Depth = 240<LI>Call Chain = isotp_wait_cts &rArr; isotp_rx_process &rArr; can_driver_send &rArr; can_txbuf_write
</UL>
<BR>[Calls]<UL><LI><a href="#[42]">&gt;&gt;</a>&nbsp;&nbsp;&nbsp;__aeabi_memcpy4
<LI><a href="#[92]">&gt;&gt;</a>&nbsp;&nbsp;&nbsp;isotp_rx_process
<LI><a href="#[77]">&gt;&gt;</a>&nbsp;&nbsp;&nbsp;timer_get_tick
<LI><a href="#[94]">&gt;&gt;</a>&nbsp;&nbsp;&nbsp;can_driver_recv
</UL>
<BR>[Called By]<UL><LI><a href="#[88]">&gt;&gt;</a>&nbsp;&nbsp;&nbsp;isotp_tx_send
</UL>
<P>
<H3>
Undefined Global Symbols
</H3><HR></body></html>
