<html>
<body>
<pre>
<h1>礦ision Build Log</h1>
<h2>Tool Versions:</h2>
IDE-Version: μVision V5.38.0.0
Copyright (C) 2022 ARM Ltd and ARM Germany GmbH. All rights reserved.
License Information: Nights Administrator, Nights, LIC=9WSKC-7SQU2-TG47T-RRDUG-SP41I-GMZ5I
 
Tool Versions:
Toolchain:       MDK-ARM Plus  Version: 5.38.0.0
Toolchain Path:  D:\Keil_v5\ARM\ARMCLANG\Bin
C Compiler:      ArmClang.exe V6.19
Assembler:       Armasm.exe V6.19
Linker/Locator:  ArmLink.exe V6.19
Library Manager: ArmAr.exe V6.19
Hex Converter:   FromElf.exe V6.19
CPU DLL:         SARMCM3.DLL V5.38.0.0
Dialog DLL:      DCM.DLL V1.17.5.0
Target DLL:      UL2CM3.DLL V1.164.8.0
Dialog DLL:      TCM.DLL V1.56.4.0
 
<h2>Project:</h2>
I:\Outsource_Design_Workspace\Keil5 Workspace Floder\2026-07-28-基于at32的车载Qi无线充电模块的CAN通信栈设计\qi_wireless_code\mdk_project\qi_wireless.uvprojx
Project File Date:  07/28/2026

<h2>Output:</h2>
*** Using Compiler 'V6.19', folder: 'D:\Keil_v5\ARM\ARMCLANG\Bin'
Rebuild target 'Target 1'
compiling system_at32f422_426.c...
compiling at32f422_426_adc.c...
compiling at32f422_426_misc.c...
assembling startup_at32f422_426.s...
compiling at32f422_426_dma.c...
compiling at32f422_426_can.c...
compiling at32f422_426_i2c.c...
compiling at32f422_426_debug.c...
compiling at32f422_426_gpio.c...
compiling at32f422_426_crm.c...
compiling at32f422_426_cmp.c...
compiling at32f422_426_pwc.c...
compiling at32f422_426_crc.c...
compiling at32f422_426_scfg.c...
compiling at32f422_426_exint.c...
compiling at32f422_426_spi.c...
compiling at32f422_426_ertc.c...
compiling at32f422_426_flash.c...
compiling at32f422_426_tmr.c...
compiling at32f422_426_usart.c...
compiling at32f422_426_wwdt.c...
compiling at32f422_426_wdt.c...
compiling at32f422_426_clock.c...
compiling main.c...
../mdk_user/Src/at32f422_426_int.c(139): warning: no previous prototype for function 'CAN1_RX_IRQHandler' [-Wmissing-prototypes]
void CAN1_RX_IRQHandler(void)
     ^
../mdk_user/Src/at32f422_426_int.c(139): note: declare 'static' if the function is not intended to be used outside of this translation unit
void CAN1_RX_IRQHandler(void)
^
static 
../mdk_user/Src/at32f422_426_int.c(149): warning: no previous prototype for function 'CAN1_ERR_IRQHandler' [-Wmissing-prototypes]
void CAN1_ERR_IRQHandler(void)
     ^
../mdk_user/Src/at32f422_426_int.c(149): note: declare 'static' if the function is not intended to be used outside of this translation unit
void CAN1_ERR_IRQHandler(void)
^
static 
2 warnings generated.
compiling at32f422_426_int.c...
linking...
Program Size: Code=3064 RO-data=264 RW-data=4 ZI-data=1636  
".\Objects\qi_wireless.axf" - 0 Error(s), 2 Warning(s).

<h2>Software Packages used:</h2>

Package Vendor: ArteryTek
                
                ArteryTek.AT32F422_426_DFP.2.0.1
                ArteryTek AT32F422_426 Series Device Support,Drivers

<h2>Collection of Component include folders:</h2>
  D:/Keil_v5/ARM/PACK/ArteryTek/AT32F422_426_DFP/2.0.1/Device/Include

<h2>Collection of Component Files used:</h2>
Build Time Elapsed:  00:00:01
</pre>
</body>
</html>
