<!doctype html public "-//w3c//dtd html 4.0 transitional//en">
<html><head>
<title>Static Call Graph - [.\Objects\qi_wireless.axf]</title></head>
<body><HR>
<H1>Static Call Graph for image .\Objects\qi_wireless.axf</H1><HR>
<BR><P>#&#060CALLGRAPH&#062# ARM Linker, 6190004: Last Updated: Sat Aug 22 20:02:45 2026
<BR><P>
<H3>Maximum Stack Usage =       1856 bytes + Unknown(Functions without stacksize, Cycles, Untraceable Function Pointers)</H3><H3>
Call chain for Maximum Stack Depth:</H3>
isotp_message_received &rArr; uds_process_message &rArr; handle_read_data_by_id &rArr; proto_send_nrc &rArr; proto_send_response &rArr; isotp_tx_send &rArr; isotp_wait_cts &rArr; isotp_rx_process &rArr; isotp_send_fc &rArr; isotp_can_send &rArr; can_driver_send &rArr; can_txbuf_write
<P>
<H3>
Functions with no stack information
</H3><UL>
 <LI><a href="#[46]">__user_initial_stackheap</a>
</UL>
</UL>
<P>
<H3>
Mutually Recursive functions
</H3> <LI><a href="#[15]">ADC1_CMP_IRQHandler</a>&nbsp;&nbsp;&nbsp;&rArr;&nbsp;&nbsp;&nbsp;<a href="#[15]">ADC1_CMP_IRQHandler</a><BR>
</UL>
<P>
<H3>
Function Pointers
</H3><UL>
 <LI><a href="#[15]">ADC1_CMP_IRQHandler</a> from startup_at32f422_426.o(.text) referenced from startup_at32f422_426.o(RESET)
 <LI><a href="#[4]">BusFault_Handler</a> from at32f422_426_int.o(.text.BusFault_Handler) referenced from startup_at32f422_426.o(RESET)
 <LI><a href="#[29]">CAN1_ERR_IRQHandler</a> from at32f422_426_int.o(.text.CAN1_ERR_IRQHandler) referenced from startup_at32f422_426.o(RESET)
 <LI><a href="#[25]">CAN1_RX_IRQHandler</a> from at32f422_426_int.o(.text.CAN1_RX_IRQHandler) referenced from startup_at32f422_426.o(RESET)
 <LI><a href="#[28]">CAN1_STAT_IRQHandler</a> from startup_at32f422_426.o(.text) referenced from startup_at32f422_426.o(RESET)
 <LI><a href="#[24]">CAN1_TX_IRQHandler</a> from startup_at32f422_426.o(.text) referenced from startup_at32f422_426.o(RESET)
 <LI><a href="#[e]">CRM_IRQHandler</a> from startup_at32f422_426.o(.text) referenced from startup_at32f422_426.o(RESET)
 <LI><a href="#[12]">DMA1_Channel1_IRQHandler</a> from startup_at32f422_426.o(.text) referenced from startup_at32f422_426.o(RESET)
 <LI><a href="#[13]">DMA1_Channel3_2_IRQHandler</a> from startup_at32f422_426.o(.text) referenced from startup_at32f422_426.o(RESET)
 <LI><a href="#[14]">DMA1_Channel7_4_IRQHandler</a> from startup_at32f422_426.o(.text) referenced from startup_at32f422_426.o(RESET)
 <LI><a href="#[7]">DebugMon_Handler</a> from at32f422_426_int.o(.text.DebugMon_Handler) referenced from startup_at32f422_426.o(RESET)
 <LI><a href="#[c]">ERTC_IRQHandler</a> from startup_at32f422_426.o(.text) referenced from startup_at32f422_426.o(RESET)
 <LI><a href="#[11]">EXINT15_4_IRQHandler</a> from startup_at32f422_426.o(.text) referenced from startup_at32f422_426.o(RESET)
 <LI><a href="#[f]">EXINT1_0_IRQHandler</a> from startup_at32f422_426.o(.text) referenced from startup_at32f422_426.o(RESET)
 <LI><a href="#[10]">EXINT3_2_IRQHandler</a> from startup_at32f422_426.o(.text) referenced from startup_at32f422_426.o(RESET)
 <LI><a href="#[d]">FLASH_IRQHandler</a> from startup_at32f422_426.o(.text) referenced from startup_at32f422_426.o(RESET)
 <LI><a href="#[2a]">FPU_IRQHandler</a> from startup_at32f422_426.o(.text) referenced from startup_at32f422_426.o(RESET)
 <LI><a href="#[2]">HardFault_Handler</a> from at32f422_426_int.o(.text.HardFault_Handler) referenced from startup_at32f422_426.o(RESET)
 <LI><a href="#[26]">I2C1_ERR_IRQHandler</a> from startup_at32f422_426.o(.text) referenced from startup_at32f422_426.o(RESET)
 <LI><a href="#[1e]">I2C1_EVT_IRQHandler</a> from startup_at32f422_426.o(.text) referenced from startup_at32f422_426.o(RESET)
 <LI><a href="#[27]">I2C2_ERR_IRQHandler</a> from startup_at32f422_426.o(.text) referenced from startup_at32f422_426.o(RESET)
 <LI><a href="#[1f]">I2C2_EVT_IRQHandler</a> from startup_at32f422_426.o(.text) referenced from startup_at32f422_426.o(RESET)
 <LI><a href="#[3]">MemManage_Handler</a> from at32f422_426_int.o(.text.MemManage_Handler) referenced from startup_at32f422_426.o(RESET)
 <LI><a href="#[1]">NMI_Handler</a> from at32f422_426_int.o(.text.NMI_Handler) referenced from startup_at32f422_426.o(RESET)
 <LI><a href="#[b]">PVM_IRQHandler</a> from startup_at32f422_426.o(.text) referenced from startup_at32f422_426.o(RESET)
 <LI><a href="#[8]">PendSV_Handler</a> from at32f422_426_int.o(.text.PendSV_Handler) referenced from startup_at32f422_426.o(RESET)
 <LI><a href="#[0]">Reset_Handler</a> from startup_at32f422_426.o(.text) referenced from startup_at32f422_426.o(RESET)
 <LI><a href="#[20]">SPI1_IRQHandler</a> from startup_at32f422_426.o(.text) referenced from startup_at32f422_426.o(RESET)
 <LI><a href="#[21]">SPI2_IRQHandler</a> from startup_at32f422_426.o(.text) referenced from startup_at32f422_426.o(RESET)
 <LI><a href="#[6]">SVC_Handler</a> from at32f422_426_int.o(.text.SVC_Handler) referenced from startup_at32f422_426.o(RESET)
 <LI><a href="#[9]">SysTick_Handler</a> from at32f422_426_int.o(.text.SysTick_Handler) referenced from startup_at32f422_426.o(RESET)
 <LI><a href="#[2b]">SystemInit</a> from system_at32f422_426.o(.text.SystemInit) referenced from startup_at32f422_426.o(.text)
 <LI><a href="#[1b]">TMR15_GLOBAL_IRQHandler</a> from startup_at32f422_426.o(.text) referenced from startup_at32f422_426.o(RESET)
 <LI><a href="#[1c]">TMR16_GLOBAL_IRQHandler</a> from startup_at32f422_426.o(.text) referenced from startup_at32f422_426.o(RESET)
 <LI><a href="#[1d]">TMR17_GLOBAL_IRQHandler</a> from startup_at32f422_426.o(.text) referenced from startup_at32f422_426.o(RESET)
 <LI><a href="#[16]">TMR1_BRK_OVF_TRG_HALL_IRQHandler</a> from startup_at32f422_426.o(.text) referenced from startup_at32f422_426.o(RESET)
 <LI><a href="#[17]">TMR1_CH_IRQHandler</a> from startup_at32f422_426.o(.text) referenced from startup_at32f422_426.o(RESET)
 <LI><a href="#[18]">TMR3_GLOBAL_IRQHandler</a> from startup_at32f422_426.o(.text) referenced from startup_at32f422_426.o(RESET)
 <LI><a href="#[1a]">TMR4_GLOBAL_IRQHandler</a> from startup_at32f422_426.o(.text) referenced from startup_at32f422_426.o(RESET)
 <LI><a href="#[19]">TMR6_GLOBAL_IRQHandler</a> from startup_at32f422_426.o(.text) referenced from startup_at32f422_426.o(RESET)
 <LI><a href="#[22]">USART1_IRQHandler</a> from at32f422_426_int.o(.text.USART1_IRQHandler) referenced from startup_at32f422_426.o(RESET)
 <LI><a href="#[23]">USART2_IRQHandler</a> from at32f422_426_int.o(.text.USART2_IRQHandler) referenced from startup_at32f422_426.o(RESET)
 <LI><a href="#[5]">UsageFault_Handler</a> from at32f422_426_int.o(.text.UsageFault_Handler) referenced from startup_at32f422_426.o(RESET)
 <LI><a href="#[a]">WWDT_IRQHandler</a> from startup_at32f422_426.o(.text) referenced from startup_at32f422_426.o(RESET)
 <LI><a href="#[2c]">__main</a> from __main.o(!!!main) referenced from startup_at32f422_426.o(.text)
 <LI><a href="#[2e]">can_protocol_rx_handler</a> from can_protocol.o(.text.can_protocol_rx_handler) referenced 2 times from can_protocol.o(.text.can_protocol_init)
 <LI><a href="#[2d]">isotp_message_received</a> from can_protocol.o(.text.isotp_message_received) referenced 2 times from can_protocol.o(.text.can_protocol_init)
 <LI><a href="#[2f]">lifecycle_on_busoff_recovery</a> from lifecycle.o(.text.lifecycle_on_busoff_recovery) referenced 2 times from lifecycle.o(.text.lifecycle_init)
</UL>
<P>
<H3>
Global Symbols
</H3>
<P><STRONG><a name="[2c]"></a>__main</STRONG> (Thumb, 8 bytes, Stack size 0 bytes, __main.o(!!!main))
<BR><BR>[Calls]<UL><LI><a href="#[31]">&gt;&gt;</a>&nbsp;&nbsp;&nbsp;__rt_entry
<LI><a href="#[30]">&gt;&gt;</a>&nbsp;&nbsp;&nbsp;__scatterload
</UL>
<BR>[Address Reference Count : 1]<UL><LI> startup_at32f422_426.o(.text)
</UL>
<P><STRONG><a name="[30]"></a>__scatterload</STRONG> (Thumb, 0 bytes, Stack size unknown bytes, __scatter.o(!!!scatter))
<BR><BR>[Called By]<UL><LI><a href="#[2c]">&gt;&gt;</a>&nbsp;&nbsp;&nbsp;__main
</UL>

<P><STRONG><a name="[32]"></a>__scatterload_rt2</STRONG> (Thumb, 44 bytes, Stack size unknown bytes, __scatter.o(!!!scatter), UNUSED)
<BR><BR>[Calls]<UL><LI><a href="#[31]">&gt;&gt;</a>&nbsp;&nbsp;&nbsp;__rt_entry
</UL>

<P><STRONG><a name="[d1]"></a>__scatterload_rt2_thumb_only</STRONG> (Thumb, 0 bytes, Stack size unknown bytes, __scatter.o(!!!scatter), UNUSED)

<P><STRONG><a name="[d2]"></a>__scatterload_null</STRONG> (Thumb, 0 bytes, Stack size unknown bytes, __scatter.o(!!!scatter), UNUSED)

<P><STRONG><a name="[33]"></a>__scatterload_copy</STRONG> (Thumb, 26 bytes, Stack size unknown bytes, __scatter_copy.o(!!handler_copy), UNUSED)
<BR><BR>[Calls]<UL><LI><a href="#[33]">&gt;&gt;</a>&nbsp;&nbsp;&nbsp;__scatterload_copy
</UL>
<BR>[Called By]<UL><LI><a href="#[33]">&gt;&gt;</a>&nbsp;&nbsp;&nbsp;__scatterload_copy
</UL>

<P><STRONG><a name="[d3]"></a>__scatterload_zeroinit</STRONG> (Thumb, 28 bytes, Stack size unknown bytes, __scatter_zi.o(!!handler_zi), UNUSED)

<P><STRONG><a name="[39]"></a>__rt_lib_init</STRONG> (Thumb, 0 bytes, Stack size unknown bytes, libinit.o(.ARM.Collect$$libinit$$00000000))
<BR><BR>[Called By]<UL><LI><a href="#[38]">&gt;&gt;</a>&nbsp;&nbsp;&nbsp;__rt_entry_li
</UL>

<P><STRONG><a name="[34]"></a>__rt_lib_init_fp_1</STRONG> (Thumb, 0 bytes, Stack size unknown bytes, libinit2.o(.ARM.Collect$$libinit$$00000001))
<BR><BR>[Calls]<UL><LI><a href="#[35]">&gt;&gt;</a>&nbsp;&nbsp;&nbsp;_fp_init
</UL>

<P><STRONG><a name="[d4]"></a>__rt_lib_init_alloca_1</STRONG> (Thumb, 0 bytes, Stack size unknown bytes, libinit2.o(.ARM.Collect$$libinit$$00000030))

<P><STRONG><a name="[d5]"></a>__rt_lib_init_argv_1</STRONG> (Thumb, 0 bytes, Stack size unknown bytes, libinit2.o(.ARM.Collect$$libinit$$0000002E))

<P><STRONG><a name="[d6]"></a>__rt_lib_init_atexit_1</STRONG> (Thumb, 0 bytes, Stack size unknown bytes, libinit2.o(.ARM.Collect$$libinit$$0000001D))

<P><STRONG><a name="[d7]"></a>__rt_lib_init_clock_1</STRONG> (Thumb, 0 bytes, Stack size unknown bytes, libinit2.o(.ARM.Collect$$libinit$$00000023))

<P><STRONG><a name="[d8]"></a>__rt_lib_init_cpp_1</STRONG> (Thumb, 0 bytes, Stack size unknown bytes, libinit2.o(.ARM.Collect$$libinit$$00000034))

<P><STRONG><a name="[d9]"></a>__rt_lib_init_exceptions_1</STRONG> (Thumb, 0 bytes, Stack size unknown bytes, libinit2.o(.ARM.Collect$$libinit$$00000032))

<P><STRONG><a name="[da]"></a>__rt_lib_init_fp_trap_1</STRONG> (Thumb, 0 bytes, Stack size unknown bytes, libinit2.o(.ARM.Collect$$libinit$$00000021))

<P><STRONG><a name="[db]"></a>__rt_lib_init_getenv_1</STRONG> (Thumb, 0 bytes, Stack size unknown bytes, libinit2.o(.ARM.Collect$$libinit$$00000025))

<P><STRONG><a name="[dc]"></a>__rt_lib_init_heap_1</STRONG> (Thumb, 0 bytes, Stack size unknown bytes, libinit2.o(.ARM.Collect$$libinit$$0000000C))

<P><STRONG><a name="[dd]"></a>__rt_lib_init_lc_collate_1</STRONG> (Thumb, 0 bytes, Stack size unknown bytes, libinit2.o(.ARM.Collect$$libinit$$00000013))

<P><STRONG><a name="[de]"></a>__rt_lib_init_lc_ctype_1</STRONG> (Thumb, 0 bytes, Stack size unknown bytes, libinit2.o(.ARM.Collect$$libinit$$00000015))

<P><STRONG><a name="[df]"></a>__rt_lib_init_lc_monetary_1</STRONG> (Thumb, 0 bytes, Stack size unknown bytes, libinit2.o(.ARM.Collect$$libinit$$00000017))

<P><STRONG><a name="[e0]"></a>__rt_lib_init_lc_numeric_1</STRONG> (Thumb, 0 bytes, Stack size unknown bytes, libinit2.o(.ARM.Collect$$libinit$$00000019))

<P><STRONG><a name="[e1]"></a>__rt_lib_init_lc_time_1</STRONG> (Thumb, 0 bytes, Stack size unknown bytes, libinit2.o(.ARM.Collect$$libinit$$0000001B))

<P><STRONG><a name="[e2]"></a>__rt_lib_init_preinit_1</STRONG> (Thumb, 0 bytes, Stack size unknown bytes, libinit2.o(.ARM.Collect$$libinit$$00000006))

<P><STRONG><a name="[e3]"></a>__rt_lib_init_rand_1</STRONG> (Thumb, 0 bytes, Stack size unknown bytes, libinit2.o(.ARM.Collect$$libinit$$00000010))

<P><STRONG><a name="[e4]"></a>__rt_lib_init_relocate_pie_1</STRONG> (Thumb, 0 bytes, Stack size unknown bytes, libinit2.o(.ARM.Collect$$libinit$$00000004))

<P><STRONG><a name="[e5]"></a>__rt_lib_init_return</STRONG> (Thumb, 0 bytes, Stack size unknown bytes, libinit2.o(.ARM.Collect$$libinit$$00000035))

<P><STRONG><a name="[e6]"></a>__rt_lib_init_signal_1</STRONG> (Thumb, 0 bytes, Stack size unknown bytes, libinit2.o(.ARM.Collect$$libinit$$0000001F))

<P><STRONG><a name="[e7]"></a>__rt_lib_init_stdio_1</STRONG> (Thumb, 0 bytes, Stack size unknown bytes, libinit2.o(.ARM.Collect$$libinit$$00000027))

<P><STRONG><a name="[e8]"></a>__rt_lib_init_user_alloc_1</STRONG> (Thumb, 0 bytes, Stack size unknown bytes, libinit2.o(.ARM.Collect$$libinit$$0000000E))

<P><STRONG><a name="[3e]"></a>__rt_lib_shutdown</STRONG> (Thumb, 0 bytes, Stack size unknown bytes, libshutdown.o(.ARM.Collect$$libshutdown$$00000000))
<BR><BR>[Called By]<UL><LI><a href="#[3d]">&gt;&gt;</a>&nbsp;&nbsp;&nbsp;__rt_exit_ls
</UL>

<P><STRONG><a name="[e9]"></a>__rt_lib_shutdown_cpp_1</STRONG> (Thumb, 0 bytes, Stack size unknown bytes, libshutdown2.o(.ARM.Collect$$libshutdown$$00000002))

<P><STRONG><a name="[ea]"></a>__rt_lib_shutdown_fp_trap_1</STRONG> (Thumb, 0 bytes, Stack size unknown bytes, libshutdown2.o(.ARM.Collect$$libshutdown$$00000007))

<P><STRONG><a name="[eb]"></a>__rt_lib_shutdown_heap_1</STRONG> (Thumb, 0 bytes, Stack size unknown bytes, libshutdown2.o(.ARM.Collect$$libshutdown$$0000000F))

<P><STRONG><a name="[ec]"></a>__rt_lib_shutdown_return</STRONG> (Thumb, 0 bytes, Stack size unknown bytes, libshutdown2.o(.ARM.Collect$$libshutdown$$00000010))

<P><STRONG><a name="[ed]"></a>__rt_lib_shutdown_signal_1</STRONG> (Thumb, 0 bytes, Stack size unknown bytes, libshutdown2.o(.ARM.Collect$$libshutdown$$0000000A))

<P><STRONG><a name="[ee]"></a>__rt_lib_shutdown_stdio_1</STRONG> (Thumb, 0 bytes, Stack size unknown bytes, libshutdown2.o(.ARM.Collect$$libshutdown$$00000004))

<P><STRONG><a name="[ef]"></a>__rt_lib_shutdown_user_alloc_1</STRONG> (Thumb, 0 bytes, Stack size unknown bytes, libshutdown2.o(.ARM.Collect$$libshutdown$$0000000C))

<P><STRONG><a name="[31]"></a>__rt_entry</STRONG> (Thumb, 0 bytes, Stack size unknown bytes, __rtentry.o(.ARM.Collect$$rtentry$$00000000))
<BR><BR>[Called By]<UL><LI><a href="#[2c]">&gt;&gt;</a>&nbsp;&nbsp;&nbsp;__main
<LI><a href="#[32]">&gt;&gt;</a>&nbsp;&nbsp;&nbsp;__scatterload_rt2
</UL>

<P><STRONG><a name="[f0]"></a>__rt_entry_presh_1</STRONG> (Thumb, 0 bytes, Stack size unknown bytes, __rtentry2.o(.ARM.Collect$$rtentry$$00000002))

<P><STRONG><a name="[36]"></a>__rt_entry_sh</STRONG> (Thumb, 0 bytes, Stack size unknown bytes, __rtentry4.o(.ARM.Collect$$rtentry$$00000004))
<BR><BR>[Stack]<UL><LI>Max Depth = 8 + Unknown Stack Size
<LI>Call Chain = __rt_entry_sh &rArr; __user_setup_stackheap
</UL>
<BR>[Calls]<UL><LI><a href="#[37]">&gt;&gt;</a>&nbsp;&nbsp;&nbsp;__user_setup_stackheap
</UL>

<P><STRONG><a name="[38]"></a>__rt_entry_li</STRONG> (Thumb, 0 bytes, Stack size unknown bytes, __rtentry2.o(.ARM.Collect$$rtentry$$0000000A))
<BR><BR>[Calls]<UL><LI><a href="#[39]">&gt;&gt;</a>&nbsp;&nbsp;&nbsp;__rt_lib_init
</UL>

<P><STRONG><a name="[f1]"></a>__rt_entry_postsh_1</STRONG> (Thumb, 0 bytes, Stack size unknown bytes, __rtentry2.o(.ARM.Collect$$rtentry$$00000009))

<P><STRONG><a name="[3a]"></a>__rt_entry_main</STRONG> (Thumb, 0 bytes, Stack size unknown bytes, __rtentry2.o(.ARM.Collect$$rtentry$$0000000D))
<BR><BR>[Stack]<UL><LI>Max Depth = 708 + Unknown Stack Size
<LI>Call Chain = __rt_entry_main &rArr; main &rArr; ota_trial_poll &rArr; ota_confirm_trial &rArr; ota_metadata_save &rArr; meta_write_to_flash &rArr; flash_word_program &rArr; flash_operation_wait_for &rArr; flash_operation_status_get
</UL>
<BR>[Calls]<UL><LI><a href="#[3c]">&gt;&gt;</a>&nbsp;&nbsp;&nbsp;exit
<LI><a href="#[3b]">&gt;&gt;</a>&nbsp;&nbsp;&nbsp;main
</UL>

<P><STRONG><a name="[f2]"></a>__rt_entry_postli_1</STRONG> (Thumb, 0 bytes, Stack size unknown bytes, __rtentry2.o(.ARM.Collect$$rtentry$$0000000C))

<P><STRONG><a name="[47]"></a>__rt_exit</STRONG> (Thumb, 0 bytes, Stack size unknown bytes, rtexit.o(.ARM.Collect$$rtexit$$00000000))
<BR><BR>[Called By]<UL><LI><a href="#[3c]">&gt;&gt;</a>&nbsp;&nbsp;&nbsp;exit
</UL>

<P><STRONG><a name="[3d]"></a>__rt_exit_ls</STRONG> (Thumb, 0 bytes, Stack size unknown bytes, rtexit2.o(.ARM.Collect$$rtexit$$00000003))
<BR><BR>[Calls]<UL><LI><a href="#[3e]">&gt;&gt;</a>&nbsp;&nbsp;&nbsp;__rt_lib_shutdown
</UL>

<P><STRONG><a name="[f3]"></a>__rt_exit_prels_1</STRONG> (Thumb, 0 bytes, Stack size unknown bytes, rtexit2.o(.ARM.Collect$$rtexit$$00000002))

<P><STRONG><a name="[3f]"></a>__rt_exit_exit</STRONG> (Thumb, 0 bytes, Stack size unknown bytes, rtexit2.o(.ARM.Collect$$rtexit$$00000004))
<BR><BR>[Calls]<UL><LI><a href="#[40]">&gt;&gt;</a>&nbsp;&nbsp;&nbsp;_sys_exit
</UL>

<P><STRONG><a name="[0]"></a>Reset_Handler</STRONG> (Thumb, 8 bytes, Stack size 0 bytes, startup_at32f422_426.o(.text))
<BR>[Address Reference Count : 1]<UL><LI> startup_at32f422_426.o(RESET)
</UL>
<P><STRONG><a name="[15]"></a>ADC1_CMP_IRQHandler</STRONG> (Thumb, 0 bytes, Stack size 0 bytes, startup_at32f422_426.o(.text))
<BR><BR>[Calls]<UL><LI><a href="#[15]">&gt;&gt;</a>&nbsp;&nbsp;&nbsp;ADC1_CMP_IRQHandler
</UL>
<BR>[Called By]<UL><LI><a href="#[15]">&gt;&gt;</a>&nbsp;&nbsp;&nbsp;ADC1_CMP_IRQHandler
</UL>
<BR>[Address Reference Count : 1]<UL><LI> startup_at32f422_426.o(RESET)
</UL>
<P><STRONG><a name="[28]"></a>CAN1_STAT_IRQHandler</STRONG> (Thumb, 0 bytes, Stack size 0 bytes, startup_at32f422_426.o(.text))
<BR>[Address Reference Count : 1]<UL><LI> startup_at32f422_426.o(RESET)
</UL>
<P><STRONG><a name="[24]"></a>CAN1_TX_IRQHandler</STRONG> (Thumb, 0 bytes, Stack size 0 bytes, startup_at32f422_426.o(.text))
<BR>[Address Reference Count : 1]<UL><LI> startup_at32f422_426.o(RESET)
</UL>
<P><STRONG><a name="[e]"></a>CRM_IRQHandler</STRONG> (Thumb, 0 bytes, Stack size 0 bytes, startup_at32f422_426.o(.text))
<BR>[Address Reference Count : 1]<UL><LI> startup_at32f422_426.o(RESET)
</UL>
<P><STRONG><a name="[12]"></a>DMA1_Channel1_IRQHandler</STRONG> (Thumb, 0 bytes, Stack size 0 bytes, startup_at32f422_426.o(.text))
<BR>[Address Reference Count : 1]<UL><LI> startup_at32f422_426.o(RESET)
</UL>
<P><STRONG><a name="[13]"></a>DMA1_Channel3_2_IRQHandler</STRONG> (Thumb, 0 bytes, Stack size 0 bytes, startup_at32f422_426.o(.text))
<BR>[Address Reference Count : 1]<UL><LI> startup_at32f422_426.o(RESET)
</UL>
<P><STRONG><a name="[14]"></a>DMA1_Channel7_4_IRQHandler</STRONG> (Thumb, 0 bytes, Stack size 0 bytes, startup_at32f422_426.o(.text))
<BR>[Address Reference Count : 1]<UL><LI> startup_at32f422_426.o(RESET)
</UL>
<P><STRONG><a name="[c]"></a>ERTC_IRQHandler</STRONG> (Thumb, 0 bytes, Stack size 0 bytes, startup_at32f422_426.o(.text))
<BR>[Address Reference Count : 1]<UL><LI> startup_at32f422_426.o(RESET)
</UL>
<P><STRONG><a name="[11]"></a>EXINT15_4_IRQHandler</STRONG> (Thumb, 0 bytes, Stack size 0 bytes, startup_at32f422_426.o(.text))
<BR>[Address Reference Count : 1]<UL><LI> startup_at32f422_426.o(RESET)
</UL>
<P><STRONG><a name="[f]"></a>EXINT1_0_IRQHandler</STRONG> (Thumb, 0 bytes, Stack size 0 bytes, startup_at32f422_426.o(.text))
<BR>[Address Reference Count : 1]<UL><LI> startup_at32f422_426.o(RESET)
</UL>
<P><STRONG><a name="[10]"></a>EXINT3_2_IRQHandler</STRONG> (Thumb, 0 bytes, Stack size 0 bytes, startup_at32f422_426.o(.text))
<BR>[Address Reference Count : 1]<UL><LI> startup_at32f422_426.o(RESET)
</UL>
<P><STRONG><a name="[d]"></a>FLASH_IRQHandler</STRONG> (Thumb, 0 bytes, Stack size 0 bytes, startup_at32f422_426.o(.text))
<BR>[Address Reference Count : 1]<UL><LI> startup_at32f422_426.o(RESET)
</UL>
<P><STRONG><a name="[2a]"></a>FPU_IRQHandler</STRONG> (Thumb, 0 bytes, Stack size 0 bytes, startup_at32f422_426.o(.text))
<BR>[Address Reference Count : 1]<UL><LI> startup_at32f422_426.o(RESET)
</UL>
<P><STRONG><a name="[26]"></a>I2C1_ERR_IRQHandler</STRONG> (Thumb, 0 bytes, Stack size 0 bytes, startup_at32f422_426.o(.text))
<BR>[Address Reference Count : 1]<UL><LI> startup_at32f422_426.o(RESET)
</UL>
<P><STRONG><a name="[1e]"></a>I2C1_EVT_IRQHandler</STRONG> (Thumb, 0 bytes, Stack size 0 bytes, startup_at32f422_426.o(.text))
<BR>[Address Reference Count : 1]<UL><LI> startup_at32f422_426.o(RESET)
</UL>
<P><STRONG><a name="[27]"></a>I2C2_ERR_IRQHandler</STRONG> (Thumb, 0 bytes, Stack size 0 bytes, startup_at32f422_426.o(.text))
<BR>[Address Reference Count : 1]<UL><LI> startup_at32f422_426.o(RESET)
</UL>
<P><STRONG><a name="[1f]"></a>I2C2_EVT_IRQHandler</STRONG> (Thumb, 0 bytes, Stack size 0 bytes, startup_at32f422_426.o(.text))
<BR>[Address Reference Count : 1]<UL><LI> startup_at32f422_426.o(RESET)
</UL>
<P><STRONG><a name="[b]"></a>PVM_IRQHandler</STRONG> (Thumb, 0 bytes, Stack size 0 bytes, startup_at32f422_426.o(.text))
<BR>[Address Reference Count : 1]<UL><LI> startup_at32f422_426.o(RESET)
</UL>
<P><STRONG><a name="[20]"></a>SPI1_IRQHandler</STRONG> (Thumb, 0 bytes, Stack size 0 bytes, startup_at32f422_426.o(.text))
<BR>[Address Reference Count : 1]<UL><LI> startup_at32f422_426.o(RESET)
</UL>
<P><STRONG><a name="[21]"></a>SPI2_IRQHandler</STRONG> (Thumb, 0 bytes, Stack size 0 bytes, startup_at32f422_426.o(.text))
<BR>[Address Reference Count : 1]<UL><LI> startup_at32f422_426.o(RESET)
</UL>
<P><STRONG><a name="[1b]"></a>TMR15_GLOBAL_IRQHandler</STRONG> (Thumb, 0 bytes, Stack size 0 bytes, startup_at32f422_426.o(.text))
<BR>[Address Reference Count : 1]<UL><LI> startup_at32f422_426.o(RESET)
</UL>
<P><STRONG><a name="[1c]"></a>TMR16_GLOBAL_IRQHandler</STRONG> (Thumb, 0 bytes, Stack size 0 bytes, startup_at32f422_426.o(.text))
<BR>[Address Reference Count : 1]<UL><LI> startup_at32f422_426.o(RESET)
</UL>
<P><STRONG><a name="[1d]"></a>TMR17_GLOBAL_IRQHandler</STRONG> (Thumb, 0 bytes, Stack size 0 bytes, startup_at32f422_426.o(.text))
<BR>[Address Reference Count : 1]<UL><LI> startup_at32f422_426.o(RESET)
</UL>
<P><STRONG><a name="[16]"></a>TMR1_BRK_OVF_TRG_HALL_IRQHandler</STRONG> (Thumb, 0 bytes, Stack size 0 bytes, startup_at32f422_426.o(.text))
<BR>[Address Reference Count : 1]<UL><LI> startup_at32f422_426.o(RESET)
</UL>
<P><STRONG><a name="[17]"></a>TMR1_CH_IRQHandler</STRONG> (Thumb, 0 bytes, Stack size 0 bytes, startup_at32f422_426.o(.text))
<BR>[Address Reference Count : 1]<UL><LI> startup_at32f422_426.o(RESET)
</UL>
<P><STRONG><a name="[18]"></a>TMR3_GLOBAL_IRQHandler</STRONG> (Thumb, 0 bytes, Stack size 0 bytes, startup_at32f422_426.o(.text))
<BR>[Address Reference Count : 1]<UL><LI> startup_at32f422_426.o(RESET)
</UL>
<P><STRONG><a name="[1a]"></a>TMR4_GLOBAL_IRQHandler</STRONG> (Thumb, 0 bytes, Stack size 0 bytes, startup_at32f422_426.o(.text))
<BR>[Address Reference Count : 1]<UL><LI> startup_at32f422_426.o(RESET)
</UL>
<P><STRONG><a name="[19]"></a>TMR6_GLOBAL_IRQHandler</STRONG> (Thumb, 0 bytes, Stack size 0 bytes, startup_at32f422_426.o(.text))
<BR>[Address Reference Count : 1]<UL><LI> startup_at32f422_426.o(RESET)
</UL>
<P><STRONG><a name="[a]"></a>WWDT_IRQHandler</STRONG> (Thumb, 0 bytes, Stack size 0 bytes, startup_at32f422_426.o(.text))
<BR>[Address Reference Count : 1]<UL><LI> startup_at32f422_426.o(RESET)
</UL>
<P><STRONG><a name="[46]"></a>__user_initial_stackheap</STRONG> (Thumb, 0 bytes, Stack size unknown bytes, startup_at32f422_426.o(.text))
<BR><BR>[Called By]<UL><LI><a href="#[37]">&gt;&gt;</a>&nbsp;&nbsp;&nbsp;__user_setup_stackheap
</UL>

<P><STRONG><a name="[79]"></a>__aeabi_uldivmod</STRONG> (Thumb, 0 bytes, Stack size 48 bytes, lludivv7m.o(.text))
<BR><BR>[Stack]<UL><LI>Max Depth = 48<LI>Call Chain = __aeabi_uldivmod
</UL>
<BR>[Called By]<UL><LI><a href="#[77]">&gt;&gt;</a>&nbsp;&nbsp;&nbsp;crm_clocks_freq_get
<LI><a href="#[cb]">&gt;&gt;</a>&nbsp;&nbsp;&nbsp;system_core_clock_update
</UL>

<P><STRONG><a name="[f4]"></a>_ll_udiv</STRONG> (Thumb, 240 bytes, Stack size 48 bytes, lludivv7m.o(.text), UNUSED)

<P><STRONG><a name="[bf]"></a>__aeabi_memcpy</STRONG> (Thumb, 0 bytes, Stack size 0 bytes, rt_memcpy_v6.o(.text))
<BR><BR>[Called By]<UL><LI><a href="#[be]">&gt;&gt;</a>&nbsp;&nbsp;&nbsp;ota_metadata_save
<LI><a href="#[92]">&gt;&gt;</a>&nbsp;&nbsp;&nbsp;ota_metadata_read
</UL>

<P><STRONG><a name="[41]"></a>__rt_memcpy</STRONG> (Thumb, 138 bytes, Stack size 0 bytes, rt_memcpy_v6.o(.text), UNUSED)
<BR><BR>[Calls]<UL><LI><a href="#[42]">&gt;&gt;</a>&nbsp;&nbsp;&nbsp;__aeabi_memcpy4
</UL>

<P><STRONG><a name="[f5]"></a>_memcpy_lastbytes</STRONG> (Thumb, 0 bytes, Stack size unknown bytes, rt_memcpy_v6.o(.text), UNUSED)

<P><STRONG><a name="[b2]"></a>__aeabi_memclr</STRONG> (Thumb, 0 bytes, Stack size unknown bytes, rt_memclr.o(.text))
<BR><BR>[Called By]<UL><LI><a href="#[b1]">&gt;&gt;</a>&nbsp;&nbsp;&nbsp;meta_fill_defaults
</UL>

<P><STRONG><a name="[f6]"></a>__rt_memclr</STRONG> (Thumb, 0 bytes, Stack size unknown bytes, rt_memclr.o(.text), UNUSED)

<P><STRONG><a name="[43]"></a>_memset</STRONG> (Thumb, 64 bytes, Stack size 0 bytes, rt_memclr.o(.text), UNUSED)
<BR><BR>[Calls]<UL><LI><a href="#[44]">&gt;&gt;</a>&nbsp;&nbsp;&nbsp;_memset_w
</UL>

<P><STRONG><a name="[f7]"></a>__use_two_region_memory</STRONG> (Thumb, 2 bytes, Stack size 0 bytes, heapauxi.o(.text), UNUSED)

<P><STRONG><a name="[f8]"></a>__rt_heap_escrow$2region</STRONG> (Thumb, 2 bytes, Stack size 0 bytes, heapauxi.o(.text), UNUSED)

<P><STRONG><a name="[f9]"></a>__rt_heap_expand$2region</STRONG> (Thumb, 2 bytes, Stack size 0 bytes, heapauxi.o(.text), UNUSED)

<P><STRONG><a name="[42]"></a>__aeabi_memcpy4</STRONG> (Thumb, 0 bytes, Stack size 8 bytes, rt_memcpy_w.o(.text), UNUSED)
<BR><BR>[Called By]<UL><LI><a href="#[41]">&gt;&gt;</a>&nbsp;&nbsp;&nbsp;__rt_memcpy
</UL>

<P><STRONG><a name="[fa]"></a>__aeabi_memcpy8</STRONG> (Thumb, 0 bytes, Stack size 8 bytes, rt_memcpy_w.o(.text), UNUSED)

<P><STRONG><a name="[fb]"></a>__rt_memcpy_w</STRONG> (Thumb, 100 bytes, Stack size 8 bytes, rt_memcpy_w.o(.text), UNUSED)

<P><STRONG><a name="[fc]"></a>_memcpy_lastbytes_aligned</STRONG> (Thumb, 0 bytes, Stack size unknown bytes, rt_memcpy_w.o(.text), UNUSED)

<P><STRONG><a name="[fd]"></a>__aeabi_memclr4</STRONG> (Thumb, 0 bytes, Stack size unknown bytes, rt_memclr_w.o(.text), UNUSED)

<P><STRONG><a name="[fe]"></a>__aeabi_memclr8</STRONG> (Thumb, 0 bytes, Stack size unknown bytes, rt_memclr_w.o(.text), UNUSED)

<P><STRONG><a name="[ff]"></a>__rt_memclr_w</STRONG> (Thumb, 0 bytes, Stack size unknown bytes, rt_memclr_w.o(.text), UNUSED)

<P><STRONG><a name="[44]"></a>_memset_w</STRONG> (Thumb, 74 bytes, Stack size 4 bytes, rt_memclr_w.o(.text), UNUSED)
<BR><BR>[Called By]<UL><LI><a href="#[43]">&gt;&gt;</a>&nbsp;&nbsp;&nbsp;_memset
</UL>

<P><STRONG><a name="[37]"></a>__user_setup_stackheap</STRONG> (Thumb, 74 bytes, Stack size 8 bytes, sys_stackheap_outer.o(.text))
<BR><BR>[Stack]<UL><LI>Max Depth = 8 + Unknown Stack Size
<LI>Call Chain = __user_setup_stackheap
</UL>
<BR>[Calls]<UL><LI><a href="#[46]">&gt;&gt;</a>&nbsp;&nbsp;&nbsp;__user_initial_stackheap
<LI><a href="#[45]">&gt;&gt;</a>&nbsp;&nbsp;&nbsp;__user_perproc_libspace
</UL>
<BR>[Called By]<UL><LI><a href="#[36]">&gt;&gt;</a>&nbsp;&nbsp;&nbsp;__rt_entry_sh
</UL>

<P><STRONG><a name="[3c]"></a>exit</STRONG> (Thumb, 18 bytes, Stack size 8 bytes, exit.o(.text))
<BR><BR>[Stack]<UL><LI>Max Depth = 8 + Unknown Stack Size
<LI>Call Chain = exit
</UL>
<BR>[Calls]<UL><LI><a href="#[47]">&gt;&gt;</a>&nbsp;&nbsp;&nbsp;__rt_exit
</UL>
<BR>[Called By]<UL><LI><a href="#[3a]">&gt;&gt;</a>&nbsp;&nbsp;&nbsp;__rt_entry_main
</UL>

<P><STRONG><a name="[100]"></a>__user_libspace</STRONG> (Thumb, 8 bytes, Stack size 0 bytes, libspace.o(.text), UNUSED)

<P><STRONG><a name="[45]"></a>__user_perproc_libspace</STRONG> (Thumb, 0 bytes, Stack size 0 bytes, libspace.o(.text))
<BR><BR>[Called By]<UL><LI><a href="#[37]">&gt;&gt;</a>&nbsp;&nbsp;&nbsp;__user_setup_stackheap
</UL>

<P><STRONG><a name="[101]"></a>__user_perthread_libspace</STRONG> (Thumb, 0 bytes, Stack size 0 bytes, libspace.o(.text), UNUSED)

<P><STRONG><a name="[40]"></a>_sys_exit</STRONG> (Thumb, 8 bytes, Stack size 0 bytes, sys_exit.o(.text))
<BR><BR>[Called By]<UL><LI><a href="#[3f]">&gt;&gt;</a>&nbsp;&nbsp;&nbsp;__rt_exit_exit
</UL>

<P><STRONG><a name="[102]"></a>__I$use$semihosting</STRONG> (Thumb, 0 bytes, Stack size 0 bytes, use_no_semi.o(.text), UNUSED)

<P><STRONG><a name="[103]"></a>__use_no_semihosting_swi</STRONG> (Thumb, 2 bytes, Stack size 0 bytes, use_no_semi.o(.text), UNUSED)

<P><STRONG><a name="[104]"></a>__semihosting_library_function</STRONG> (Thumb, 0 bytes, Stack size unknown bytes, indicate_semi.o(.text), UNUSED)

<P><STRONG><a name="[4]"></a>BusFault_Handler</STRONG> (Thumb, 12 bytes, Stack size 0 bytes, at32f422_426_int.o(.text.BusFault_Handler))
<BR>[Address Reference Count : 1]<UL><LI> startup_at32f422_426.o(RESET)
</UL>
<P><STRONG><a name="[29]"></a>CAN1_ERR_IRQHandler</STRONG> (Thumb, 8 bytes, Stack size 8 bytes, at32f422_426_int.o(.text.CAN1_ERR_IRQHandler))
<BR><BR>[Stack]<UL><LI>Max Depth = 28<LI>Call Chain = CAN1_ERR_IRQHandler &rArr; can_driver_err_irq_handler &rArr; can_flag_get
</UL>
<BR>[Calls]<UL><LI><a href="#[48]">&gt;&gt;</a>&nbsp;&nbsp;&nbsp;can_driver_err_irq_handler
</UL>
<BR>[Address Reference Count : 1]<UL><LI> startup_at32f422_426.o(RESET)
</UL>
<P><STRONG><a name="[25]"></a>CAN1_RX_IRQHandler</STRONG> (Thumb, 8 bytes, Stack size 8 bytes, at32f422_426_int.o(.text.CAN1_RX_IRQHandler))
<BR><BR>[Stack]<UL><LI>Max Depth = 152<LI>Call Chain = CAN1_RX_IRQHandler &rArr; can_driver_rx_irq_handler &rArr; can_rxbuf_read
</UL>
<BR>[Calls]<UL><LI><a href="#[49]">&gt;&gt;</a>&nbsp;&nbsp;&nbsp;can_driver_rx_irq_handler
</UL>
<BR>[Address Reference Count : 1]<UL><LI> startup_at32f422_426.o(RESET)
</UL>
<P><STRONG><a name="[7]"></a>DebugMon_Handler</STRONG> (Thumb, 2 bytes, Stack size 0 bytes, at32f422_426_int.o(.text.DebugMon_Handler))
<BR>[Address Reference Count : 1]<UL><LI> startup_at32f422_426.o(RESET)
</UL>
<P><STRONG><a name="[2]"></a>HardFault_Handler</STRONG> (Thumb, 26 bytes, Stack size 8 bytes, at32f422_426_int.o(.text.HardFault_Handler))
<BR><BR>[Stack]<UL><LI>Max Depth = 60<LI>Call Chain = HardFault_Handler &rArr; debug_uart_puts &rArr; debug_uart_putc &rArr; usart_flag_get
</UL>
<BR>[Calls]<UL><LI><a href="#[4a]">&gt;&gt;</a>&nbsp;&nbsp;&nbsp;debug_uart_puts
</UL>
<BR>[Address Reference Count : 1]<UL><LI> startup_at32f422_426.o(RESET)
</UL>
<P><STRONG><a name="[3]"></a>MemManage_Handler</STRONG> (Thumb, 12 bytes, Stack size 0 bytes, at32f422_426_int.o(.text.MemManage_Handler))
<BR>[Address Reference Count : 1]<UL><LI> startup_at32f422_426.o(RESET)
</UL>
<P><STRONG><a name="[1]"></a>NMI_Handler</STRONG> (Thumb, 2 bytes, Stack size 0 bytes, at32f422_426_int.o(.text.NMI_Handler))
<BR>[Address Reference Count : 1]<UL><LI> startup_at32f422_426.o(RESET)
</UL>
<P><STRONG><a name="[8]"></a>PendSV_Handler</STRONG> (Thumb, 2 bytes, Stack size 0 bytes, at32f422_426_int.o(.text.PendSV_Handler))
<BR>[Address Reference Count : 1]<UL><LI> startup_at32f422_426.o(RESET)
</UL>
<P><STRONG><a name="[6]"></a>SVC_Handler</STRONG> (Thumb, 2 bytes, Stack size 0 bytes, at32f422_426_int.o(.text.SVC_Handler))
<BR>[Address Reference Count : 1]<UL><LI> startup_at32f422_426.o(RESET)
</UL>
<P><STRONG><a name="[9]"></a>SysTick_Handler</STRONG> (Thumb, 8 bytes, Stack size 8 bytes, at32f422_426_int.o(.text.SysTick_Handler))
<BR><BR>[Stack]<UL><LI>Max Depth = 12<LI>Call Chain = SysTick_Handler &rArr; timer_tick_inc
</UL>
<BR>[Calls]<UL><LI><a href="#[4d]">&gt;&gt;</a>&nbsp;&nbsp;&nbsp;timer_tick_inc
</UL>
<BR>[Address Reference Count : 1]<UL><LI> startup_at32f422_426.o(RESET)
</UL>
<P><STRONG><a name="[2b]"></a>SystemInit</STRONG> (Thumb, 196 bytes, Stack size 0 bytes, system_at32f422_426.o(.text.SystemInit))
<BR>[Address Reference Count : 1]<UL><LI> startup_at32f422_426.o(.text)
</UL>
<P><STRONG><a name="[22]"></a>USART1_IRQHandler</STRONG> (Thumb, 172 bytes, Stack size 8 bytes, at32f422_426_int.o(.text.USART1_IRQHandler))
<BR><BR>[Stack]<UL><LI>Max Depth = 20<LI>Call Chain = USART1_IRQHandler &rArr; usart_flag_get
</UL>
<BR>[Calls]<UL><LI><a href="#[50]">&gt;&gt;</a>&nbsp;&nbsp;&nbsp;usart_flag_clear
<LI><a href="#[4e]">&gt;&gt;</a>&nbsp;&nbsp;&nbsp;usart_flag_get
<LI><a href="#[4f]">&gt;&gt;</a>&nbsp;&nbsp;&nbsp;usart_data_receive
</UL>
<BR>[Address Reference Count : 1]<UL><LI> startup_at32f422_426.o(RESET)
</UL>
<P><STRONG><a name="[23]"></a>USART2_IRQHandler</STRONG> (Thumb, 8 bytes, Stack size 8 bytes, at32f422_426_int.o(.text.USART2_IRQHandler))
<BR><BR>[Stack]<UL><LI>Max Depth = 36<LI>Call Chain = USART2_IRQHandler &rArr; qi_uart_rx_irq_handler &rArr; usart_flag_get
</UL>
<BR>[Calls]<UL><LI><a href="#[51]">&gt;&gt;</a>&nbsp;&nbsp;&nbsp;qi_uart_rx_irq_handler
</UL>
<BR>[Address Reference Count : 1]<UL><LI> startup_at32f422_426.o(RESET)
</UL>
<P><STRONG><a name="[5]"></a>UsageFault_Handler</STRONG> (Thumb, 12 bytes, Stack size 0 bytes, at32f422_426_int.o(.text.UsageFault_Handler))
<BR>[Address Reference Count : 1]<UL><LI> startup_at32f422_426.o(RESET)
</UL>
<P><STRONG><a name="[5d]"></a>can_bittime_default_para_init</STRONG> (Thumb, 52 bytes, Stack size 4 bytes, at32f422_426_can.o(.text.can_bittime_default_para_init))
<BR><BR>[Stack]<UL><LI>Max Depth = 4<LI>Call Chain = can_bittime_default_para_init
</UL>
<BR>[Called By]<UL><LI><a href="#[56]">&gt;&gt;</a>&nbsp;&nbsp;&nbsp;can_driver_init
</UL>

<P><STRONG><a name="[5e]"></a>can_bittime_set</STRONG> (Thumb, 172 bytes, Stack size 8 bytes, at32f422_426_can.o(.text.can_bittime_set))
<BR><BR>[Stack]<UL><LI>Max Depth = 8<LI>Call Chain = can_bittime_set
</UL>
<BR>[Called By]<UL><LI><a href="#[56]">&gt;&gt;</a>&nbsp;&nbsp;&nbsp;can_driver_init
</UL>

<P><STRONG><a name="[53]"></a>can_busoff_get</STRONG> (Thumb, 36 bytes, Stack size 8 bytes, at32f422_426_can.o(.text.can_busoff_get))
<BR><BR>[Stack]<UL><LI>Max Depth = 8<LI>Call Chain = can_busoff_get
</UL>
<BR>[Called By]<UL><LI><a href="#[48]">&gt;&gt;</a>&nbsp;&nbsp;&nbsp;can_driver_err_irq_handler
</UL>

<P><STRONG><a name="[54]"></a>can_busoff_reset</STRONG> (Thumb, 18 bytes, Stack size 4 bytes, at32f422_426_can.o(.text.can_busoff_reset))
<BR><BR>[Stack]<UL><LI>Max Depth = 4<LI>Call Chain = can_busoff_reset
</UL>
<BR>[Called By]<UL><LI><a href="#[48]">&gt;&gt;</a>&nbsp;&nbsp;&nbsp;can_driver_err_irq_handler
</UL>

<P><STRONG><a name="[48]"></a>can_driver_err_irq_handler</STRONG> (Thumb, 194 bytes, Stack size 8 bytes, can_driver.o(.text.can_driver_err_irq_handler))
<BR><BR>[Stack]<UL><LI>Max Depth = 20<LI>Call Chain = can_driver_err_irq_handler &rArr; can_flag_get
</UL>
<BR>[Calls]<UL><LI><a href="#[55]">&gt;&gt;</a>&nbsp;&nbsp;&nbsp;can_flag_clear
<LI><a href="#[52]">&gt;&gt;</a>&nbsp;&nbsp;&nbsp;can_flag_get
<LI><a href="#[54]">&gt;&gt;</a>&nbsp;&nbsp;&nbsp;can_busoff_reset
<LI><a href="#[53]">&gt;&gt;</a>&nbsp;&nbsp;&nbsp;can_busoff_get
</UL>
<BR>[Called By]<UL><LI><a href="#[29]">&gt;&gt;</a>&nbsp;&nbsp;&nbsp;CAN1_ERR_IRQHandler
</UL>

<P><STRONG><a name="[56]"></a>can_driver_init</STRONG> (Thumb, 468 bytes, Stack size 96 bytes, can_driver.o(.text.can_driver_init))
<BR><BR>[Stack]<UL><LI>Max Depth = 152<LI>Call Chain = can_driver_init &rArr; nvic_irq_enable &rArr; NVIC_EncodePriority
</UL>
<BR>[Calls]<UL><LI><a href="#[63]">&gt;&gt;</a>&nbsp;&nbsp;&nbsp;nvic_irq_enable
<LI><a href="#[5a]">&gt;&gt;</a>&nbsp;&nbsp;&nbsp;gpio_pin_mux_config
<LI><a href="#[58]">&gt;&gt;</a>&nbsp;&nbsp;&nbsp;gpio_default_para_init
<LI><a href="#[59]">&gt;&gt;</a>&nbsp;&nbsp;&nbsp;gpio_init
<LI><a href="#[57]">&gt;&gt;</a>&nbsp;&nbsp;&nbsp;crm_periph_clock_enable
<LI><a href="#[62]">&gt;&gt;</a>&nbsp;&nbsp;&nbsp;can_interrupt_enable
<LI><a href="#[60]">&gt;&gt;</a>&nbsp;&nbsp;&nbsp;can_filter_set
<LI><a href="#[5f]">&gt;&gt;</a>&nbsp;&nbsp;&nbsp;can_filter_default_para_init
<LI><a href="#[61]">&gt;&gt;</a>&nbsp;&nbsp;&nbsp;can_filter_enable
<LI><a href="#[5e]">&gt;&gt;</a>&nbsp;&nbsp;&nbsp;can_bittime_set
<LI><a href="#[5d]">&gt;&gt;</a>&nbsp;&nbsp;&nbsp;can_bittime_default_para_init
<LI><a href="#[5c]">&gt;&gt;</a>&nbsp;&nbsp;&nbsp;can_mode_set
<LI><a href="#[5b]">&gt;&gt;</a>&nbsp;&nbsp;&nbsp;can_reset
</UL>
<BR>[Called By]<UL><LI><a href="#[3b]">&gt;&gt;</a>&nbsp;&nbsp;&nbsp;main
</UL>

<P><STRONG><a name="[ae]"></a>can_driver_poll</STRONG> (Thumb, 270 bytes, Stack size 32 bytes, can_driver.o(.text.can_driver_poll))
<BR><BR>[Stack]<UL><LI>Max Depth = 32<LI>Call Chain = can_driver_poll
</UL>
<BR>[Called By]<UL><LI><a href="#[3b]">&gt;&gt;</a>&nbsp;&nbsp;&nbsp;main
</UL>

<P><STRONG><a name="[9e]"></a>can_driver_recv</STRONG> (Thumb, 230 bytes, Stack size 20 bytes, can_driver.o(.text.can_driver_recv))
<BR><BR>[Stack]<UL><LI>Max Depth = 20<LI>Call Chain = can_driver_recv
</UL>
<BR>[Called By]<UL><LI><a href="#[9c]">&gt;&gt;</a>&nbsp;&nbsp;&nbsp;isotp_wait_cts
</UL>

<P><STRONG><a name="[a1]"></a>can_driver_register_busoff_recovery_callback</STRONG> (Thumb, 20 bytes, Stack size 4 bytes, can_driver.o(.text.can_driver_register_busoff_recovery_callback))
<BR><BR>[Stack]<UL><LI>Max Depth = 4<LI>Call Chain = can_driver_register_busoff_recovery_callback
</UL>
<BR>[Called By]<UL><LI><a href="#[a0]">&gt;&gt;</a>&nbsp;&nbsp;&nbsp;lifecycle_init
</UL>

<P><STRONG><a name="[71]"></a>can_driver_register_rx_callback</STRONG> (Thumb, 20 bytes, Stack size 4 bytes, can_driver.o(.text.can_driver_register_rx_callback))
<BR><BR>[Stack]<UL><LI>Max Depth = 4<LI>Call Chain = can_driver_register_rx_callback
</UL>
<BR>[Called By]<UL><LI><a href="#[6f]">&gt;&gt;</a>&nbsp;&nbsp;&nbsp;can_protocol_init
</UL>

<P><STRONG><a name="[49]"></a>can_driver_rx_irq_handler</STRONG> (Thumb, 332 bytes, Stack size 104 bytes, can_driver.o(.text.can_driver_rx_irq_handler))
<BR><BR>[Stack]<UL><LI>Max Depth = 144<LI>Call Chain = can_driver_rx_irq_handler &rArr; can_rxbuf_read
</UL>
<BR>[Calls]<UL><LI><a href="#[55]">&gt;&gt;</a>&nbsp;&nbsp;&nbsp;can_flag_clear
<LI><a href="#[52]">&gt;&gt;</a>&nbsp;&nbsp;&nbsp;can_flag_get
<LI><a href="#[66]">&gt;&gt;</a>&nbsp;&nbsp;&nbsp;can_rxbuf_release
<LI><a href="#[64]">&gt;&gt;</a>&nbsp;&nbsp;&nbsp;can_rxbuf_read
<LI><a href="#[65]">&gt;&gt;</a>&nbsp;&nbsp;&nbsp;rx_fifo_is_full
</UL>
<BR>[Called By]<UL><LI><a href="#[25]">&gt;&gt;</a>&nbsp;&nbsp;&nbsp;CAN1_RX_IRQHandler
</UL>

<P><STRONG><a name="[67]"></a>can_driver_send</STRONG> (Thumb, 378 bytes, Stack size 120 bytes, can_driver.o(.text.can_driver_send))
<BR><BR>[Stack]<UL><LI>Max Depth = 168<LI>Call Chain = can_driver_send &rArr; can_txbuf_write
</UL>
<BR>[Calls]<UL><LI><a href="#[6b]">&gt;&gt;</a>&nbsp;&nbsp;&nbsp;can_txbuf_transmit
<LI><a href="#[68]">&gt;&gt;</a>&nbsp;&nbsp;&nbsp;can_transmit_status_get
<LI><a href="#[69]">&gt;&gt;</a>&nbsp;&nbsp;&nbsp;can_stb_status_get
<LI><a href="#[6a]">&gt;&gt;</a>&nbsp;&nbsp;&nbsp;can_txbuf_write
</UL>
<BR>[Called By]<UL><LI><a href="#[a2]">&gt;&gt;</a>&nbsp;&nbsp;&nbsp;lifecycle_send
<LI><a href="#[97]">&gt;&gt;</a>&nbsp;&nbsp;&nbsp;isotp_can_send
</UL>

<P><STRONG><a name="[6c]"></a>can_driver_wait_tx_idle</STRONG> (Thumb, 92 bytes, Stack size 24 bytes, can_driver.o(.text.can_driver_wait_tx_idle))
<BR><BR>[Stack]<UL><LI>Max Depth = 32<LI>Call Chain = can_driver_wait_tx_idle &rArr; can_transmit_status_get
</UL>
<BR>[Calls]<UL><LI><a href="#[68]">&gt;&gt;</a>&nbsp;&nbsp;&nbsp;can_transmit_status_get
<LI><a href="#[6d]">&gt;&gt;</a>&nbsp;&nbsp;&nbsp;timer_get_tick
<LI><a href="#[6e]">&gt;&gt;</a>&nbsp;&nbsp;&nbsp;wdg_drv_refresh
</UL>
<BR>[Called By]<UL><LI><a href="#[8d]">&gt;&gt;</a>&nbsp;&nbsp;&nbsp;handle_ecu_reset
</UL>

<P><STRONG><a name="[5f]"></a>can_filter_default_para_init</STRONG> (Thumb, 82 bytes, Stack size 4 bytes, at32f422_426_can.o(.text.can_filter_default_para_init))
<BR><BR>[Stack]<UL><LI>Max Depth = 4<LI>Call Chain = can_filter_default_para_init
</UL>
<BR>[Called By]<UL><LI><a href="#[56]">&gt;&gt;</a>&nbsp;&nbsp;&nbsp;can_driver_init
</UL>

<P><STRONG><a name="[61]"></a>can_filter_enable</STRONG> (Thumb, 78 bytes, Stack size 8 bytes, at32f422_426_can.o(.text.can_filter_enable))
<BR><BR>[Stack]<UL><LI>Max Depth = 8<LI>Call Chain = can_filter_enable
</UL>
<BR>[Called By]<UL><LI><a href="#[56]">&gt;&gt;</a>&nbsp;&nbsp;&nbsp;can_driver_init
</UL>

<P><STRONG><a name="[60]"></a>can_filter_set</STRONG> (Thumb, 460 bytes, Stack size 20 bytes, at32f422_426_can.o(.text.can_filter_set))
<BR><BR>[Stack]<UL><LI>Max Depth = 20<LI>Call Chain = can_filter_set
</UL>
<BR>[Called By]<UL><LI><a href="#[56]">&gt;&gt;</a>&nbsp;&nbsp;&nbsp;can_driver_init
</UL>

<P><STRONG><a name="[55]"></a>can_flag_clear</STRONG> (Thumb, 16 bytes, Stack size 8 bytes, at32f422_426_can.o(.text.can_flag_clear))
<BR><BR>[Stack]<UL><LI>Max Depth = 8<LI>Call Chain = can_flag_clear
</UL>
<BR>[Called By]<UL><LI><a href="#[48]">&gt;&gt;</a>&nbsp;&nbsp;&nbsp;can_driver_err_irq_handler
<LI><a href="#[49]">&gt;&gt;</a>&nbsp;&nbsp;&nbsp;can_driver_rx_irq_handler
</UL>

<P><STRONG><a name="[52]"></a>can_flag_get</STRONG> (Thumb, 40 bytes, Stack size 12 bytes, at32f422_426_can.o(.text.can_flag_get))
<BR><BR>[Stack]<UL><LI>Max Depth = 12<LI>Call Chain = can_flag_get
</UL>
<BR>[Called By]<UL><LI><a href="#[48]">&gt;&gt;</a>&nbsp;&nbsp;&nbsp;can_driver_err_irq_handler
<LI><a href="#[49]">&gt;&gt;</a>&nbsp;&nbsp;&nbsp;can_driver_rx_irq_handler
</UL>

<P><STRONG><a name="[62]"></a>can_interrupt_enable</STRONG> (Thumb, 54 bytes, Stack size 12 bytes, at32f422_426_can.o(.text.can_interrupt_enable))
<BR><BR>[Stack]<UL><LI>Max Depth = 12<LI>Call Chain = can_interrupt_enable
</UL>
<BR>[Called By]<UL><LI><a href="#[56]">&gt;&gt;</a>&nbsp;&nbsp;&nbsp;can_driver_init
</UL>

<P><STRONG><a name="[5c]"></a>can_mode_set</STRONG> (Thumb, 336 bytes, Stack size 12 bytes, at32f422_426_can.o(.text.can_mode_set))
<BR><BR>[Stack]<UL><LI>Max Depth = 12<LI>Call Chain = can_mode_set
</UL>
<BR>[Called By]<UL><LI><a href="#[56]">&gt;&gt;</a>&nbsp;&nbsp;&nbsp;can_driver_init
</UL>

<P><STRONG><a name="[6f]"></a>can_protocol_init</STRONG> (Thumb, 66 bytes, Stack size 8 bytes, can_protocol.o(.text.can_protocol_init))
<BR><BR>[Stack]<UL><LI>Max Depth = 12<LI>Call Chain = can_protocol_init &rArr; can_driver_register_rx_callback
</UL>
<BR>[Calls]<UL><LI><a href="#[71]">&gt;&gt;</a>&nbsp;&nbsp;&nbsp;can_driver_register_rx_callback
<LI><a href="#[70]">&gt;&gt;</a>&nbsp;&nbsp;&nbsp;isotp_init
<LI><a href="#[6d]">&gt;&gt;</a>&nbsp;&nbsp;&nbsp;timer_get_tick
</UL>
<BR>[Called By]<UL><LI><a href="#[3b]">&gt;&gt;</a>&nbsp;&nbsp;&nbsp;main
</UL>

<P><STRONG><a name="[72]"></a>can_protocol_poll</STRONG> (Thumb, 66 bytes, Stack size 16 bytes, can_protocol.o(.text.can_protocol_poll))
<BR><BR>[Stack]<UL><LI>Max Depth = 24<LI>Call Chain = can_protocol_poll &rArr; isotp_poll
</UL>
<BR>[Calls]<UL><LI><a href="#[73]">&gt;&gt;</a>&nbsp;&nbsp;&nbsp;isotp_poll
<LI><a href="#[6d]">&gt;&gt;</a>&nbsp;&nbsp;&nbsp;timer_get_tick
<LI><a href="#[74]">&gt;&gt;</a>&nbsp;&nbsp;&nbsp;session_reset_to_default
</UL>
<BR>[Called By]<UL><LI><a href="#[3b]">&gt;&gt;</a>&nbsp;&nbsp;&nbsp;main
</UL>

<P><STRONG><a name="[5b]"></a>can_reset</STRONG> (Thumb, 50 bytes, Stack size 16 bytes, at32f422_426_can.o(.text.can_reset))
<BR><BR>[Stack]<UL><LI>Max Depth = 24<LI>Call Chain = can_reset &rArr; crm_periph_reset
</UL>
<BR>[Calls]<UL><LI><a href="#[76]">&gt;&gt;</a>&nbsp;&nbsp;&nbsp;crm_periph_reset
</UL>
<BR>[Called By]<UL><LI><a href="#[56]">&gt;&gt;</a>&nbsp;&nbsp;&nbsp;can_driver_init
</UL>

<P><STRONG><a name="[64]"></a>can_rxbuf_read</STRONG> (Thumb, 422 bytes, Stack size 40 bytes, at32f422_426_can.o(.text.can_rxbuf_read))
<BR><BR>[Stack]<UL><LI>Max Depth = 40<LI>Call Chain = can_rxbuf_read
</UL>
<BR>[Called By]<UL><LI><a href="#[49]">&gt;&gt;</a>&nbsp;&nbsp;&nbsp;can_driver_rx_irq_handler
</UL>

<P><STRONG><a name="[66]"></a>can_rxbuf_release</STRONG> (Thumb, 66 bytes, Stack size 16 bytes, at32f422_426_can.o(.text.can_rxbuf_release))
<BR><BR>[Stack]<UL><LI>Max Depth = 16<LI>Call Chain = can_rxbuf_release
</UL>
<BR>[Called By]<UL><LI><a href="#[49]">&gt;&gt;</a>&nbsp;&nbsp;&nbsp;can_driver_rx_irq_handler
</UL>

<P><STRONG><a name="[69]"></a>can_stb_status_get</STRONG> (Thumb, 16 bytes, Stack size 4 bytes, at32f422_426_can.o(.text.can_stb_status_get))
<BR><BR>[Stack]<UL><LI>Max Depth = 4<LI>Call Chain = can_stb_status_get
</UL>
<BR>[Called By]<UL><LI><a href="#[67]">&gt;&gt;</a>&nbsp;&nbsp;&nbsp;can_driver_send
</UL>

<P><STRONG><a name="[68]"></a>can_transmit_status_get</STRONG> (Thumb, 52 bytes, Stack size 8 bytes, at32f422_426_can.o(.text.can_transmit_status_get))
<BR><BR>[Stack]<UL><LI>Max Depth = 8<LI>Call Chain = can_transmit_status_get
</UL>
<BR>[Called By]<UL><LI><a href="#[67]">&gt;&gt;</a>&nbsp;&nbsp;&nbsp;can_driver_send
<LI><a href="#[6c]">&gt;&gt;</a>&nbsp;&nbsp;&nbsp;can_driver_wait_tx_idle
</UL>

<P><STRONG><a name="[6b]"></a>can_txbuf_transmit</STRONG> (Thumb, 214 bytes, Stack size 24 bytes, at32f422_426_can.o(.text.can_txbuf_transmit))
<BR><BR>[Stack]<UL><LI>Max Depth = 24<LI>Call Chain = can_txbuf_transmit
</UL>
<BR>[Called By]<UL><LI><a href="#[67]">&gt;&gt;</a>&nbsp;&nbsp;&nbsp;can_driver_send
</UL>

<P><STRONG><a name="[6a]"></a>can_txbuf_write</STRONG> (Thumb, 500 bytes, Stack size 48 bytes, at32f422_426_can.o(.text.can_txbuf_write))
<BR><BR>[Stack]<UL><LI>Max Depth = 48<LI>Call Chain = can_txbuf_write
</UL>
<BR>[Called By]<UL><LI><a href="#[67]">&gt;&gt;</a>&nbsp;&nbsp;&nbsp;can_driver_send
</UL>

<P><STRONG><a name="[c5]"></a>crm_ahb_div_set</STRONG> (Thumb, 38 bytes, Stack size 4 bytes, at32f422_426_crm.o(.text.crm_ahb_div_set))
<BR><BR>[Stack]<UL><LI>Max Depth = 4<LI>Call Chain = crm_ahb_div_set
</UL>
<BR>[Called By]<UL><LI><a href="#[a6]">&gt;&gt;</a>&nbsp;&nbsp;&nbsp;system_clock_config
</UL>

<P><STRONG><a name="[c8]"></a>crm_apb1_div_set</STRONG> (Thumb, 38 bytes, Stack size 4 bytes, at32f422_426_crm.o(.text.crm_apb1_div_set))
<BR><BR>[Stack]<UL><LI>Max Depth = 4<LI>Call Chain = crm_apb1_div_set
</UL>
<BR>[Called By]<UL><LI><a href="#[a6]">&gt;&gt;</a>&nbsp;&nbsp;&nbsp;system_clock_config
</UL>

<P><STRONG><a name="[c7]"></a>crm_apb2_div_set</STRONG> (Thumb, 38 bytes, Stack size 4 bytes, at32f422_426_crm.o(.text.crm_apb2_div_set))
<BR><BR>[Stack]<UL><LI>Max Depth = 4<LI>Call Chain = crm_apb2_div_set
</UL>
<BR>[Called By]<UL><LI><a href="#[a6]">&gt;&gt;</a>&nbsp;&nbsp;&nbsp;system_clock_config
</UL>

<P><STRONG><a name="[c6]"></a>crm_apb3_div_set</STRONG> (Thumb, 38 bytes, Stack size 4 bytes, at32f422_426_crm.o(.text.crm_apb3_div_set))
<BR><BR>[Stack]<UL><LI>Max Depth = 4<LI>Call Chain = crm_apb3_div_set
</UL>
<BR>[Called By]<UL><LI><a href="#[a6]">&gt;&gt;</a>&nbsp;&nbsp;&nbsp;system_clock_config
</UL>

<P><STRONG><a name="[c9]"></a>crm_auto_step_mode_enable</STRONG> (Thumb, 56 bytes, Stack size 4 bytes, at32f422_426_crm.o(.text.crm_auto_step_mode_enable))
<BR><BR>[Stack]<UL><LI>Max Depth = 4<LI>Call Chain = crm_auto_step_mode_enable
</UL>
<BR>[Called By]<UL><LI><a href="#[a6]">&gt;&gt;</a>&nbsp;&nbsp;&nbsp;system_clock_config
</UL>

<P><STRONG><a name="[c3]"></a>crm_clock_source_enable</STRONG> (Thumb, 166 bytes, Stack size 8 bytes, at32f422_426_crm.o(.text.crm_clock_source_enable))
<BR><BR>[Stack]<UL><LI>Max Depth = 8<LI>Call Chain = crm_clock_source_enable
</UL>
<BR>[Called By]<UL><LI><a href="#[a6]">&gt;&gt;</a>&nbsp;&nbsp;&nbsp;system_clock_config
</UL>

<P><STRONG><a name="[77]"></a>crm_clocks_freq_get</STRONG> (Thumb, 622 bytes, Stack size 64 bytes, at32f422_426_crm.o(.text.crm_clocks_freq_get))
<BR><BR>[Stack]<UL><LI>Max Depth = 112<LI>Call Chain = crm_clocks_freq_get &rArr; __aeabi_uldivmod
</UL>
<BR>[Calls]<UL><LI><a href="#[78]">&gt;&gt;</a>&nbsp;&nbsp;&nbsp;crm_sysclk_switch_status_get
<LI><a href="#[79]">&gt;&gt;</a>&nbsp;&nbsp;&nbsp;__aeabi_uldivmod
</UL>
<BR>[Called By]<UL><LI><a href="#[7d]">&gt;&gt;</a>&nbsp;&nbsp;&nbsp;usart_init
</UL>

<P><STRONG><a name="[7b]"></a>crm_flag_get</STRONG> (Thumb, 62 bytes, Stack size 8 bytes, at32f422_426_crm.o(.text.crm_flag_get))
<BR><BR>[Stack]<UL><LI>Max Depth = 8<LI>Call Chain = crm_flag_get
</UL>
<BR>[Called By]<UL><LI><a href="#[7a]">&gt;&gt;</a>&nbsp;&nbsp;&nbsp;crm_hext_stable_wait
<LI><a href="#[a6]">&gt;&gt;</a>&nbsp;&nbsp;&nbsp;system_clock_config
</UL>

<P><STRONG><a name="[7a]"></a>crm_hext_stable_wait</STRONG> (Thumb, 100 bytes, Stack size 24 bytes, at32f422_426_crm.o(.text.crm_hext_stable_wait))
<BR><BR>[Stack]<UL><LI>Max Depth = 32<LI>Call Chain = crm_hext_stable_wait &rArr; crm_flag_get
</UL>
<BR>[Calls]<UL><LI><a href="#[7b]">&gt;&gt;</a>&nbsp;&nbsp;&nbsp;crm_flag_get
</UL>
<BR>[Called By]<UL><LI><a href="#[a6]">&gt;&gt;</a>&nbsp;&nbsp;&nbsp;system_clock_config
</UL>

<P><STRONG><a name="[57]"></a>crm_periph_clock_enable</STRONG> (Thumb, 82 bytes, Stack size 8 bytes, at32f422_426_crm.o(.text.crm_periph_clock_enable))
<BR><BR>[Stack]<UL><LI>Max Depth = 8<LI>Call Chain = crm_periph_clock_enable
</UL>
<BR>[Called By]<UL><LI><a href="#[ab]">&gt;&gt;</a>&nbsp;&nbsp;&nbsp;qi_uart_init
<LI><a href="#[56]">&gt;&gt;</a>&nbsp;&nbsp;&nbsp;can_driver_init
<LI><a href="#[7c]">&gt;&gt;</a>&nbsp;&nbsp;&nbsp;debug_uart_init
<LI><a href="#[a6]">&gt;&gt;</a>&nbsp;&nbsp;&nbsp;system_clock_config
</UL>

<P><STRONG><a name="[76]"></a>crm_periph_reset</STRONG> (Thumb, 82 bytes, Stack size 8 bytes, at32f422_426_crm.o(.text.crm_periph_reset))
<BR><BR>[Stack]<UL><LI>Max Depth = 8<LI>Call Chain = crm_periph_reset
</UL>
<BR>[Called By]<UL><LI><a href="#[5b]">&gt;&gt;</a>&nbsp;&nbsp;&nbsp;can_reset
</UL>

<P><STRONG><a name="[c4]"></a>crm_pll_config</STRONG> (Thumb, 484 bytes, Stack size 12 bytes, at32f422_426_crm.o(.text.crm_pll_config))
<BR><BR>[Stack]<UL><LI>Max Depth = 12<LI>Call Chain = crm_pll_config
</UL>
<BR>[Called By]<UL><LI><a href="#[a6]">&gt;&gt;</a>&nbsp;&nbsp;&nbsp;system_clock_config
</UL>

<P><STRONG><a name="[c2]"></a>crm_reset</STRONG> (Thumb, 166 bytes, Stack size 0 bytes, at32f422_426_crm.o(.text.crm_reset))
<BR><BR>[Called By]<UL><LI><a href="#[a6]">&gt;&gt;</a>&nbsp;&nbsp;&nbsp;system_clock_config
</UL>

<P><STRONG><a name="[ca]"></a>crm_sysclk_switch</STRONG> (Thumb, 70 bytes, Stack size 4 bytes, at32f422_426_crm.o(.text.crm_sysclk_switch))
<BR><BR>[Stack]<UL><LI>Max Depth = 4<LI>Call Chain = crm_sysclk_switch
</UL>
<BR>[Called By]<UL><LI><a href="#[a6]">&gt;&gt;</a>&nbsp;&nbsp;&nbsp;system_clock_config
</UL>

<P><STRONG><a name="[78]"></a>crm_sysclk_switch_status_get</STRONG> (Thumb, 16 bytes, Stack size 0 bytes, at32f422_426_crm.o(.text.crm_sysclk_switch_status_get))
<BR><BR>[Called By]<UL><LI><a href="#[77]">&gt;&gt;</a>&nbsp;&nbsp;&nbsp;crm_clocks_freq_get
<LI><a href="#[cb]">&gt;&gt;</a>&nbsp;&nbsp;&nbsp;system_core_clock_update
<LI><a href="#[a6]">&gt;&gt;</a>&nbsp;&nbsp;&nbsp;system_clock_config
</UL>

<P><STRONG><a name="[7c]"></a>debug_uart_init</STRONG> (Thumb, 296 bytes, Stack size 48 bytes, debug_uart.o(.text.debug_uart_init))
<BR><BR>[Stack]<UL><LI>Max Depth = 208<LI>Call Chain = debug_uart_init &rArr; usart_init &rArr; crm_clocks_freq_get &rArr; __aeabi_uldivmod
</UL>
<BR>[Calls]<UL><LI><a href="#[5a]">&gt;&gt;</a>&nbsp;&nbsp;&nbsp;gpio_pin_mux_config
<LI><a href="#[58]">&gt;&gt;</a>&nbsp;&nbsp;&nbsp;gpio_default_para_init
<LI><a href="#[59]">&gt;&gt;</a>&nbsp;&nbsp;&nbsp;gpio_init
<LI><a href="#[57]">&gt;&gt;</a>&nbsp;&nbsp;&nbsp;crm_periph_clock_enable
<LI><a href="#[6d]">&gt;&gt;</a>&nbsp;&nbsp;&nbsp;timer_get_tick
<LI><a href="#[4a]">&gt;&gt;</a>&nbsp;&nbsp;&nbsp;debug_uart_puts
<LI><a href="#[80]">&gt;&gt;</a>&nbsp;&nbsp;&nbsp;usart_receiver_enable
<LI><a href="#[7f]">&gt;&gt;</a>&nbsp;&nbsp;&nbsp;usart_transmitter_enable
<LI><a href="#[81]">&gt;&gt;</a>&nbsp;&nbsp;&nbsp;usart_enable
<LI><a href="#[7e]">&gt;&gt;</a>&nbsp;&nbsp;&nbsp;usart_parity_selection_config
<LI><a href="#[7d]">&gt;&gt;</a>&nbsp;&nbsp;&nbsp;usart_init
</UL>
<BR>[Called By]<UL><LI><a href="#[3b]">&gt;&gt;</a>&nbsp;&nbsp;&nbsp;main
</UL>

<P><STRONG><a name="[82]"></a>debug_uart_poll</STRONG> (Thumb, 308 bytes, Stack size 32 bytes, debug_uart.o(.text.debug_uart_poll))
<BR><BR>[Stack]<UL><LI>Max Depth = 84<LI>Call Chain = debug_uart_poll &rArr; debug_uart_puts &rArr; debug_uart_putc &rArr; usart_flag_get
</UL>
<BR>[Calls]<UL><LI><a href="#[83]">&gt;&gt;</a>&nbsp;&nbsp;&nbsp;debug_uart_putc
<LI><a href="#[6d]">&gt;&gt;</a>&nbsp;&nbsp;&nbsp;timer_get_tick
<LI><a href="#[4a]">&gt;&gt;</a>&nbsp;&nbsp;&nbsp;debug_uart_puts
</UL>
<BR>[Called By]<UL><LI><a href="#[3b]">&gt;&gt;</a>&nbsp;&nbsp;&nbsp;main
</UL>

<P><STRONG><a name="[4a]"></a>debug_uart_puts</STRONG> (Thumb, 58 bytes, Stack size 16 bytes, debug_uart.o(.text.debug_uart_puts))
<BR><BR>[Stack]<UL><LI>Max Depth = 52<LI>Call Chain = debug_uart_puts &rArr; debug_uart_putc &rArr; usart_flag_get
</UL>
<BR>[Calls]<UL><LI><a href="#[83]">&gt;&gt;</a>&nbsp;&nbsp;&nbsp;debug_uart_putc
</UL>
<BR>[Called By]<UL><LI><a href="#[82]">&gt;&gt;</a>&nbsp;&nbsp;&nbsp;debug_uart_poll
<LI><a href="#[7c]">&gt;&gt;</a>&nbsp;&nbsp;&nbsp;debug_uart_init
<LI><a href="#[2]">&gt;&gt;</a>&nbsp;&nbsp;&nbsp;HardFault_Handler
</UL>

<P><STRONG><a name="[b7]"></a>flash_lock</STRONG> (Thumb, 18 bytes, Stack size 0 bytes, at32f422_426_flash.o(.text.flash_lock))
<BR><BR>[Called By]<UL><LI><a href="#[b5]">&gt;&gt;</a>&nbsp;&nbsp;&nbsp;meta_write_to_flash
</UL>

<P><STRONG><a name="[86]"></a>flash_operation_status_get</STRONG> (Thumb, 104 bytes, Stack size 4 bytes, at32f422_426_flash.o(.text.flash_operation_status_get))
<BR><BR>[Stack]<UL><LI>Max Depth = 4<LI>Call Chain = flash_operation_status_get
</UL>
<BR>[Called By]<UL><LI><a href="#[85]">&gt;&gt;</a>&nbsp;&nbsp;&nbsp;flash_operation_wait_for
</UL>

<P><STRONG><a name="[85]"></a>flash_operation_wait_for</STRONG> (Thumb, 92 bytes, Stack size 24 bytes, at32f422_426_flash.o(.text.flash_operation_wait_for))
<BR><BR>[Stack]<UL><LI>Max Depth = 28<LI>Call Chain = flash_operation_wait_for &rArr; flash_operation_status_get
</UL>
<BR>[Calls]<UL><LI><a href="#[86]">&gt;&gt;</a>&nbsp;&nbsp;&nbsp;flash_operation_status_get
</UL>
<BR>[Called By]<UL><LI><a href="#[88]">&gt;&gt;</a>&nbsp;&nbsp;&nbsp;flash_word_program
<LI><a href="#[87]">&gt;&gt;</a>&nbsp;&nbsp;&nbsp;flash_sector_erase
</UL>

<P><STRONG><a name="[87]"></a>flash_sector_erase</STRONG> (Thumb, 80 bytes, Stack size 24 bytes, at32f422_426_flash.o(.text.flash_sector_erase))
<BR><BR>[Stack]<UL><LI>Max Depth = 52<LI>Call Chain = flash_sector_erase &rArr; flash_operation_wait_for &rArr; flash_operation_status_get
</UL>
<BR>[Calls]<UL><LI><a href="#[85]">&gt;&gt;</a>&nbsp;&nbsp;&nbsp;flash_operation_wait_for
</UL>
<BR>[Called By]<UL><LI><a href="#[b5]">&gt;&gt;</a>&nbsp;&nbsp;&nbsp;meta_write_to_flash
</UL>

<P><STRONG><a name="[b6]"></a>flash_unlock</STRONG> (Thumb, 30 bytes, Stack size 0 bytes, at32f422_426_flash.o(.text.flash_unlock))
<BR><BR>[Called By]<UL><LI><a href="#[b5]">&gt;&gt;</a>&nbsp;&nbsp;&nbsp;meta_write_to_flash
</UL>

<P><STRONG><a name="[88]"></a>flash_word_program</STRONG> (Thumb, 68 bytes, Stack size 24 bytes, at32f422_426_flash.o(.text.flash_word_program))
<BR><BR>[Stack]<UL><LI>Max Depth = 52<LI>Call Chain = flash_word_program &rArr; flash_operation_wait_for &rArr; flash_operation_status_get
</UL>
<BR>[Calls]<UL><LI><a href="#[85]">&gt;&gt;</a>&nbsp;&nbsp;&nbsp;flash_operation_wait_for
</UL>
<BR>[Called By]<UL><LI><a href="#[b5]">&gt;&gt;</a>&nbsp;&nbsp;&nbsp;meta_write_to_flash
</UL>

<P><STRONG><a name="[58]"></a>gpio_default_para_init</STRONG> (Thumb, 36 bytes, Stack size 4 bytes, at32f422_426_gpio.o(.text.gpio_default_para_init))
<BR><BR>[Stack]<UL><LI>Max Depth = 4<LI>Call Chain = gpio_default_para_init
</UL>
<BR>[Called By]<UL><LI><a href="#[ab]">&gt;&gt;</a>&nbsp;&nbsp;&nbsp;qi_uart_init
<LI><a href="#[56]">&gt;&gt;</a>&nbsp;&nbsp;&nbsp;can_driver_init
<LI><a href="#[7c]">&gt;&gt;</a>&nbsp;&nbsp;&nbsp;debug_uart_init
</UL>

<P><STRONG><a name="[59]"></a>gpio_init</STRONG> (Thumb, 232 bytes, Stack size 12 bytes, at32f422_426_gpio.o(.text.gpio_init))
<BR><BR>[Stack]<UL><LI>Max Depth = 12<LI>Call Chain = gpio_init
</UL>
<BR>[Called By]<UL><LI><a href="#[ab]">&gt;&gt;</a>&nbsp;&nbsp;&nbsp;qi_uart_init
<LI><a href="#[56]">&gt;&gt;</a>&nbsp;&nbsp;&nbsp;can_driver_init
<LI><a href="#[7c]">&gt;&gt;</a>&nbsp;&nbsp;&nbsp;debug_uart_init
</UL>

<P><STRONG><a name="[5a]"></a>gpio_pin_mux_config</STRONG> (Thumb, 136 bytes, Stack size 16 bytes, at32f422_426_gpio.o(.text.gpio_pin_mux_config))
<BR><BR>[Stack]<UL><LI>Max Depth = 16<LI>Call Chain = gpio_pin_mux_config
</UL>
<BR>[Called By]<UL><LI><a href="#[ab]">&gt;&gt;</a>&nbsp;&nbsp;&nbsp;qi_uart_init
<LI><a href="#[56]">&gt;&gt;</a>&nbsp;&nbsp;&nbsp;can_driver_init
<LI><a href="#[7c]">&gt;&gt;</a>&nbsp;&nbsp;&nbsp;debug_uart_init
</UL>

<P><STRONG><a name="[70]"></a>isotp_init</STRONG> (Thumb, 76 bytes, Stack size 4 bytes, isotp.o(.text.isotp_init))
<BR><BR>[Stack]<UL><LI>Max Depth = 4<LI>Call Chain = isotp_init
</UL>
<BR>[Called By]<UL><LI><a href="#[6f]">&gt;&gt;</a>&nbsp;&nbsp;&nbsp;can_protocol_init
</UL>

<P><STRONG><a name="[73]"></a>isotp_poll</STRONG> (Thumb, 64 bytes, Stack size 8 bytes, isotp.o(.text.isotp_poll))
<BR><BR>[Stack]<UL><LI>Max Depth = 8<LI>Call Chain = isotp_poll
</UL>
<BR>[Calls]<UL><LI><a href="#[6d]">&gt;&gt;</a>&nbsp;&nbsp;&nbsp;timer_get_tick
</UL>
<BR>[Called By]<UL><LI><a href="#[72]">&gt;&gt;</a>&nbsp;&nbsp;&nbsp;can_protocol_poll
</UL>

<P><STRONG><a name="[75]"></a>isotp_rx_process</STRONG> (Thumb, 868 bytes, Stack size 40 bytes, isotp.o(.text.isotp_rx_process))
<BR><BR>[Stack]<UL><LI>Max Depth = 264<LI>Call Chain = isotp_rx_process &rArr; isotp_send_fc &rArr; isotp_can_send &rArr; can_driver_send &rArr; can_txbuf_write
</UL>
<BR>[Calls]<UL><LI><a href="#[9a]">&gt;&gt;</a>&nbsp;&nbsp;&nbsp;isotp_send_fc
<LI><a href="#[6d]">&gt;&gt;</a>&nbsp;&nbsp;&nbsp;timer_get_tick
</UL>
<BR>[Called By]<UL><LI><a href="#[9c]">&gt;&gt;</a>&nbsp;&nbsp;&nbsp;isotp_wait_cts
<LI><a href="#[9b]">&gt;&gt;</a>&nbsp;&nbsp;&nbsp;isotp_tx_send
<LI><a href="#[2e]">&gt;&gt;</a>&nbsp;&nbsp;&nbsp;can_protocol_rx_handler
</UL>

<P><STRONG><a name="[9b]"></a>isotp_tx_send</STRONG> (Thumb, 692 bytes, Stack size 48 bytes, isotp.o(.text.isotp_tx_send))
<BR><BR>[Stack]<UL><LI>Max Depth = 352<LI>Call Chain = isotp_tx_send &rArr; isotp_wait_cts &rArr; isotp_rx_process &rArr; isotp_send_fc &rArr; isotp_can_send &rArr; can_driver_send &rArr; can_txbuf_write
</UL>
<BR>[Calls]<UL><LI><a href="#[98]">&gt;&gt;</a>&nbsp;&nbsp;&nbsp;isotp_delay_ms
<LI><a href="#[9d]">&gt;&gt;</a>&nbsp;&nbsp;&nbsp;isotp_stmin_to_ms
<LI><a href="#[9c]">&gt;&gt;</a>&nbsp;&nbsp;&nbsp;isotp_wait_cts
<LI><a href="#[97]">&gt;&gt;</a>&nbsp;&nbsp;&nbsp;isotp_can_send
<LI><a href="#[75]">&gt;&gt;</a>&nbsp;&nbsp;&nbsp;isotp_rx_process
</UL>
<BR>[Called By]<UL><LI><a href="#[8c]">&gt;&gt;</a>&nbsp;&nbsp;&nbsp;proto_send_response
</UL>

<P><STRONG><a name="[a0]"></a>lifecycle_init</STRONG> (Thumb, 54 bytes, Stack size 16 bytes, lifecycle.o(.text.lifecycle_init))
<BR><BR>[Stack]<UL><LI>Max Depth = 208<LI>Call Chain = lifecycle_init &rArr; lifecycle_send &rArr; can_driver_send &rArr; can_txbuf_write
</UL>
<BR>[Calls]<UL><LI><a href="#[a1]">&gt;&gt;</a>&nbsp;&nbsp;&nbsp;can_driver_register_busoff_recovery_callback
<LI><a href="#[a2]">&gt;&gt;</a>&nbsp;&nbsp;&nbsp;lifecycle_send
<LI><a href="#[6d]">&gt;&gt;</a>&nbsp;&nbsp;&nbsp;timer_get_tick
</UL>
<BR>[Called By]<UL><LI><a href="#[3b]">&gt;&gt;</a>&nbsp;&nbsp;&nbsp;main
</UL>

<P><STRONG><a name="[a3]"></a>lifecycle_poll</STRONG> (Thumb, 84 bytes, Stack size 16 bytes, lifecycle.o(.text.lifecycle_poll))
<BR><BR>[Stack]<UL><LI>Max Depth = 208<LI>Call Chain = lifecycle_poll &rArr; lifecycle_send &rArr; can_driver_send &rArr; can_txbuf_write
</UL>
<BR>[Calls]<UL><LI><a href="#[a4]">&gt;&gt;</a>&nbsp;&nbsp;&nbsp;lifecycle_is_periodic
<LI><a href="#[a2]">&gt;&gt;</a>&nbsp;&nbsp;&nbsp;lifecycle_send
<LI><a href="#[6d]">&gt;&gt;</a>&nbsp;&nbsp;&nbsp;timer_get_tick
</UL>
<BR>[Called By]<UL><LI><a href="#[3b]">&gt;&gt;</a>&nbsp;&nbsp;&nbsp;main
</UL>

<P><STRONG><a name="[a5]"></a>lifecycle_set_state</STRONG> (Thumb, 70 bytes, Stack size 16 bytes, lifecycle.o(.text.lifecycle_set_state))
<BR><BR>[Stack]<UL><LI>Max Depth = 208<LI>Call Chain = lifecycle_set_state &rArr; lifecycle_send &rArr; can_driver_send &rArr; can_txbuf_write
</UL>
<BR>[Calls]<UL><LI><a href="#[a2]">&gt;&gt;</a>&nbsp;&nbsp;&nbsp;lifecycle_send
<LI><a href="#[6d]">&gt;&gt;</a>&nbsp;&nbsp;&nbsp;timer_get_tick
</UL>
<BR>[Called By]<UL><LI><a href="#[3b]">&gt;&gt;</a>&nbsp;&nbsp;&nbsp;main
</UL>

<P><STRONG><a name="[3b]"></a>main</STRONG> (Thumb, 126 bytes, Stack size 16 bytes, main.o(.text.main))
<BR><BR>[Stack]<UL><LI>Max Depth = 708 + Unknown Stack Size
<LI>Call Chain = main &rArr; ota_trial_poll &rArr; ota_confirm_trial &rArr; ota_metadata_save &rArr; meta_write_to_flash &rArr; flash_word_program &rArr; flash_operation_wait_for &rArr; flash_operation_status_get
</UL>
<BR>[Calls]<UL><LI><a href="#[a7]">&gt;&gt;</a>&nbsp;&nbsp;&nbsp;nvic_priority_group_config
<LI><a href="#[6e]">&gt;&gt;</a>&nbsp;&nbsp;&nbsp;wdg_drv_refresh
<LI><a href="#[82]">&gt;&gt;</a>&nbsp;&nbsp;&nbsp;debug_uart_poll
<LI><a href="#[b0]">&gt;&gt;</a>&nbsp;&nbsp;&nbsp;ota_trial_poll
<LI><a href="#[a3]">&gt;&gt;</a>&nbsp;&nbsp;&nbsp;lifecycle_poll
<LI><a href="#[af]">&gt;&gt;</a>&nbsp;&nbsp;&nbsp;qi_uart_poll
<LI><a href="#[72]">&gt;&gt;</a>&nbsp;&nbsp;&nbsp;can_protocol_poll
<LI><a href="#[ae]">&gt;&gt;</a>&nbsp;&nbsp;&nbsp;can_driver_poll
<LI><a href="#[ad]">&gt;&gt;</a>&nbsp;&nbsp;&nbsp;timer_poll
<LI><a href="#[ac]">&gt;&gt;</a>&nbsp;&nbsp;&nbsp;ota_trial_init
<LI><a href="#[a5]">&gt;&gt;</a>&nbsp;&nbsp;&nbsp;lifecycle_set_state
<LI><a href="#[a0]">&gt;&gt;</a>&nbsp;&nbsp;&nbsp;lifecycle_init
<LI><a href="#[6f]">&gt;&gt;</a>&nbsp;&nbsp;&nbsp;can_protocol_init
<LI><a href="#[ab]">&gt;&gt;</a>&nbsp;&nbsp;&nbsp;qi_uart_init
<LI><a href="#[56]">&gt;&gt;</a>&nbsp;&nbsp;&nbsp;can_driver_init
<LI><a href="#[aa]">&gt;&gt;</a>&nbsp;&nbsp;&nbsp;nvm_drv_init
<LI><a href="#[a9]">&gt;&gt;</a>&nbsp;&nbsp;&nbsp;wdg_drv_init
<LI><a href="#[7c]">&gt;&gt;</a>&nbsp;&nbsp;&nbsp;debug_uart_init
<LI><a href="#[a8]">&gt;&gt;</a>&nbsp;&nbsp;&nbsp;timer_drv_init
<LI><a href="#[a6]">&gt;&gt;</a>&nbsp;&nbsp;&nbsp;system_clock_config
</UL>
<BR>[Called By]<UL><LI><a href="#[3a]">&gt;&gt;</a>&nbsp;&nbsp;&nbsp;__rt_entry_main
</UL>

<P><STRONG><a name="[63]"></a>nvic_irq_enable</STRONG> (Thumb, 52 bytes, Stack size 24 bytes, at32f422_426_misc.o(.text.nvic_irq_enable))
<BR><BR>[Stack]<UL><LI>Max Depth = 56<LI>Call Chain = nvic_irq_enable &rArr; NVIC_EncodePriority
</UL>
<BR>[Calls]<UL><LI><a href="#[bb]">&gt;&gt;</a>&nbsp;&nbsp;&nbsp;__NVIC_EnableIRQ
<LI><a href="#[ba]">&gt;&gt;</a>&nbsp;&nbsp;&nbsp;__NVIC_SetPriority
<LI><a href="#[b9]">&gt;&gt;</a>&nbsp;&nbsp;&nbsp;NVIC_EncodePriority
<LI><a href="#[b8]">&gt;&gt;</a>&nbsp;&nbsp;&nbsp;__NVIC_GetPriorityGrouping
</UL>
<BR>[Called By]<UL><LI><a href="#[ab]">&gt;&gt;</a>&nbsp;&nbsp;&nbsp;qi_uart_init
<LI><a href="#[56]">&gt;&gt;</a>&nbsp;&nbsp;&nbsp;can_driver_init
</UL>

<P><STRONG><a name="[a7]"></a>nvic_priority_group_config</STRONG> (Thumb, 20 bytes, Stack size 16 bytes, at32f422_426_misc.o(.text.nvic_priority_group_config))
<BR><BR>[Stack]<UL><LI>Max Depth = 28<LI>Call Chain = nvic_priority_group_config &rArr; __NVIC_SetPriorityGrouping
</UL>
<BR>[Calls]<UL><LI><a href="#[bc]">&gt;&gt;</a>&nbsp;&nbsp;&nbsp;__NVIC_SetPriorityGrouping
</UL>
<BR>[Called By]<UL><LI><a href="#[3b]">&gt;&gt;</a>&nbsp;&nbsp;&nbsp;main
</UL>

<P><STRONG><a name="[aa]"></a>nvm_drv_init</STRONG> (Thumb, 78 bytes, Stack size 8 bytes, nvm_drv.o(.text.nvm_drv_init))
<BR><BR>[Stack]<UL><LI>Max Depth = 8<LI>Call Chain = nvm_drv_init
</UL>
<BR>[Called By]<UL><LI><a href="#[3b]">&gt;&gt;</a>&nbsp;&nbsp;&nbsp;main
</UL>

<P><STRONG><a name="[b4]"></a>ota_crc32</STRONG> (Thumb, 122 bytes, Stack size 28 bytes, ota_trigger.o(.text.ota_crc32))
<BR><BR>[Stack]<UL><LI>Max Depth = 28<LI>Call Chain = ota_crc32
</UL>
<BR>[Called By]<UL><LI><a href="#[be]">&gt;&gt;</a>&nbsp;&nbsp;&nbsp;ota_metadata_save
<LI><a href="#[b3]">&gt;&gt;</a>&nbsp;&nbsp;&nbsp;meta_validate
</UL>

<P><STRONG><a name="[92]"></a>ota_metadata_read</STRONG> (Thumb, 108 bytes, Stack size 24 bytes, ota_trigger.o(.text.ota_metadata_read))
<BR><BR>[Stack]<UL><LI>Max Depth = 76 + Unknown Stack Size
<LI>Call Chain = ota_metadata_read &rArr; meta_validate &rArr; ota_crc32
</UL>
<BR>[Calls]<UL><LI><a href="#[bf]">&gt;&gt;</a>&nbsp;&nbsp;&nbsp;__aeabi_memcpy
<LI><a href="#[b1]">&gt;&gt;</a>&nbsp;&nbsp;&nbsp;meta_fill_defaults
<LI><a href="#[b3]">&gt;&gt;</a>&nbsp;&nbsp;&nbsp;meta_validate
</UL>
<BR>[Called By]<UL><LI><a href="#[bd]">&gt;&gt;</a>&nbsp;&nbsp;&nbsp;ota_confirm_trial
<LI><a href="#[8e]">&gt;&gt;</a>&nbsp;&nbsp;&nbsp;ota_trigger_prepare
<LI><a href="#[90]">&gt;&gt;</a>&nbsp;&nbsp;&nbsp;handle_read_data_by_id
<LI><a href="#[ac]">&gt;&gt;</a>&nbsp;&nbsp;&nbsp;ota_trial_init
</UL>

<P><STRONG><a name="[be]"></a>ota_metadata_save</STRONG> (Thumb, 100 bytes, Stack size 296 bytes, ota_trigger.o(.text.ota_metadata_save))
<BR><BR>[Stack]<UL><LI>Max Depth = 388<LI>Call Chain = ota_metadata_save &rArr; meta_write_to_flash &rArr; flash_word_program &rArr; flash_operation_wait_for &rArr; flash_operation_status_get
</UL>
<BR>[Calls]<UL><LI><a href="#[bf]">&gt;&gt;</a>&nbsp;&nbsp;&nbsp;__aeabi_memcpy
<LI><a href="#[b4]">&gt;&gt;</a>&nbsp;&nbsp;&nbsp;ota_crc32
<LI><a href="#[b5]">&gt;&gt;</a>&nbsp;&nbsp;&nbsp;meta_write_to_flash
</UL>
<BR>[Called By]<UL><LI><a href="#[bd]">&gt;&gt;</a>&nbsp;&nbsp;&nbsp;ota_confirm_trial
<LI><a href="#[8e]">&gt;&gt;</a>&nbsp;&nbsp;&nbsp;ota_trigger_prepare
</UL>

<P><STRONG><a name="[ac]"></a>ota_trial_init</STRONG> (Thumb, 116 bytes, Stack size 288 bytes, ota_trigger.o(.text.ota_trial_init))
<BR><BR>[Stack]<UL><LI>Max Depth = 364 + Unknown Stack Size
<LI>Call Chain = ota_trial_init &rArr; ota_metadata_read &rArr; meta_validate &rArr; ota_crc32
</UL>
<BR>[Calls]<UL><LI><a href="#[92]">&gt;&gt;</a>&nbsp;&nbsp;&nbsp;ota_metadata_read
<LI><a href="#[6d]">&gt;&gt;</a>&nbsp;&nbsp;&nbsp;timer_get_tick
</UL>
<BR>[Called By]<UL><LI><a href="#[3b]">&gt;&gt;</a>&nbsp;&nbsp;&nbsp;main
</UL>

<P><STRONG><a name="[b0]"></a>ota_trial_poll</STRONG> (Thumb, 98 bytes, Stack size 16 bytes, ota_trigger.o(.text.ota_trial_poll))
<BR><BR>[Stack]<UL><LI>Max Depth = 692 + Unknown Stack Size
<LI>Call Chain = ota_trial_poll &rArr; ota_confirm_trial &rArr; ota_metadata_save &rArr; meta_write_to_flash &rArr; flash_word_program &rArr; flash_operation_wait_for &rArr; flash_operation_status_get
</UL>
<BR>[Calls]<UL><LI><a href="#[bd]">&gt;&gt;</a>&nbsp;&nbsp;&nbsp;ota_confirm_trial
<LI><a href="#[6d]">&gt;&gt;</a>&nbsp;&nbsp;&nbsp;timer_get_tick
</UL>
<BR>[Called By]<UL><LI><a href="#[3b]">&gt;&gt;</a>&nbsp;&nbsp;&nbsp;main
</UL>

<P><STRONG><a name="[8e]"></a>ota_trigger_prepare</STRONG> (Thumb, 52 bytes, Stack size 288 bytes, ota_trigger.o(.text.ota_trigger_prepare))
<BR><BR>[Stack]<UL><LI>Max Depth = 676 + Unknown Stack Size
<LI>Call Chain = ota_trigger_prepare &rArr; ota_metadata_save &rArr; meta_write_to_flash &rArr; flash_word_program &rArr; flash_operation_wait_for &rArr; flash_operation_status_get
</UL>
<BR>[Calls]<UL><LI><a href="#[be]">&gt;&gt;</a>&nbsp;&nbsp;&nbsp;ota_metadata_save
<LI><a href="#[92]">&gt;&gt;</a>&nbsp;&nbsp;&nbsp;ota_metadata_read
</UL>
<BR>[Called By]<UL><LI><a href="#[8d]">&gt;&gt;</a>&nbsp;&nbsp;&nbsp;handle_ecu_reset
</UL>

<P><STRONG><a name="[ab]"></a>qi_uart_init</STRONG> (Thumb, 264 bytes, Stack size 48 bytes, qi_uart.o(.text.qi_uart_init))
<BR><BR>[Stack]<UL><LI>Max Depth = 208<LI>Call Chain = qi_uart_init &rArr; usart_init &rArr; crm_clocks_freq_get &rArr; __aeabi_uldivmod
</UL>
<BR>[Calls]<UL><LI><a href="#[63]">&gt;&gt;</a>&nbsp;&nbsp;&nbsp;nvic_irq_enable
<LI><a href="#[5a]">&gt;&gt;</a>&nbsp;&nbsp;&nbsp;gpio_pin_mux_config
<LI><a href="#[58]">&gt;&gt;</a>&nbsp;&nbsp;&nbsp;gpio_default_para_init
<LI><a href="#[59]">&gt;&gt;</a>&nbsp;&nbsp;&nbsp;gpio_init
<LI><a href="#[57]">&gt;&gt;</a>&nbsp;&nbsp;&nbsp;crm_periph_clock_enable
<LI><a href="#[c0]">&gt;&gt;</a>&nbsp;&nbsp;&nbsp;usart_interrupt_enable
<LI><a href="#[80]">&gt;&gt;</a>&nbsp;&nbsp;&nbsp;usart_receiver_enable
<LI><a href="#[7f]">&gt;&gt;</a>&nbsp;&nbsp;&nbsp;usart_transmitter_enable
<LI><a href="#[81]">&gt;&gt;</a>&nbsp;&nbsp;&nbsp;usart_enable
<LI><a href="#[7e]">&gt;&gt;</a>&nbsp;&nbsp;&nbsp;usart_parity_selection_config
<LI><a href="#[7d]">&gt;&gt;</a>&nbsp;&nbsp;&nbsp;usart_init
</UL>
<BR>[Called By]<UL><LI><a href="#[3b]">&gt;&gt;</a>&nbsp;&nbsp;&nbsp;main
</UL>

<P><STRONG><a name="[af]"></a>qi_uart_poll</STRONG> (Thumb, 72 bytes, Stack size 16 bytes, qi_uart.o(.text.qi_uart_poll))
<BR><BR>[Stack]<UL><LI>Max Depth = 24<LI>Call Chain = qi_uart_poll &rArr; qi_uart_rx_read
</UL>
<BR>[Calls]<UL><LI><a href="#[c1]">&gt;&gt;</a>&nbsp;&nbsp;&nbsp;qi_uart_rx_read
</UL>
<BR>[Called By]<UL><LI><a href="#[3b]">&gt;&gt;</a>&nbsp;&nbsp;&nbsp;main
</UL>

<P><STRONG><a name="[51]"></a>qi_uart_rx_irq_handler</STRONG> (Thumb, 144 bytes, Stack size 16 bytes, qi_uart.o(.text.qi_uart_rx_irq_handler))
<BR><BR>[Stack]<UL><LI>Max Depth = 28<LI>Call Chain = qi_uart_rx_irq_handler &rArr; usart_flag_get
</UL>
<BR>[Calls]<UL><LI><a href="#[50]">&gt;&gt;</a>&nbsp;&nbsp;&nbsp;usart_flag_clear
<LI><a href="#[4e]">&gt;&gt;</a>&nbsp;&nbsp;&nbsp;usart_flag_get
<LI><a href="#[4f]">&gt;&gt;</a>&nbsp;&nbsp;&nbsp;usart_data_receive
</UL>
<BR>[Called By]<UL><LI><a href="#[23]">&gt;&gt;</a>&nbsp;&nbsp;&nbsp;USART2_IRQHandler
</UL>

<P><STRONG><a name="[c1]"></a>qi_uart_rx_read</STRONG> (Thumb, 96 bytes, Stack size 8 bytes, qi_uart.o(.text.qi_uart_rx_read))
<BR><BR>[Stack]<UL><LI>Max Depth = 8<LI>Call Chain = qi_uart_rx_read
</UL>
<BR>[Called By]<UL><LI><a href="#[af]">&gt;&gt;</a>&nbsp;&nbsp;&nbsp;qi_uart_poll
</UL>

<P><STRONG><a name="[a6]"></a>system_clock_config</STRONG> (Thumb, 170 bytes, Stack size 24 bytes, at32f422_426_clock.o(.text.system_clock_config))
<BR><BR>[Stack]<UL><LI>Max Depth = 128<LI>Call Chain = system_clock_config &rArr; system_core_clock_update &rArr; __aeabi_uldivmod
</UL>
<BR>[Calls]<UL><LI><a href="#[c9]">&gt;&gt;</a>&nbsp;&nbsp;&nbsp;crm_auto_step_mode_enable
<LI><a href="#[ca]">&gt;&gt;</a>&nbsp;&nbsp;&nbsp;crm_sysclk_switch
<LI><a href="#[c4]">&gt;&gt;</a>&nbsp;&nbsp;&nbsp;crm_pll_config
<LI><a href="#[c6]">&gt;&gt;</a>&nbsp;&nbsp;&nbsp;crm_apb3_div_set
<LI><a href="#[c7]">&gt;&gt;</a>&nbsp;&nbsp;&nbsp;crm_apb2_div_set
<LI><a href="#[c8]">&gt;&gt;</a>&nbsp;&nbsp;&nbsp;crm_apb1_div_set
<LI><a href="#[c5]">&gt;&gt;</a>&nbsp;&nbsp;&nbsp;crm_ahb_div_set
<LI><a href="#[c3]">&gt;&gt;</a>&nbsp;&nbsp;&nbsp;crm_clock_source_enable
<LI><a href="#[57]">&gt;&gt;</a>&nbsp;&nbsp;&nbsp;crm_periph_clock_enable
<LI><a href="#[7a]">&gt;&gt;</a>&nbsp;&nbsp;&nbsp;crm_hext_stable_wait
<LI><a href="#[7b]">&gt;&gt;</a>&nbsp;&nbsp;&nbsp;crm_flag_get
<LI><a href="#[c2]">&gt;&gt;</a>&nbsp;&nbsp;&nbsp;crm_reset
<LI><a href="#[78]">&gt;&gt;</a>&nbsp;&nbsp;&nbsp;crm_sysclk_switch_status_get
<LI><a href="#[cb]">&gt;&gt;</a>&nbsp;&nbsp;&nbsp;system_core_clock_update
</UL>
<BR>[Called By]<UL><LI><a href="#[3b]">&gt;&gt;</a>&nbsp;&nbsp;&nbsp;main
</UL>

<P><STRONG><a name="[cb]"></a>system_core_clock_update</STRONG> (Thumb, 562 bytes, Stack size 56 bytes, system_at32f422_426.o(.text.system_core_clock_update))
<BR><BR>[Stack]<UL><LI>Max Depth = 104<LI>Call Chain = system_core_clock_update &rArr; __aeabi_uldivmod
</UL>
<BR>[Calls]<UL><LI><a href="#[78]">&gt;&gt;</a>&nbsp;&nbsp;&nbsp;crm_sysclk_switch_status_get
<LI><a href="#[79]">&gt;&gt;</a>&nbsp;&nbsp;&nbsp;__aeabi_uldivmod
</UL>
<BR>[Called By]<UL><LI><a href="#[a6]">&gt;&gt;</a>&nbsp;&nbsp;&nbsp;system_clock_config
</UL>

<P><STRONG><a name="[a8]"></a>timer_drv_init</STRONG> (Thumb, 136 bytes, Stack size 16 bytes, timer_drv.o(.text.timer_drv_init))
<BR><BR>[Stack]<UL><LI>Max Depth = 40<LI>Call Chain = timer_drv_init &rArr; SysTick_Config &rArr; __NVIC_SetPriority
</UL>
<BR>[Calls]<UL><LI><a href="#[4b]">&gt;&gt;</a>&nbsp;&nbsp;&nbsp;SysTick_Config
</UL>
<BR>[Called By]<UL><LI><a href="#[3b]">&gt;&gt;</a>&nbsp;&nbsp;&nbsp;main
</UL>

<P><STRONG><a name="[6d]"></a>timer_get_tick</STRONG> (Thumb, 12 bytes, Stack size 0 bytes, timer_drv.o(.text.timer_get_tick))
<BR><BR>[Called By]<UL><LI><a href="#[2f]">&gt;&gt;</a>&nbsp;&nbsp;&nbsp;lifecycle_on_busoff_recovery
<LI><a href="#[98]">&gt;&gt;</a>&nbsp;&nbsp;&nbsp;isotp_delay_ms
<LI><a href="#[9c]">&gt;&gt;</a>&nbsp;&nbsp;&nbsp;isotp_wait_cts
<LI><a href="#[97]">&gt;&gt;</a>&nbsp;&nbsp;&nbsp;isotp_can_send
<LI><a href="#[6c]">&gt;&gt;</a>&nbsp;&nbsp;&nbsp;can_driver_wait_tx_idle
<LI><a href="#[73]">&gt;&gt;</a>&nbsp;&nbsp;&nbsp;isotp_poll
<LI><a href="#[75]">&gt;&gt;</a>&nbsp;&nbsp;&nbsp;isotp_rx_process
<LI><a href="#[95]">&gt;&gt;</a>&nbsp;&nbsp;&nbsp;handle_tester_present
<LI><a href="#[89]">&gt;&gt;</a>&nbsp;&nbsp;&nbsp;handle_diag_session_ctrl
<LI><a href="#[2d]">&gt;&gt;</a>&nbsp;&nbsp;&nbsp;isotp_message_received
<LI><a href="#[82]">&gt;&gt;</a>&nbsp;&nbsp;&nbsp;debug_uart_poll
<LI><a href="#[b0]">&gt;&gt;</a>&nbsp;&nbsp;&nbsp;ota_trial_poll
<LI><a href="#[a3]">&gt;&gt;</a>&nbsp;&nbsp;&nbsp;lifecycle_poll
<LI><a href="#[72]">&gt;&gt;</a>&nbsp;&nbsp;&nbsp;can_protocol_poll
<LI><a href="#[ac]">&gt;&gt;</a>&nbsp;&nbsp;&nbsp;ota_trial_init
<LI><a href="#[a5]">&gt;&gt;</a>&nbsp;&nbsp;&nbsp;lifecycle_set_state
<LI><a href="#[a0]">&gt;&gt;</a>&nbsp;&nbsp;&nbsp;lifecycle_init
<LI><a href="#[6f]">&gt;&gt;</a>&nbsp;&nbsp;&nbsp;can_protocol_init
<LI><a href="#[7c]">&gt;&gt;</a>&nbsp;&nbsp;&nbsp;debug_uart_init
</UL>

<P><STRONG><a name="[ad]"></a>timer_poll</STRONG> (Thumb, 182 bytes, Stack size 16 bytes, timer_drv.o(.text.timer_poll))
<BR><BR>[Stack]<UL><LI>Max Depth = 16<LI>Call Chain = timer_poll
</UL>
<BR>[Called By]<UL><LI><a href="#[3b]">&gt;&gt;</a>&nbsp;&nbsp;&nbsp;main
</UL>

<P><STRONG><a name="[4d]"></a>timer_tick_inc</STRONG> (Thumb, 144 bytes, Stack size 4 bytes, timer_drv.o(.text.timer_tick_inc))
<BR><BR>[Stack]<UL><LI>Max Depth = 4<LI>Call Chain = timer_tick_inc
</UL>
<BR>[Called By]<UL><LI><a href="#[9]">&gt;&gt;</a>&nbsp;&nbsp;&nbsp;SysTick_Handler
</UL>

<P><STRONG><a name="[4f]"></a>usart_data_receive</STRONG> (Thumb, 14 bytes, Stack size 4 bytes, at32f422_426_usart.o(.text.usart_data_receive))
<BR><BR>[Stack]<UL><LI>Max Depth = 4<LI>Call Chain = usart_data_receive
</UL>
<BR>[Called By]<UL><LI><a href="#[22]">&gt;&gt;</a>&nbsp;&nbsp;&nbsp;USART1_IRQHandler
<LI><a href="#[51]">&gt;&gt;</a>&nbsp;&nbsp;&nbsp;qi_uart_rx_irq_handler
</UL>

<P><STRONG><a name="[84]"></a>usart_data_transmit</STRONG> (Thumb, 24 bytes, Stack size 8 bytes, at32f422_426_usart.o(.text.usart_data_transmit))
<BR><BR>[Stack]<UL><LI>Max Depth = 8<LI>Call Chain = usart_data_transmit
</UL>
<BR>[Called By]<UL><LI><a href="#[83]">&gt;&gt;</a>&nbsp;&nbsp;&nbsp;debug_uart_putc
</UL>

<P><STRONG><a name="[81]"></a>usart_enable</STRONG> (Thumb, 34 bytes, Stack size 8 bytes, at32f422_426_usart.o(.text.usart_enable))
<BR><BR>[Stack]<UL><LI>Max Depth = 8<LI>Call Chain = usart_enable
</UL>
<BR>[Called By]<UL><LI><a href="#[ab]">&gt;&gt;</a>&nbsp;&nbsp;&nbsp;qi_uart_init
<LI><a href="#[7c]">&gt;&gt;</a>&nbsp;&nbsp;&nbsp;debug_uart_init
</UL>

<P><STRONG><a name="[50]"></a>usart_flag_clear</STRONG> (Thumb, 84 bytes, Stack size 8 bytes, at32f422_426_usart.o(.text.usart_flag_clear))
<BR><BR>[Stack]<UL><LI>Max Depth = 8<LI>Call Chain = usart_flag_clear
</UL>
<BR>[Called By]<UL><LI><a href="#[22]">&gt;&gt;</a>&nbsp;&nbsp;&nbsp;USART1_IRQHandler
<LI><a href="#[51]">&gt;&gt;</a>&nbsp;&nbsp;&nbsp;qi_uart_rx_irq_handler
</UL>

<P><STRONG><a name="[4e]"></a>usart_flag_get</STRONG> (Thumb, 42 bytes, Stack size 12 bytes, at32f422_426_usart.o(.text.usart_flag_get))
<BR><BR>[Stack]<UL><LI>Max Depth = 12<LI>Call Chain = usart_flag_get
</UL>
<BR>[Called By]<UL><LI><a href="#[83]">&gt;&gt;</a>&nbsp;&nbsp;&nbsp;debug_uart_putc
<LI><a href="#[22]">&gt;&gt;</a>&nbsp;&nbsp;&nbsp;USART1_IRQHandler
<LI><a href="#[51]">&gt;&gt;</a>&nbsp;&nbsp;&nbsp;qi_uart_rx_irq_handler
</UL>

<P><STRONG><a name="[7d]"></a>usart_init</STRONG> (Thumb, 270 bytes, Stack size 48 bytes, at32f422_426_usart.o(.text.usart_init))
<BR><BR>[Stack]<UL><LI>Max Depth = 160<LI>Call Chain = usart_init &rArr; crm_clocks_freq_get &rArr; __aeabi_uldivmod
</UL>
<BR>[Calls]<UL><LI><a href="#[77]">&gt;&gt;</a>&nbsp;&nbsp;&nbsp;crm_clocks_freq_get
</UL>
<BR>[Called By]<UL><LI><a href="#[ab]">&gt;&gt;</a>&nbsp;&nbsp;&nbsp;qi_uart_init
<LI><a href="#[7c]">&gt;&gt;</a>&nbsp;&nbsp;&nbsp;debug_uart_init
</UL>

<P><STRONG><a name="[c0]"></a>usart_interrupt_enable</STRONG> (Thumb, 72 bytes, Stack size 12 bytes, at32f422_426_usart.o(.text.usart_interrupt_enable))
<BR><BR>[Stack]<UL><LI>Max Depth = 12<LI>Call Chain = usart_interrupt_enable
</UL>
<BR>[Called By]<UL><LI><a href="#[ab]">&gt;&gt;</a>&nbsp;&nbsp;&nbsp;qi_uart_init
</UL>

<P><STRONG><a name="[7e]"></a>usart_parity_selection_config</STRONG> (Thumb, 110 bytes, Stack size 8 bytes, at32f422_426_usart.o(.text.usart_parity_selection_config))
<BR><BR>[Stack]<UL><LI>Max Depth = 8<LI>Call Chain = usart_parity_selection_config
</UL>
<BR>[Called By]<UL><LI><a href="#[ab]">&gt;&gt;</a>&nbsp;&nbsp;&nbsp;qi_uart_init
<LI><a href="#[7c]">&gt;&gt;</a>&nbsp;&nbsp;&nbsp;debug_uart_init
</UL>

<P><STRONG><a name="[80]"></a>usart_receiver_enable</STRONG> (Thumb, 34 bytes, Stack size 8 bytes, at32f422_426_usart.o(.text.usart_receiver_enable))
<BR><BR>[Stack]<UL><LI>Max Depth = 8<LI>Call Chain = usart_receiver_enable
</UL>
<BR>[Called By]<UL><LI><a href="#[ab]">&gt;&gt;</a>&nbsp;&nbsp;&nbsp;qi_uart_init
<LI><a href="#[7c]">&gt;&gt;</a>&nbsp;&nbsp;&nbsp;debug_uart_init
</UL>

<P><STRONG><a name="[7f]"></a>usart_transmitter_enable</STRONG> (Thumb, 34 bytes, Stack size 8 bytes, at32f422_426_usart.o(.text.usart_transmitter_enable))
<BR><BR>[Stack]<UL><LI>Max Depth = 8<LI>Call Chain = usart_transmitter_enable
</UL>
<BR>[Called By]<UL><LI><a href="#[ab]">&gt;&gt;</a>&nbsp;&nbsp;&nbsp;qi_uart_init
<LI><a href="#[7c]">&gt;&gt;</a>&nbsp;&nbsp;&nbsp;debug_uart_init
</UL>

<P><STRONG><a name="[a9]"></a>wdg_drv_init</STRONG> (Thumb, 38 bytes, Stack size 8 bytes, wdg_drv.o(.text.wdg_drv_init))
<BR><BR>[Stack]<UL><LI>Max Depth = 12<LI>Call Chain = wdg_drv_init &rArr; wdt_register_write_enable
</UL>
<BR>[Calls]<UL><LI><a href="#[cc]">&gt;&gt;</a>&nbsp;&nbsp;&nbsp;wdt_register_write_enable
<LI><a href="#[cd]">&gt;&gt;</a>&nbsp;&nbsp;&nbsp;wdt_divider_set
<LI><a href="#[ce]">&gt;&gt;</a>&nbsp;&nbsp;&nbsp;wdt_reload_value_set
<LI><a href="#[d0]">&gt;&gt;</a>&nbsp;&nbsp;&nbsp;wdt_counter_reload
<LI><a href="#[cf]">&gt;&gt;</a>&nbsp;&nbsp;&nbsp;wdt_enable
</UL>
<BR>[Called By]<UL><LI><a href="#[3b]">&gt;&gt;</a>&nbsp;&nbsp;&nbsp;main
</UL>

<P><STRONG><a name="[6e]"></a>wdg_drv_refresh</STRONG> (Thumb, 8 bytes, Stack size 8 bytes, wdg_drv.o(.text.wdg_drv_refresh))
<BR><BR>[Stack]<UL><LI>Max Depth = 8<LI>Call Chain = wdg_drv_refresh
</UL>
<BR>[Calls]<UL><LI><a href="#[d0]">&gt;&gt;</a>&nbsp;&nbsp;&nbsp;wdt_counter_reload
</UL>
<BR>[Called By]<UL><LI><a href="#[98]">&gt;&gt;</a>&nbsp;&nbsp;&nbsp;isotp_delay_ms
[...]
</UL>

<P><STRONG><a name="[bb]"></a>__NVIC_EnableIRQ</STRONG> (Thumb, 48 bytes, Stack size 4 bytes, at32f422_426_misc.o(.text.__NVIC_EnableIRQ))
<BR><BR>[Stack]<UL><LI>Max Depth = 4<LI>Call Chain = __NVIC_EnableIRQ
</UL>
<BR>[Called By]<UL><LI><a href="#[63]">&gt;&gt;</a>&nbsp;&nbsp;&nbsp;nvic_irq_enable
</UL>

<P><STRONG><a name="[bc]"></a>__NVIC_SetPriorityGrouping</STRONG> (Thumb, 60 bytes, Stack size 12 bytes, at32f422_426_misc.o(.text.__NVIC_SetPriorityGrouping))
<BR><BR>[Stack]<UL><LI>Max Depth = 12<LI>Call Chain = __NVIC_SetPriorityGrouping
</UL>
<BR>[Called By]<UL><LI><a href="#[a7]">&gt;&gt;</a>&nbsp;&nbsp;&nbsp;nvic_priority_group_config
</UL>

<P><STRONG><a name="[2d]"></a>isotp_message_received</STRONG> (Thumb, 78 bytes, Stack size 24 bytes, can_protocol.o(.text.isotp_message_received))
<BR><BR>[Stack]<UL><LI>Max Depth = 1856 + Unknown Stack Size
<LI>Call Chain = isotp_message_received &rArr; uds_process_message &rArr; handle_read_data_by_id &rArr; proto_send_nrc &rArr; proto_send_response &rArr; isotp_tx_send &rArr; isotp_wait_cts &rArr; isotp_rx_process &rArr; isotp_send_fc &rArr; isotp_can_send &rArr; can_driver_send &rArr; can_txbuf_write
</UL>
<BR>[Calls]<UL><LI><a href="#[6d]">&gt;&gt;</a>&nbsp;&nbsp;&nbsp;timer_get_tick
<LI><a href="#[99]">&gt;&gt;</a>&nbsp;&nbsp;&nbsp;uds_process_message
<LI><a href="#[74]">&gt;&gt;</a>&nbsp;&nbsp;&nbsp;session_reset_to_default
</UL>
<BR>[Address Reference Count : 1]<UL><LI> can_protocol.o(.text.can_protocol_init)
</UL>
<P><STRONG><a name="[2e]"></a>can_protocol_rx_handler</STRONG> (Thumb, 82 bytes, Stack size 24 bytes, can_protocol.o(.text.can_protocol_rx_handler))
<BR><BR>[Stack]<UL><LI>Max Depth = 288<LI>Call Chain = can_protocol_rx_handler &rArr; isotp_rx_process &rArr; isotp_send_fc &rArr; isotp_can_send &rArr; can_driver_send &rArr; can_txbuf_write
</UL>
<BR>[Calls]<UL><LI><a href="#[75]">&gt;&gt;</a>&nbsp;&nbsp;&nbsp;isotp_rx_process
</UL>
<BR>[Address Reference Count : 1]<UL><LI> can_protocol.o(.text.can_protocol_init)
</UL>
<P><STRONG><a name="[74]"></a>session_reset_to_default</STRONG> (Thumb, 26 bytes, Stack size 0 bytes, can_protocol.o(.text.session_reset_to_default))
<BR><BR>[Called By]<UL><LI><a href="#[8b]">&gt;&gt;</a>&nbsp;&nbsp;&nbsp;session_switch
<LI><a href="#[2d]">&gt;&gt;</a>&nbsp;&nbsp;&nbsp;isotp_message_received
<LI><a href="#[72]">&gt;&gt;</a>&nbsp;&nbsp;&nbsp;can_protocol_poll
</UL>

<P><STRONG><a name="[99]"></a>uds_process_message</STRONG> (Thumb, 228 bytes, Stack size 24 bytes, can_protocol.o(.text.uds_process_message))
<BR><BR>[Stack]<UL><LI>Max Depth = 1832 + Unknown Stack Size
<LI>Call Chain = uds_process_message &rArr; handle_read_data_by_id &rArr; proto_send_nrc &rArr; proto_send_response &rArr; isotp_tx_send &rArr; isotp_wait_cts &rArr; isotp_rx_process &rArr; isotp_send_fc &rArr; isotp_can_send &rArr; can_driver_send &rArr; can_txbuf_write
</UL>
<BR>[Calls]<UL><LI><a href="#[95]">&gt;&gt;</a>&nbsp;&nbsp;&nbsp;handle_tester_present
<LI><a href="#[8a]">&gt;&gt;</a>&nbsp;&nbsp;&nbsp;proto_send_nrc
<LI><a href="#[93]">&gt;&gt;</a>&nbsp;&nbsp;&nbsp;handle_routine_control
<LI><a href="#[94]">&gt;&gt;</a>&nbsp;&nbsp;&nbsp;handle_security_access
<LI><a href="#[96]">&gt;&gt;</a>&nbsp;&nbsp;&nbsp;handle_write_data_by_id
<LI><a href="#[90]">&gt;&gt;</a>&nbsp;&nbsp;&nbsp;handle_read_data_by_id
<LI><a href="#[8d]">&gt;&gt;</a>&nbsp;&nbsp;&nbsp;handle_ecu_reset
<LI><a href="#[89]">&gt;&gt;</a>&nbsp;&nbsp;&nbsp;handle_diag_session_ctrl
</UL>
<BR>[Called By]<UL><LI><a href="#[2d]">&gt;&gt;</a>&nbsp;&nbsp;&nbsp;isotp_message_received
</UL>

<P><STRONG><a name="[89]"></a>handle_diag_session_ctrl</STRONG> (Thumb, 162 bytes, Stack size 32 bytes, can_protocol.o(.text.handle_diag_session_ctrl))
<BR><BR>[Stack]<UL><LI>Max Depth = 416<LI>Call Chain = handle_diag_session_ctrl &rArr; proto_send_nrc &rArr; proto_send_response &rArr; isotp_tx_send &rArr; isotp_wait_cts &rArr; isotp_rx_process &rArr; isotp_send_fc &rArr; isotp_can_send &rArr; can_driver_send &rArr; can_txbuf_write
</UL>
<BR>[Calls]<UL><LI><a href="#[6d]">&gt;&gt;</a>&nbsp;&nbsp;&nbsp;timer_get_tick
<LI><a href="#[8c]">&gt;&gt;</a>&nbsp;&nbsp;&nbsp;proto_send_response
<LI><a href="#[8b]">&gt;&gt;</a>&nbsp;&nbsp;&nbsp;session_switch
<LI><a href="#[8a]">&gt;&gt;</a>&nbsp;&nbsp;&nbsp;proto_send_nrc
</UL>
<BR>[Called By]<UL><LI><a href="#[99]">&gt;&gt;</a>&nbsp;&nbsp;&nbsp;uds_process_message
</UL>

<P><STRONG><a name="[8d]"></a>handle_ecu_reset</STRONG> (Thumb, 172 bytes, Stack size 32 bytes, can_protocol.o(.text.handle_ecu_reset))
<BR><BR>[Stack]<UL><LI>Max Depth = 708 + Unknown Stack Size
<LI>Call Chain = handle_ecu_reset &rArr; ota_trigger_prepare &rArr; ota_metadata_save &rArr; meta_write_to_flash &rArr; flash_word_program &rArr; flash_operation_wait_for &rArr; flash_operation_status_get
</UL>
<BR>[Calls]<UL><LI><a href="#[6c]">&gt;&gt;</a>&nbsp;&nbsp;&nbsp;can_driver_wait_tx_idle
<LI><a href="#[8e]">&gt;&gt;</a>&nbsp;&nbsp;&nbsp;ota_trigger_prepare
<LI><a href="#[8f]">&gt;&gt;</a>&nbsp;&nbsp;&nbsp;__NVIC_SystemReset
<LI><a href="#[8c]">&gt;&gt;</a>&nbsp;&nbsp;&nbsp;proto_send_response
<LI><a href="#[8a]">&gt;&gt;</a>&nbsp;&nbsp;&nbsp;proto_send_nrc
</UL>
<BR>[Called By]<UL><LI><a href="#[99]">&gt;&gt;</a>&nbsp;&nbsp;&nbsp;uds_process_message
</UL>

<P><STRONG><a name="[90]"></a>handle_read_data_by_id</STRONG> (Thumb, 768 bytes, Stack size 1424 bytes, can_protocol.o(.text.handle_read_data_by_id))
<BR><BR>[Stack]<UL><LI>Max Depth = 1808 + Unknown Stack Size
<LI>Call Chain = handle_read_data_by_id &rArr; proto_send_nrc &rArr; proto_send_response &rArr; isotp_tx_send &rArr; isotp_wait_cts &rArr; isotp_rx_process &rArr; isotp_send_fc &rArr; isotp_can_send &rArr; can_driver_send &rArr; can_txbuf_write
</UL>
<BR>[Calls]<UL><LI><a href="#[92]">&gt;&gt;</a>&nbsp;&nbsp;&nbsp;ota_metadata_read
<LI><a href="#[91]">&gt;&gt;</a>&nbsp;&nbsp;&nbsp;str_copy_to_resp
<LI><a href="#[8c]">&gt;&gt;</a>&nbsp;&nbsp;&nbsp;proto_send_response
<LI><a href="#[8a]">&gt;&gt;</a>&nbsp;&nbsp;&nbsp;proto_send_nrc
</UL>
<BR>[Called By]<UL><LI><a href="#[99]">&gt;&gt;</a>&nbsp;&nbsp;&nbsp;uds_process_message
</UL>

<P><STRONG><a name="[96]"></a>handle_write_data_by_id</STRONG> (Thumb, 192 bytes, Stack size 24 bytes, can_protocol.o(.text.handle_write_data_by_id))
<BR><BR>[Stack]<UL><LI>Max Depth = 408<LI>Call Chain = handle_write_data_by_id &rArr; proto_send_nrc &rArr; proto_send_response &rArr; isotp_tx_send &rArr; isotp_wait_cts &rArr; isotp_rx_process &rArr; isotp_send_fc &rArr; isotp_can_send &rArr; can_driver_send &rArr; can_txbuf_write
</UL>
<BR>[Calls]<UL><LI><a href="#[8c]">&gt;&gt;</a>&nbsp;&nbsp;&nbsp;proto_send_response
<LI><a href="#[8a]">&gt;&gt;</a>&nbsp;&nbsp;&nbsp;proto_send_nrc
</UL>
<BR>[Called By]<UL><LI><a href="#[99]">&gt;&gt;</a>&nbsp;&nbsp;&nbsp;uds_process_message
</UL>

<P><STRONG><a name="[94]"></a>handle_security_access</STRONG> (Thumb, 22 bytes, Stack size 16 bytes, can_protocol.o(.text.handle_security_access))
<BR><BR>[Stack]<UL><LI>Max Depth = 400<LI>Call Chain = handle_security_access &rArr; proto_send_nrc &rArr; proto_send_response &rArr; isotp_tx_send &rArr; isotp_wait_cts &rArr; isotp_rx_process &rArr; isotp_send_fc &rArr; isotp_can_send &rArr; can_driver_send &rArr; can_txbuf_write
</UL>
<BR>[Calls]<UL><LI><a href="#[8a]">&gt;&gt;</a>&nbsp;&nbsp;&nbsp;proto_send_nrc
</UL>
<BR>[Called By]<UL><LI><a href="#[99]">&gt;&gt;</a>&nbsp;&nbsp;&nbsp;uds_process_message
</UL>

<P><STRONG><a name="[93]"></a>handle_routine_control</STRONG> (Thumb, 22 bytes, Stack size 16 bytes, can_protocol.o(.text.handle_routine_control))
<BR><BR>[Stack]<UL><LI>Max Depth = 400<LI>Call Chain = handle_routine_control &rArr; proto_send_nrc &rArr; proto_send_response &rArr; isotp_tx_send &rArr; isotp_wait_cts &rArr; isotp_rx_process &rArr; isotp_send_fc &rArr; isotp_can_send &rArr; can_driver_send &rArr; can_txbuf_write
</UL>
<BR>[Calls]<UL><LI><a href="#[8a]">&gt;&gt;</a>&nbsp;&nbsp;&nbsp;proto_send_nrc
</UL>
<BR>[Called By]<UL><LI><a href="#[99]">&gt;&gt;</a>&nbsp;&nbsp;&nbsp;uds_process_message
</UL>

<P><STRONG><a name="[8a]"></a>proto_send_nrc</STRONG> (Thumb, 48 bytes, Stack size 16 bytes, can_protocol.o(.text.proto_send_nrc))
<BR><BR>[Stack]<UL><LI>Max Depth = 384<LI>Call Chain = proto_send_nrc &rArr; proto_send_response &rArr; isotp_tx_send &rArr; isotp_wait_cts &rArr; isotp_rx_process &rArr; isotp_send_fc &rArr; isotp_can_send &rArr; can_driver_send &rArr; can_txbuf_write
</UL>
<BR>[Calls]<UL><LI><a href="#[8c]">&gt;&gt;</a>&nbsp;&nbsp;&nbsp;proto_send_response
</UL>
<BR>[Called By]<UL><LI><a href="#[93]">&gt;&gt;</a>&nbsp;&nbsp;&nbsp;handle_routine_control
<LI><a href="#[94]">&gt;&gt;</a>&nbsp;&nbsp;&nbsp;handle_security_access
<LI><a href="#[96]">&gt;&gt;</a>&nbsp;&nbsp;&nbsp;handle_write_data_by_id
<LI><a href="#[90]">&gt;&gt;</a>&nbsp;&nbsp;&nbsp;handle_read_data_by_id
<LI><a href="#[8d]">&gt;&gt;</a>&nbsp;&nbsp;&nbsp;handle_ecu_reset
<LI><a href="#[89]">&gt;&gt;</a>&nbsp;&nbsp;&nbsp;handle_diag_session_ctrl
<LI><a href="#[99]">&gt;&gt;</a>&nbsp;&nbsp;&nbsp;uds_process_message
</UL>

<P><STRONG><a name="[95]"></a>handle_tester_present</STRONG> (Thumb, 116 bytes, Stack size 24 bytes, can_protocol.o(.text.handle_tester_present))
<BR><BR>[Stack]<UL><LI>Max Depth = 392<LI>Call Chain = handle_tester_present &rArr; proto_send_response &rArr; isotp_tx_send &rArr; isotp_wait_cts &rArr; isotp_rx_process &rArr; isotp_send_fc &rArr; isotp_can_send &rArr; can_driver_send &rArr; can_txbuf_write
</UL>
<BR>[Calls]<UL><LI><a href="#[6d]">&gt;&gt;</a>&nbsp;&nbsp;&nbsp;timer_get_tick
<LI><a href="#[8c]">&gt;&gt;</a>&nbsp;&nbsp;&nbsp;proto_send_response
</UL>
<BR>[Called By]<UL><LI><a href="#[99]">&gt;&gt;</a>&nbsp;&nbsp;&nbsp;uds_process_message
</UL>

<P><STRONG><a name="[8b]"></a>session_switch</STRONG> (Thumb, 110 bytes, Stack size 16 bytes, can_protocol.o(.text.session_switch))
<BR><BR>[Stack]<UL><LI>Max Depth = 16<LI>Call Chain = session_switch
</UL>
<BR>[Calls]<UL><LI><a href="#[74]">&gt;&gt;</a>&nbsp;&nbsp;&nbsp;session_reset_to_default
</UL>
<BR>[Called By]<UL><LI><a href="#[89]">&gt;&gt;</a>&nbsp;&nbsp;&nbsp;handle_diag_session_ctrl
</UL>

<P><STRONG><a name="[8c]"></a>proto_send_response</STRONG> (Thumb, 32 bytes, Stack size 16 bytes, can_protocol.o(.text.proto_send_response))
<BR><BR>[Stack]<UL><LI>Max Depth = 368<LI>Call Chain = proto_send_response &rArr; isotp_tx_send &rArr; isotp_wait_cts &rArr; isotp_rx_process &rArr; isotp_send_fc &rArr; isotp_can_send &rArr; can_driver_send &rArr; can_txbuf_write
</UL>
<BR>[Calls]<UL><LI><a href="#[9b]">&gt;&gt;</a>&nbsp;&nbsp;&nbsp;isotp_tx_send
</UL>
<BR>[Called By]<UL><LI><a href="#[95]">&gt;&gt;</a>&nbsp;&nbsp;&nbsp;handle_tester_present
<LI><a href="#[8a]">&gt;&gt;</a>&nbsp;&nbsp;&nbsp;proto_send_nrc
<LI><a href="#[96]">&gt;&gt;</a>&nbsp;&nbsp;&nbsp;handle_write_data_by_id
<LI><a href="#[90]">&gt;&gt;</a>&nbsp;&nbsp;&nbsp;handle_read_data_by_id
<LI><a href="#[8d]">&gt;&gt;</a>&nbsp;&nbsp;&nbsp;handle_ecu_reset
<LI><a href="#[89]">&gt;&gt;</a>&nbsp;&nbsp;&nbsp;handle_diag_session_ctrl
</UL>

<P><STRONG><a name="[8f]"></a>__NVIC_SystemReset</STRONG> (Thumb, 38 bytes, Stack size 0 bytes, can_protocol.o(.text.__NVIC_SystemReset))
<BR><BR>[Called By]<UL><LI><a href="#[8d]">&gt;&gt;</a>&nbsp;&nbsp;&nbsp;handle_ecu_reset
</UL>

<P><STRONG><a name="[91]"></a>str_copy_to_resp</STRONG> (Thumb, 100 bytes, Stack size 16 bytes, can_protocol.o(.text.str_copy_to_resp))
<BR><BR>[Stack]<UL><LI>Max Depth = 16<LI>Call Chain = str_copy_to_resp
</UL>
<BR>[Called By]<UL><LI><a href="#[90]">&gt;&gt;</a>&nbsp;&nbsp;&nbsp;handle_read_data_by_id
</UL>

<P><STRONG><a name="[b3]"></a>meta_validate</STRONG> (Thumb, 104 bytes, Stack size 24 bytes, ota_trigger.o(.text.meta_validate))
<BR><BR>[Stack]<UL><LI>Max Depth = 52<LI>Call Chain = meta_validate &rArr; ota_crc32
</UL>
<BR>[Calls]<UL><LI><a href="#[b4]">&gt;&gt;</a>&nbsp;&nbsp;&nbsp;ota_crc32
</UL>
<BR>[Called By]<UL><LI><a href="#[92]">&gt;&gt;</a>&nbsp;&nbsp;&nbsp;ota_metadata_read
</UL>

<P><STRONG><a name="[b1]"></a>meta_fill_defaults</STRONG> (Thumb, 110 bytes, Stack size 16 bytes, ota_trigger.o(.text.meta_fill_defaults))
<BR><BR>[Stack]<UL><LI>Max Depth = 16 + Unknown Stack Size
<LI>Call Chain = meta_fill_defaults
</UL>
<BR>[Calls]<UL><LI><a href="#[b2]">&gt;&gt;</a>&nbsp;&nbsp;&nbsp;__aeabi_memclr
</UL>
<BR>[Called By]<UL><LI><a href="#[92]">&gt;&gt;</a>&nbsp;&nbsp;&nbsp;ota_metadata_read
</UL>

<P><STRONG><a name="[b5]"></a>meta_write_to_flash</STRONG> (Thumb, 142 bytes, Stack size 40 bytes, ota_trigger.o(.text.meta_write_to_flash))
<BR><BR>[Stack]<UL><LI>Max Depth = 92<LI>Call Chain = meta_write_to_flash &rArr; flash_word_program &rArr; flash_operation_wait_for &rArr; flash_operation_status_get
</UL>
<BR>[Calls]<UL><LI><a href="#[88]">&gt;&gt;</a>&nbsp;&nbsp;&nbsp;flash_word_program
<LI><a href="#[87]">&gt;&gt;</a>&nbsp;&nbsp;&nbsp;flash_sector_erase
<LI><a href="#[b7]">&gt;&gt;</a>&nbsp;&nbsp;&nbsp;flash_lock
<LI><a href="#[b6]">&gt;&gt;</a>&nbsp;&nbsp;&nbsp;flash_unlock
</UL>
<BR>[Called By]<UL><LI><a href="#[be]">&gt;&gt;</a>&nbsp;&nbsp;&nbsp;ota_metadata_save
</UL>

<P><STRONG><a name="[bd]"></a>ota_confirm_trial</STRONG> (Thumb, 90 bytes, Stack size 288 bytes, ota_trigger.o(.text.ota_confirm_trial))
<BR><BR>[Stack]<UL><LI>Max Depth = 676 + Unknown Stack Size
<LI>Call Chain = ota_confirm_trial &rArr; ota_metadata_save &rArr; meta_write_to_flash &rArr; flash_word_program &rArr; flash_operation_wait_for &rArr; flash_operation_status_get
</UL>
<BR>[Calls]<UL><LI><a href="#[be]">&gt;&gt;</a>&nbsp;&nbsp;&nbsp;ota_metadata_save
<LI><a href="#[92]">&gt;&gt;</a>&nbsp;&nbsp;&nbsp;ota_metadata_read
</UL>
<BR>[Called By]<UL><LI><a href="#[b0]">&gt;&gt;</a>&nbsp;&nbsp;&nbsp;ota_trial_poll
</UL>

<P><STRONG><a name="[4b]"></a>SysTick_Config</STRONG> (Thumb, 82 bytes, Stack size 16 bytes, timer_drv.o(.text.SysTick_Config))
<BR><BR>[Stack]<UL><LI>Max Depth = 24<LI>Call Chain = SysTick_Config &rArr; __NVIC_SetPriority
</UL>
<BR>[Calls]<UL><LI><a href="#[4c]">&gt;&gt;</a>&nbsp;&nbsp;&nbsp;__NVIC_SetPriority
</UL>
<BR>[Called By]<UL><LI><a href="#[a8]">&gt;&gt;</a>&nbsp;&nbsp;&nbsp;timer_drv_init
</UL>

<P><STRONG><a name="[4c]"></a>__NVIC_SetPriority</STRONG> (Thumb, 66 bytes, Stack size 8 bytes, timer_drv.o(.text.__NVIC_SetPriority))
<BR><BR>[Stack]<UL><LI>Max Depth = 8<LI>Call Chain = __NVIC_SetPriority
</UL>
<BR>[Called By]<UL><LI><a href="#[4b]">&gt;&gt;</a>&nbsp;&nbsp;&nbsp;SysTick_Config
</UL>

<P><STRONG><a name="[83]"></a>debug_uart_putc</STRONG> (Thumb, 96 bytes, Stack size 24 bytes, debug_uart.o(.text.debug_uart_putc))
<BR><BR>[Stack]<UL><LI>Max Depth = 36<LI>Call Chain = debug_uart_putc &rArr; usart_flag_get
</UL>
<BR>[Calls]<UL><LI><a href="#[4e]">&gt;&gt;</a>&nbsp;&nbsp;&nbsp;usart_flag_get
<LI><a href="#[84]">&gt;&gt;</a>&nbsp;&nbsp;&nbsp;usart_data_transmit
</UL>
<BR>[Called By]<UL><LI><a href="#[82]">&gt;&gt;</a>&nbsp;&nbsp;&nbsp;debug_uart_poll
<LI><a href="#[4a]">&gt;&gt;</a>&nbsp;&nbsp;&nbsp;debug_uart_puts
</UL>

<P><STRONG><a name="[9a]"></a>isotp_send_fc</STRONG> (Thumb, 106 bytes, Stack size 24 bytes, isotp.o(.text.isotp_send_fc))
<BR><BR>[Stack]<UL><LI>Max Depth = 224<LI>Call Chain = isotp_send_fc &rArr; isotp_can_send &rArr; can_driver_send &rArr; can_txbuf_write
</UL>
<BR>[Calls]<UL><LI><a href="#[97]">&gt;&gt;</a>&nbsp;&nbsp;&nbsp;isotp_can_send
</UL>
<BR>[Called By]<UL><LI><a href="#[75]">&gt;&gt;</a>&nbsp;&nbsp;&nbsp;isotp_rx_process
</UL>

<P><STRONG><a name="[97]"></a>isotp_can_send</STRONG> (Thumb, 82 bytes, Stack size 32 bytes, isotp.o(.text.isotp_can_send))
<BR><BR>[Stack]<UL><LI>Max Depth = 200<LI>Call Chain = isotp_can_send &rArr; can_driver_send &rArr; can_txbuf_write
</UL>
<BR>[Calls]<UL><LI><a href="#[67]">&gt;&gt;</a>&nbsp;&nbsp;&nbsp;can_driver_send
<LI><a href="#[6d]">&gt;&gt;</a>&nbsp;&nbsp;&nbsp;timer_get_tick
<LI><a href="#[6e]">&gt;&gt;</a>&nbsp;&nbsp;&nbsp;wdg_drv_refresh
</UL>
<BR>[Called By]<UL><LI><a href="#[9a]">&gt;&gt;</a>&nbsp;&nbsp;&nbsp;isotp_send_fc
<LI><a href="#[9b]">&gt;&gt;</a>&nbsp;&nbsp;&nbsp;isotp_tx_send
</UL>

<P><STRONG><a name="[9c]"></a>isotp_wait_cts</STRONG> (Thumb, 236 bytes, Stack size 40 bytes, isotp.o(.text.isotp_wait_cts))
<BR><BR>[Stack]<UL><LI>Max Depth = 304<LI>Call Chain = isotp_wait_cts &rArr; isotp_rx_process &rArr; isotp_send_fc &rArr; isotp_can_send &rArr; can_driver_send &rArr; can_txbuf_write
</UL>
<BR>[Calls]<UL><LI><a href="#[9e]">&gt;&gt;</a>&nbsp;&nbsp;&nbsp;can_driver_recv
<LI><a href="#[9f]">&gt;&gt;</a>&nbsp;&nbsp;&nbsp;isotp_stash_frame
<LI><a href="#[75]">&gt;&gt;</a>&nbsp;&nbsp;&nbsp;isotp_rx_process
<LI><a href="#[6d]">&gt;&gt;</a>&nbsp;&nbsp;&nbsp;timer_get_tick
<LI><a href="#[6e]">&gt;&gt;</a>&nbsp;&nbsp;&nbsp;wdg_drv_refresh
</UL>
<BR>[Called By]<UL><LI><a href="#[9b]">&gt;&gt;</a>&nbsp;&nbsp;&nbsp;isotp_tx_send
</UL>

<P><STRONG><a name="[9d]"></a>isotp_stmin_to_ms</STRONG> (Thumb, 62 bytes, Stack size 8 bytes, isotp.o(.text.isotp_stmin_to_ms))
<BR><BR>[Stack]<UL><LI>Max Depth = 8<LI>Call Chain = isotp_stmin_to_ms
</UL>
<BR>[Called By]<UL><LI><a href="#[9b]">&gt;&gt;</a>&nbsp;&nbsp;&nbsp;isotp_tx_send
</UL>

<P><STRONG><a name="[98]"></a>isotp_delay_ms</STRONG> (Thumb, 48 bytes, Stack size 16 bytes, isotp.o(.text.isotp_delay_ms))
<BR><BR>[Stack]<UL><LI>Max Depth = 24<LI>Call Chain = isotp_delay_ms &rArr; wdg_drv_refresh
</UL>
<BR>[Calls]<UL><LI><a href="#[6d]">&gt;&gt;</a>&nbsp;&nbsp;&nbsp;timer_get_tick
<LI><a href="#[6e]">&gt;&gt;</a>&nbsp;&nbsp;&nbsp;wdg_drv_refresh
</UL>
<BR>[Called By]<UL><LI><a href="#[9b]">&gt;&gt;</a>&nbsp;&nbsp;&nbsp;isotp_tx_send
</UL>

<P><STRONG><a name="[9f]"></a>isotp_stash_frame</STRONG> (Thumb, 138 bytes, Stack size 8 bytes, isotp.o(.text.isotp_stash_frame))
<BR><BR>[Stack]<UL><LI>Max Depth = 8<LI>Call Chain = isotp_stash_frame
</UL>
<BR>[Called By]<UL><LI><a href="#[9c]">&gt;&gt;</a>&nbsp;&nbsp;&nbsp;isotp_wait_cts
</UL>

<P><STRONG><a name="[2f]"></a>lifecycle_on_busoff_recovery</STRONG> (Thumb, 34 bytes, Stack size 8 bytes, lifecycle.o(.text.lifecycle_on_busoff_recovery))
<BR><BR>[Stack]<UL><LI>Max Depth = 200<LI>Call Chain = lifecycle_on_busoff_recovery &rArr; lifecycle_send &rArr; can_driver_send &rArr; can_txbuf_write
</UL>
<BR>[Calls]<UL><LI><a href="#[a2]">&gt;&gt;</a>&nbsp;&nbsp;&nbsp;lifecycle_send
<LI><a href="#[6d]">&gt;&gt;</a>&nbsp;&nbsp;&nbsp;timer_get_tick
</UL>
<BR>[Address Reference Count : 1]<UL><LI> lifecycle.o(.text.lifecycle_init)
</UL>
<P><STRONG><a name="[a2]"></a>lifecycle_send</STRONG> (Thumb, 42 bytes, Stack size 24 bytes, lifecycle.o(.text.lifecycle_send))
<BR><BR>[Stack]<UL><LI>Max Depth = 192<LI>Call Chain = lifecycle_send &rArr; can_driver_send &rArr; can_txbuf_write
</UL>
<BR>[Calls]<UL><LI><a href="#[67]">&gt;&gt;</a>&nbsp;&nbsp;&nbsp;can_driver_send
</UL>
<BR>[Called By]<UL><LI><a href="#[2f]">&gt;&gt;</a>&nbsp;&nbsp;&nbsp;lifecycle_on_busoff_recovery
<LI><a href="#[a3]">&gt;&gt;</a>&nbsp;&nbsp;&nbsp;lifecycle_poll
<LI><a href="#[a5]">&gt;&gt;</a>&nbsp;&nbsp;&nbsp;lifecycle_set_state
<LI><a href="#[a0]">&gt;&gt;</a>&nbsp;&nbsp;&nbsp;lifecycle_init
</UL>

<P><STRONG><a name="[a4]"></a>lifecycle_is_periodic</STRONG> (Thumb, 46 bytes, Stack size 8 bytes, lifecycle.o(.text.lifecycle_is_periodic))
<BR><BR>[Stack]<UL><LI>Max Depth = 8<LI>Call Chain = lifecycle_is_periodic
</UL>
<BR>[Called By]<UL><LI><a href="#[a3]">&gt;&gt;</a>&nbsp;&nbsp;&nbsp;lifecycle_poll
</UL>

<P><STRONG><a name="[65]"></a>rx_fifo_is_full</STRONG> (Thumb, 20 bytes, Stack size 0 bytes, can_driver.o(.text.rx_fifo_is_full))
<BR><BR>[Called By]<UL><LI><a href="#[49]">&gt;&gt;</a>&nbsp;&nbsp;&nbsp;can_driver_rx_irq_handler
</UL>
<P>
<H3>
Undefined Global Symbols
</H3><HR></body></html>
